Archive member included because of file (symbol)

.\CortexM3\ARM_GCC_493\Debug\FreeRTOS_Demo.a(cyfitter_cfg.o)
                              .\CortexM3\ARM_GCC_493\Debug\Cm3Start.o (cyfitter_cfg)
.\CortexM3\ARM_GCC_493\Debug\FreeRTOS_Demo.a(UART_1.o)
                              .\CortexM3\ARM_GCC_493\Debug\main.o (UART_1_Start)
.\CortexM3\ARM_GCC_493\Debug\FreeRTOS_Demo.a(UART_1_INT.o)
                              .\CortexM3\ARM_GCC_493\Debug\FreeRTOS_Demo.a(UART_1.o) (UART_1_RXISR)
.\CortexM3\ARM_GCC_493\Debug\FreeRTOS_Demo.a(isr_UART1_TX_BYTE_COMPLETE.o)
                              .\CortexM3\ARM_GCC_493\Debug\Serial.o (isr_UART1_TX_BYTE_COMPLETE_StartEx)
.\CortexM3\ARM_GCC_493\Debug\FreeRTOS_Demo.a(isr_UART1_RX_BYTE_RECEIVED.o)
                              .\CortexM3\ARM_GCC_493\Debug\Serial.o (isr_UART1_RX_BYTE_RECEIVED_StartEx)
.\CortexM3\ARM_GCC_493\Debug\FreeRTOS_Demo.a(UART_1_IntClock.o)
                              .\CortexM3\ARM_GCC_493\Debug\FreeRTOS_Demo.a(UART_1.o) (UART_1_IntClock_Start)
.\CortexM3\ARM_GCC_493\Debug\FreeRTOS_Demo.a(CyLib.o)
                              .\CortexM3\ARM_GCC_493\Debug\Cm3Start.o (CyResetStatus)
.\CortexM3\ARM_GCC_493\Debug\FreeRTOS_Demo.a(cyPm.o)
                              .\CortexM3\ARM_GCC_493\Debug\FreeRTOS_Demo.a(CyLib.o) (CyPmReadStatus)
.\CortexM3\ARM_GCC_493\Debug\FreeRTOS_Demo.a(PWM_M1.o)
                              .\CortexM3\ARM_GCC_493\Debug\main.o (PWM_M1_Start)
.\CortexM3\ARM_GCC_493\Debug\FreeRTOS_Demo.a(MClock.o)
                              .\CortexM3\ARM_GCC_493\Debug\main.o (MClock_Start)
.\CortexM3\ARM_GCC_493\Debug\FreeRTOS_Demo.a(M1_FWD.o)
                              .\CortexM3\ARM_GCC_493\Debug\movement.o (M1_FWD_Write)
.\CortexM3\ARM_GCC_493\Debug\FreeRTOS_Demo.a(M1_BWD.o)
                              .\CortexM3\ARM_GCC_493\Debug\movement.o (M1_BWD_Write)
.\CortexM3\ARM_GCC_493\Debug\FreeRTOS_Demo.a(PWM_M2.o)
                              .\CortexM3\ARM_GCC_493\Debug\main.o (PWM_M2_Start)
.\CortexM3\ARM_GCC_493\Debug\FreeRTOS_Demo.a(M2_FWD.o)
                              .\CortexM3\ARM_GCC_493\Debug\movement.o (M2_FWD_Write)
.\CortexM3\ARM_GCC_493\Debug\FreeRTOS_Demo.a(M2_BWD.o)
                              .\CortexM3\ARM_GCC_493\Debug\movement.o (M2_BWD_Write)
.\CortexM3\ARM_GCC_493\Debug\FreeRTOS_Demo.a(Standby.o)
                              .\CortexM3\ARM_GCC_493\Debug\movement.o (Standby_Write)
.\CortexM3\ARM_GCC_493\Debug\FreeRTOS_Demo.a(M1QuadDec.o)
                              .\CortexM3\ARM_GCC_493\Debug\main.o (M1QuadDec_Enable)
.\CortexM3\ARM_GCC_493\Debug\FreeRTOS_Demo.a(M1QuadDec_INT.o)
                              .\CortexM3\ARM_GCC_493\Debug\FreeRTOS_Demo.a(M1QuadDec.o) (M1QuadDec_count32SoftPart)
.\CortexM3\ARM_GCC_493\Debug\FreeRTOS_Demo.a(M1Clock.o)
                              .\CortexM3\ARM_GCC_493\Debug\main.o (M1Clock_Start)
.\CortexM3\ARM_GCC_493\Debug\FreeRTOS_Demo.a(M2QuadDec.o)
                              .\CortexM3\ARM_GCC_493\Debug\main.o (M2QuadDec_Enable)
.\CortexM3\ARM_GCC_493\Debug\FreeRTOS_Demo.a(M2QuadDec_INT.o)
                              .\CortexM3\ARM_GCC_493\Debug\FreeRTOS_Demo.a(M2QuadDec.o) (M2QuadDec_count32SoftPart)
.\CortexM3\ARM_GCC_493\Debug\FreeRTOS_Demo.a(M1QuadDec_Cnt16.o)
                              .\CortexM3\ARM_GCC_493\Debug\FreeRTOS_Demo.a(M1QuadDec.o) (M1QuadDec_Cnt16_WriteCounter)
.\CortexM3\ARM_GCC_493\Debug\FreeRTOS_Demo.a(M2QuadDec_Cnt16.o)
                              .\CortexM3\ARM_GCC_493\Debug\FreeRTOS_Demo.a(M2QuadDec.o) (M2QuadDec_Cnt16_WriteCounter)
.\CortexM3\ARM_GCC_493\Debug\FreeRTOS_Demo.a(Timer_1.o)
                              .\CortexM3\ARM_GCC_493\Debug\main.o (Timer_1_Start)
.\CortexM3\ARM_GCC_493\Debug\FreeRTOS_Demo.a(LED.o)
                              .\CortexM3\ARM_GCC_493\Debug\main.o (LED_Write)
.\CortexM3\ARM_GCC_493\Debug\FreeRTOS_Demo.a(CyBootAsmGnu.o)
                              .\CortexM3\ARM_GCC_493\Debug\FreeRTOS_Demo.a(cyfitter_cfg.o) (CyDelayCycles)
.\CortexM3\ARM_GCC_493\Debug\FreeRTOS_Demo.a(CyFlash.o)
                              .\CortexM3\ARM_GCC_493\Debug\FreeRTOS_Demo.a(cyPm.o) (CyFlash_SetWaitCycles)
.\CortexM3\ARM_GCC_493\Debug\FreeRTOS_Demo.a(CySpc.o)
                              .\CortexM3\ARM_GCC_493\Debug\FreeRTOS_Demo.a(CyFlash.o) (CySpcStart)
c:/program files (x86)/cypress/psoc creator/4.0/psoc creator/import/gnu/arm/4.9.3/bin/../lib/gcc/arm-none-eabi/4.9.3/armv7-m\libgcc.a(_arm_addsubdf3.o)
                              .\CortexM3\ARM_GCC_493\Debug\movement.o (__aeabi_dadd)
c:/program files (x86)/cypress/psoc creator/4.0/psoc creator/import/gnu/arm/4.9.3/bin/../lib/gcc/arm-none-eabi/4.9.3/armv7-m\libgcc.a(_arm_muldivdf3.o)
                              .\CortexM3\ARM_GCC_493\Debug\movement.o (__aeabi_dmul)
c:/program files (x86)/cypress/psoc creator/4.0/psoc creator/import/gnu/arm/4.9.3/bin/../lib/gcc/arm-none-eabi/4.9.3/armv7-m\libgcc.a(_arm_fixdfsi.o)
[...]
Memory Configuration

Name             Origin             Length             Attributes
rom              0x00000000         0x00040000         xr
ram              0x1fff8000         0x00010000         xrw
*default*        0x00000000         0xffffffff

Linker script and memory map

LOAD c:/program files (x86)/cypress/psoc creator/4.0/psoc creator/import/gnu/arm/4.9.3/bin/../lib/gcc/arm-none-eabi/4.9.3/armv7-m/crti.o
LOAD c:/program files (x86)/cypress/psoc creator/4.0/psoc creator/import/gnu/arm/4.9.3/bin/../lib/gcc/arm-none-eabi/4.9.3/armv7-m/crtbegin.o
LOAD c:/program files (x86)/cypress/psoc creator/4.0/psoc creator/import/gnu/arm/4.9.3/bin/../lib/gcc/arm-none-eabi/4.9.3/../../../../arm-none-eabi/lib/armv7-m/crt0.o
START GROUP
LOAD .\CortexM3\ARM_GCC_493\Debug\croutine.o
LOAD .\CortexM3\ARM_GCC_493\Debug\list.o
LOAD .\CortexM3\ARM_GCC_493\Debug\queue.o
LOAD .\CortexM3\ARM_GCC_493\Debug\tasks.o
LOAD .\CortexM3\ARM_GCC_493\Debug\port.o
LOAD .\CortexM3\ARM_GCC_493\Debug\heap_2.o
LOAD .\CortexM3\ARM_GCC_493\Debug\IntQueueTimer.o
LOAD .\CortexM3\ARM_GCC_493\Debug\main.o
LOAD .\CortexM3\ARM_GCC_493\Debug\Serial.o
LOAD .\CortexM3\ARM_GCC_493\Debug\movement.o
LOAD .\CortexM3\ARM_GCC_493\Debug\comtest.o
LOAD .\CortexM3\ARM_GCC_493\Debug\cymetadata.o
LOAD .\CortexM3\ARM_GCC_493\Debug\Cm3Start.o
LOAD .\CortexM3\ARM_GCC_493\Debug\FreeRTOS_Demo.a
LOAD C:\Program Files (x86)\Cypress\PSoC Creator\4.0\PSoC Creator\psoc\content\cycomponentlibrary\CyComponentLibrary.cylib\CortexM3\ARM_GCC_493\Debug\CyComponentLibrary.a
END GROUP
START GROUP
LOAD c:/program files (x86)/cypress/psoc creator/4.0/psoc creator/import/gnu/arm/4.9.3/bin/../lib/gcc/arm-none-eabi/4.9.3/armv7-m\libgcc.a
LOAD c:/program files (x86)/cypress/psoc creator/4.0/psoc creator/import/gnu/arm/4.9.3/bin/../lib/gcc/arm-none-eabi/4.9.3/../../../../arm-none-eabi/lib/armv7-m\libg_nano.a
LOAD c:/program files (x86)/cypress/psoc creator/4.0/psoc creator/import/gnu/arm/4.9.3/bin/../lib/gcc/arm-none-eabi/4.9.3/../../../../arm-none-eabi/lib/armv7-m\libc_nano.a
END GROUP
START GROUP
LOAD c:/program files (x86)/cypress/psoc creator/4.0/psoc creator/import/gnu/arm/4.9.3/bin/../lib/gcc/arm-none-eabi/4.9.3/armv7-m\libgcc.a
LOAD c:/program files (x86)/cypress/psoc creator/4.0/psoc creator/import/gnu/arm/4.9.3/bin/../lib/gcc/arm-none-eabi/4.9.3/../../../../arm-none-eabi/lib/armv7-m\libc_nano.a
END GROUP
LOAD c:/program files (x86)/cypress/psoc creator/4.0/psoc creator/import/gnu/arm/4.9.3/bin/../lib/gcc/arm-none-eabi/4.9.3/armv7-m/crtend.o
LOAD c:/program files (x86)/cypress/psoc creator/4.0/psoc creator/import/gnu/arm/4.9.3/bin/../lib/gcc/arm-none-eabi/4.9.3/armv7-m/crtn.o
START GROUP
LOAD c:/program files (x86)/cypress/psoc creator/4.0/psoc creator/import/gnu/arm/4.9.3/bin/../lib/gcc/arm-none-eabi/4.9.3/armv7-m\libgcc.a
LOAD c:/program files (x86)/cypress/psoc creator/4.0/psoc creator/import/gnu/arm/4.9.3/bin/../lib/gcc/arm-none-eabi/4.9.3/../../../../arm-none-eabi/lib/armv7-m\libc.a
LOAD c:/program files (x86)/cypress/psoc creator/4.0/psoc creator/import/gnu/arm/4.9.3/bin/../lib/gcc/arm-none-eabi/4.9.3/../../../../arm-none-eabi/lib/armv7-m\libnosys.a
END GROUP
                0x00000000                CY_APPL_ORIGIN = 0x0
                0x00000100                CY_FLASH_ROW_SIZE = 0x100
                0x00000020                CY_ECC_ROW_SIZE = 0x20
                0x00000000                CY_EE_IN_BTLDR = 0x0
                0x00000000                CY_APPL_LOADABLE = 0x0
                0x00000800                CY_EE_SIZE = 0x800
                0x00000001                CY_APPL_NUM = 0x1
                0x00000001                CY_APPL_MAX = 0x1
                0x00000040                CY_METADATA_SIZE = 0x40
                0x00000000                CY_APPL_LOADABLE = 0x0
                0x00000000                CY_CHECKSUM_EXCLUDE_SIZE = ALIGN (0x0, CY_FLASH_ROW_SIZE)
                0x200007a0                PROVIDE (__cy_heap_start, _end)
                0x00000001                PROVIDE (__cy_region_num, ((__cy_regions_end - __cy_regions) / 0x10))
                0x20008000                PROVIDE (__cy_stack, (ORIGIN (ram) + 0x10000))
                0x20007c00                PROVIDE (__cy_heap_end, (__cy_stack - 0x400))

.cybootloader   0x00000000        0x0
 *(.cybootloader)
                0x00000000                appl1_start = CY_APPL_ORIGIN?CY_APPL_ORIGIN:ALIGN (CY_FLASH_ROW_SIZE)
                0x0001ff00                appl2_start = (appl1_start + ALIGN ((((0x40000 - appl1_start) - (0x2 * CY_FLASH_ROW_SIZE)) / 0x2), CY_FLASH_ROW_SIZE))
                0x00000000                appl_start = (CY_APPL_NUM == 0x1)?appl1_start:appl2_start
                0x00000000                ecc_offset = ((appl_start / CY_FLASH_ROW_SIZE) * CY_ECC_ROW_SIZE)
                0x00000000                ee_offset = (CY_APPL_LOADABLE && ! (CY_EE_IN_BTLDR))?((CY_EE_SIZE / CY_APPL_MAX) * (CY_APPL_NUM - 0x1)):0x0
                0x00000800                ee_size = (CY_APPL_LOADABLE && ! (CY_EE_IN_BTLDR))?(CY_EE_SIZE / CY_APPL_MAX):CY_EE_SIZE
                0x00000000                PROVIDE (CY_ECC_OFFSET, ecc_offset)

.text           0x00000000     0x5194
 CREATE_OBJECT_SYMBOLS
                0x00000000                PROVIDE (__cy_interrupt_vector, RomVectors)
 *(.romvectors)
 .romvectors    0x00000000       0x10 .\CortexM3\ARM_GCC_493\Debug\Cm3Start.o
                0x00000000                RomVectors
                0x00000001                ASSERT ((. != __cy_interrupt_vector), No interrupt vector)
                0x00000001                ASSERT (CY_APPL_ORIGIN?(SIZEOF (.cybootloader) <= CY_APPL_ORIGIN):0x1, Wrong image location)
                0x00000010                PROVIDE (__cy_reset, Reset)
 *(.text.Reset)
 .text.Reset    0x00000010       0x18 .\CortexM3\ARM_GCC_493\Debug\Cm3Start.o
                0x00000010                Reset
                0x00000001                ASSERT ((. != __cy_reset), No reset code)
 *(.dma_init)
                0x00000001                ASSERT ((((appl_start + .) <= 0x10000) || 0x1), DMA Init must be within the first 64k of flash)
 *(.text .text.* .gnu.linkonce.t.*)
 .text          0x00000028       0x5c c:/program files (x86)/cypress/psoc creator/4.0/psoc creator/import/gnu/arm/4.9.3/bin/../lib/gcc/arm-none-eabi/4.9.3/armv7-m/crtbegin.o
 .text.vListInitialise
                0x00000084       0x40 .\CortexM3\ARM_GCC_493\Debug\list.o
                0x00000084                vListInitialise
 .text.vListInitialiseItem
                0x000000c4       0x18 .\CortexM3\ARM_GCC_493\Debug\list.o
                0x000000c4                vListInitialiseItem
 .text.vListInsertEnd
                0x000000dc       0x48 .\CortexM3\ARM_GCC_493\Debug\list.o
                0x000000dc                vListInsertEnd
 .text.vListInsert
                0x00000124       0x70 .\CortexM3\ARM_GCC_493\Debug\list.o
                0x00000124                vListInsert
 .text.uxListRemove
                0x00000194       0x54 .\CortexM3\ARM_GCC_493\Debug\list.o
                0x00000194                uxListRemove
 .text.xQueueGenericReset
                0x000001e8       0xb4 .\CortexM3\ARM_GCC_493\Debug\queue.o
                0x000001e8                xQueueGenericReset
 .text.xQueueGenericCreate
                0x0000029c       0x58 .\CortexM3\ARM_GCC_493\Debug\queue.o
                0x0000029c                xQueueGenericCreate
 .text.prvInitialiseNewQueue
                0x000002f4       0x3c .\CortexM3\ARM_GCC_493\Debug\queue.o
 .text.prvInitialiseMutex
                0x00000330       0x34 .\CortexM3\ARM_GCC_493\Debug\queue.o
 .text.xQueueCreateMutex
                0x00000364       0x30 .\CortexM3\ARM_GCC_493\Debug\queue.o
                0x00000364                xQueueCreateMutex
 .text.xQueueGenericSend
                0x00000394      0x15c .\CortexM3\ARM_GCC_493\Debug\queue.o
                0x00000394                xQueueGenericSend
 .text.xQueueGenericSendFromISR
                0x000004f0       0xb4 .\CortexM3\ARM_GCC_493\Debug\queue.o
                0x000004f0                xQueueGenericSendFromISR
 .text.xQueueReceive
                0x000005a4      0x14c .\CortexM3\ARM_GCC_493\Debug\queue.o
                0x000005a4                xQueueReceive
 .text.xQueueSemaphoreTake
                0x000006f0      0x198 .\CortexM3\ARM_GCC_493\Debug\queue.o
                0x000006f0                xQueueSemaphoreTake
 .text.xQueueReceiveFromISR
                0x00000888       0xac .\CortexM3\ARM_GCC_493\Debug\queue.o
                0x00000888                xQueueReceiveFromISR
 .text.prvGetDisinheritPriorityAfterTimeout
                0x00000934       0x30 .\CortexM3\ARM_GCC_493\Debug\queue.o
 .text.prvCopyDataToQueue
                0x00000964       0xd8 .\CortexM3\ARM_GCC_493\Debug\queue.o
 .text.prvCopyDataFromQueue
                0x00000a3c       0x4c .\CortexM3\ARM_GCC_493\Debug\queue.o
 .text.prvUnlockQueue
                0x00000a88       0xa4 .\CortexM3\ARM_GCC_493\Debug\queue.o
 .text.prvIsQueueEmpty
                0x00000b2c       0x2c .\CortexM3\ARM_GCC_493\Debug\queue.o
 .text.prvIsQueueFull
                0x00000b58       0x30 .\CortexM3\ARM_GCC_493\Debug\queue.o
 .text.xTaskCreate
                0x00000b88       0x84 .\CortexM3\ARM_GCC_493\Debug\tasks.o
                0x00000b88                xTaskCreate
 .text.prvInitialiseNewTask
                0x00000c0c       0xec .\CortexM3\ARM_GCC_493\Debug\tasks.o
 .text.prvAddNewTaskToReadyList
                0x00000cf8       0xd8 .\CortexM3\ARM_GCC_493\Debug\tasks.o
 .text.vTaskDelay
                0x00000dd0       0x44 .\CortexM3\ARM_GCC_493\Debug\tasks.o
                0x00000dd0                vTaskDelay
 .text.vTaskStartScheduler
                0x00000e14       0x6c .\CortexM3\ARM_GCC_493\Debug\tasks.o
                0x00000e14                vTaskStartScheduler
 .text.vTaskSuspendAll
                0x00000e80       0x1c .\CortexM3\ARM_GCC_493\Debug\tasks.o
                0x00000e80                vTaskSuspendAll
 .text.xTaskResumeAll
                0x00000e9c      0x120 .\CortexM3\ARM_GCC_493\Debug\tasks.o
                0x00000e9c                xTaskResumeAll
 .text.xTaskIncrementTick
                0x00000fbc      0x154 .\CortexM3\ARM_GCC_493\Debug\tasks.o
                0x00000fbc                xTaskIncrementTick
 .text.vTaskSwitchContext
                0x00001110       0xd4 .\CortexM3\ARM_GCC_493\Debug\tasks.o
                0x00001110                vTaskSwitchContext
 .text.vTaskPlaceOnEventList
                0x000011e4       0x2c .\CortexM3\ARM_GCC_493\Debug\tasks.o
                0x000011e4                vTaskPlaceOnEventList
 .text.xTaskRemoveFromEventList
                0x00001210       0xac .\CortexM3\ARM_GCC_493\Debug\tasks.o
                0x00001210                xTaskRemoveFromEventList
 .text.vTaskInternalSetTimeOutState
                0x000012bc       0x2c .\CortexM3\ARM_GCC_493\Debug\tasks.o
                0x000012bc                vTaskInternalSetTimeOutState
 .text.xTaskCheckForTimeOut
                0x000012e8       0x8c .\CortexM3\ARM_GCC_493\Debug\tasks.o
                0x000012e8                xTaskCheckForTimeOut
 .text.vTaskMissedYield
                0x00001374       0x18 .\CortexM3\ARM_GCC_493\Debug\tasks.o
                0x00001374                vTaskMissedYield
 .text.prvIdleTask
                0x0000138c       0x10 .\CortexM3\ARM_GCC_493\Debug\tasks.o
 .text.prvInitialiseTaskLists
                0x0000139c       0x7c .\CortexM3\ARM_GCC_493\Debug\tasks.o
 .text.prvCheckTasksWaitingTermination
                0x00001418       0x58 .\CortexM3\ARM_GCC_493\Debug\tasks.o
 .text.prvDeleteTCB
                0x00001470       0x20 .\CortexM3\ARM_GCC_493\Debug\tasks.o
 .text.prvResetNextTaskUnblockTime
                0x00001490       0x40 .\CortexM3\ARM_GCC_493\Debug\tasks.o
 .text.xTaskPriorityInherit
                0x000014d0      0x104 .\CortexM3\ARM_GCC_493\Debug\tasks.o
                0x000014d0                xTaskPriorityInherit
 .text.xTaskPriorityDisinherit
                0x000015d4       0xcc .\CortexM3\ARM_GCC_493\Debug\tasks.o
                0x000015d4                xTaskPriorityDisinherit
 .text.vTaskPriorityDisinheritAfterTimeout
                0x000016a0       0xf4 .\CortexM3\ARM_GCC_493\Debug\tasks.o
                0x000016a0                vTaskPriorityDisinheritAfterTimeout
 .text.pvTaskIncrementMutexHeldCount
                0x00001794       0x28 .\CortexM3\ARM_GCC_493\Debug\tasks.o
                0x00001794                pvTaskIncrementMutexHeldCount
 .text.prvAddCurrentTaskToDelayedList
                0x000017bc       0xc8 .\CortexM3\ARM_GCC_493\Debug\tasks.o
 .text.pxPortInitialiseStack
                0x00001884       0x5c .\CortexM3\ARM_GCC_493\Debug\port.o
                0x00001884                pxPortInitialiseStack
 .text.prvTaskExitError
                0x000018e0       0x30 .\CortexM3\ARM_GCC_493\Debug\port.o
 .text.vPortSVCHandler
                0x00001910       0x30 .\CortexM3\ARM_GCC_493\Debug\port.o
                0x00001910                vPortSVCHandler
 .text.prvPortStartFirstTask
                0x00001940       0x20 .\CortexM3\ARM_GCC_493\Debug\port.o
 .text.xPortStartScheduler
                0x00001960       0x40 .\CortexM3\ARM_GCC_493\Debug\port.o
                0x00001960                xPortStartScheduler
 .text.vPortEnterCritical
                0x000019a0       0x30 .\CortexM3\ARM_GCC_493\Debug\port.o
                0x000019a0                vPortEnterCritical
 .text.vPortExitCritical
                0x000019d0       0x30 .\CortexM3\ARM_GCC_493\Debug\port.o
                0x000019d0                vPortExitCritical
 .text.xPortPendSVHandler
                0x00001a00       0x50 .\CortexM3\ARM_GCC_493\Debug\port.o
                0x00001a00                xPortPendSVHandler
 .text.xPortSysTickHandler
                0x00001a50       0x40 .\CortexM3\ARM_GCC_493\Debug\port.o
                0x00001a50                xPortSysTickHandler
 .text.vPortSetupTimerInterrupt
                0x00001a90       0x34 .\CortexM3\ARM_GCC_493\Debug\port.o
                0x00001a90                vPortSetupTimerInterrupt
 .text.pvPortMalloc
                0x00001ac4      0x124 .\CortexM3\ARM_GCC_493\Debug\heap_2.o
                0x00001ac4                pvPortMalloc
 .text.vPortFree
                0x00001be8       0x70 .\CortexM3\ARM_GCC_493\Debug\heap_2.o
                0x00001be8                vPortFree
 .text.prvHeapInit
                0x00001c58       0x50 .\CortexM3\ARM_GCC_493\Debug\heap_2.o
 .text.main     0x00001ca8       0x94 .\CortexM3\ARM_GCC_493\Debug\main.o
                0x00001ca8                main
 .text.receive_data
                0x00001d3c      0x200 .\CortexM3\ARM_GCC_493\Debug\main.o
                0x00001d3c                receive_data
 *fill*         0x00001f3c        0x4 
 .text.PID_initialise
                0x00001f40       0xc0 .\CortexM3\ARM_GCC_493\Debug\main.o
                0x00001f40                PID_initialise
 .text.prvHardwareSetup
                0x00002000       0x68 .\CortexM3\ARM_GCC_493\Debug\main.o
 .text.vApplicationStackOverflowHook
                0x00002068       0x20 .\CortexM3\ARM_GCC_493\Debug\main.o
                0x00002068                vApplicationStackOverflowHook
 .text.vApplicationMallocFailedHook
                0x00002088       0x1c .\CortexM3\ARM_GCC_493\Debug\main.o
                0x00002088                vApplicationMallocFailedHook
 .text.xSerialPortInitMinimal
                0x000020a4       0x74 .\CortexM3\ARM_GCC_493\Debug\Serial.o
                0x000020a4                xSerialPortInitMinimal
 .text.vSerialPutString
                0x00002118       0x50 .\CortexM3\ARM_GCC_493\Debug\Serial.o
                0x00002118                vSerialPutString
 .text.xSerialGetChar
                0x00002168       0x38 .\CortexM3\ARM_GCC_493\Debug\Serial.o
                0x00002168                xSerialGetChar
 .text.xSerialPutChar
                0x000021a0       0x54 .\CortexM3\ARM_GCC_493\Debug\Serial.o
                0x000021a0                xSerialPutChar
 .text.vUartRxISR
                0x000021f4       0x94 .\CortexM3\ARM_GCC_493\Debug\Serial.o
                0x000021f4                vUartRxISR
 .text.vUartTxISR
                0x00002288       0xb0 .\CortexM3\ARM_GCC_493\Debug\Serial.o
                0x00002288                vUartTxISR
 .text.turn_wheel
                0x00002338       0xb4 .\CortexM3\ARM_GCC_493\Debug\movement.o
                0x00002338                turn_wheel
 .text.mov_update_error
                0x000023ec       0xc4 .\CortexM3\ARM_GCC_493\Debug\movement.o
                0x000023ec                mov_update_error
 .text.mov_get_PID
                0x000024b0      0x1cc .\CortexM3\ARM_GCC_493\Debug\movement.o
                0x000024b0                mov_get_PID
 .text.mov_Adj_Volt
                0x0000267c       0x28 .\CortexM3\ARM_GCC_493\Debug\movement.o
                0x0000267c                mov_Adj_Volt
 .text.initialise_wheel_data
                0x000026a4       0x48 .\CortexM3\ARM_GCC_493\Debug\movement.o
                0x000026a4                initialise_wheel_data
 .text.update_inc
                0x000026ec       0xb4 .\CortexM3\ARM_GCC_493\Debug\movement.o
                0x000026ec                update_inc
 .text.update_k
                0x000027a0       0xd8 .\CortexM3\ARM_GCC_493\Debug\movement.o
                0x000027a0                update_k
 .text.IntDefaultHandler
                0x00002878       0x14 .\CortexM3\ARM_GCC_493\Debug\Cm3Start.o
                0x00002878                IntDefaultHandler
 .text._sbrk    0x0000288c       0x50 .\CortexM3\ARM_GCC_493\Debug\Cm3Start.o
                0x0000288c                _sbrk
 .text.Start_c  0x000028dc       0x98 .\CortexM3\ARM_GCC_493\Debug\Cm3Start.o
                0x000028dc                Start_c
 .text.initialize_psoc
                0x00002974       0x8c .\CortexM3\ARM_GCC_493\Debug\Cm3Start.o
                0x00002974                initialize_psoc
 .text.CYMEMZERO
                0x00002a00       0x1c .\CortexM3\ARM_GCC_493\Debug\FreeRTOS_Demo.a(cyfitter_cfg.o)
 .text.CYCONFIGCPY
                0x00002a1c       0x1c .\CortexM3\ARM_GCC_493\Debug\FreeRTOS_Demo.a(cyfitter_cfg.o)
 .text.CyClockStartupError
                0x00002a38        0xc .\CortexM3\ARM_GCC_493\Debug\FreeRTOS_Demo.a(cyfitter_cfg.o)
 .text.cfg_write_bytes32
                0x00002a44       0x74 .\CortexM3\ARM_GCC_493\Debug\FreeRTOS_Demo.a(cyfitter_cfg.o)
 .text.ClockSetup
                0x00002ab8      0x128 .\CortexM3\ARM_GCC_493\Debug\FreeRTOS_Demo.a(cyfitter_cfg.o)
 .text.AnalogSetDefault
                0x00002be0       0x44 .\CortexM3\ARM_GCC_493\Debug\FreeRTOS_Demo.a(cyfitter_cfg.o)
 .text.cyfitter_cfg
                0x00002c24      0x1b4 .\CortexM3\ARM_GCC_493\Debug\FreeRTOS_Demo.a(cyfitter_cfg.o)
                0x00002c24                cyfitter_cfg
 .text.UART_1_Start
                0x00002dd8       0x20 .\CortexM3\ARM_GCC_493\Debug\FreeRTOS_Demo.a(UART_1.o)
                0x00002dd8                UART_1_Start
 .text.UART_1_Init
                0x00002df8       0x58 .\CortexM3\ARM_GCC_493\Debug\FreeRTOS_Demo.a(UART_1.o)
                0x00002df8                UART_1_Init
 .text.UART_1_Enable
                0x00002e50       0x68 .\CortexM3\ARM_GCC_493\Debug\FreeRTOS_Demo.a(UART_1.o)
                0x00002e50                UART_1_Enable
 .text.UART_1_ReadRxStatus
                0x00002eb8       0x40 .\CortexM3\ARM_GCC_493\Debug\FreeRTOS_Demo.a(UART_1.o)
                0x00002eb8                UART_1_ReadRxStatus
 .text.UART_1_GetChar
                0x00002ef8       0xbc .\CortexM3\ARM_GCC_493\Debug\FreeRTOS_Demo.a(UART_1.o)
                0x00002ef8                UART_1_GetChar
 .text.UART_1_SetTxInterruptMode
                0x00002fb4       0x20 .\CortexM3\ARM_GCC_493\Debug\FreeRTOS_Demo.a(UART_1.o)
                0x00002fb4                UART_1_SetTxInterruptMode
 .text.UART_1_ReadTxStatus
                0x00002fd4       0x18 .\CortexM3\ARM_GCC_493\Debug\FreeRTOS_Demo.a(UART_1.o)
                0x00002fd4                UART_1_ReadTxStatus
 .text.UART_1_PutChar
                0x00002fec       0x34 .\CortexM3\ARM_GCC_493\Debug\FreeRTOS_Demo.a(UART_1.o)
                0x00002fec                UART_1_PutChar
 .text.UART_1_RXISR
                0x00003020       0xd8 .\CortexM3\ARM_GCC_493\Debug\FreeRTOS_Demo.a(UART_1_INT.o)
                0x00003020                UART_1_RXISR
 .text.isr_UART1_TX_BYTE_COMPLETE_StartEx
                0x000030f8       0x24 .\CortexM3\ARM_GCC_493\Debug\FreeRTOS_Demo.a(isr_UART1_TX_BYTE_COMPLETE.o)
                0x000030f8                isr_UART1_TX_BYTE_COMPLETE_StartEx
 .text.isr_UART1_TX_BYTE_COMPLETE_SetVector
                0x0000311c       0x24 .\CortexM3\ARM_GCC_493\Debug\FreeRTOS_Demo.a(isr_UART1_TX_BYTE_COMPLETE.o)
                0x0000311c                isr_UART1_TX_BYTE_COMPLETE_SetVector
 .text.isr_UART1_TX_BYTE_COMPLETE_SetPriority
                0x00003140       0x24 .\CortexM3\ARM_GCC_493\Debug\FreeRTOS_Demo.a(isr_UART1_TX_BYTE_COMPLETE.o)
                0x00003140                isr_UART1_TX_BYTE_COMPLETE_SetPriority
 .text.isr_UART1_TX_BYTE_COMPLETE_Enable
                0x00003164       0x18 .\CortexM3\ARM_GCC_493\Debug\FreeRTOS_Demo.a(isr_UART1_TX_BYTE_COMPLETE.o)
                0x00003164                isr_UART1_TX_BYTE_COMPLETE_Enable
 .text.isr_UART1_TX_BYTE_COMPLETE_Disable
                0x0000317c       0x18 .\CortexM3\ARM_GCC_493\Debug\FreeRTOS_Demo.a(isr_UART1_TX_BYTE_COMPLETE.o)
                0x0000317c                isr_UART1_TX_BYTE_COMPLETE_Disable
 .text.isr_UART1_TX_BYTE_COMPLETE_ClearPending
                0x00003194       0x18 .\CortexM3\ARM_GCC_493\Debug\FreeRTOS_Demo.a(isr_UART1_TX_BYTE_COMPLETE.o)
                0x00003194                isr_UART1_TX_BYTE_COMPLETE_ClearPending
 .text.isr_UART1_RX_BYTE_RECEIVED_StartEx
                0x000031ac       0x24 .\CortexM3\ARM_GCC_493\Debug\FreeRTOS_Demo.a(isr_UART1_RX_BYTE_RECEIVED.o)
                0x000031ac                isr_UART1_RX_BYTE_RECEIVED_StartEx
 .text.isr_UART1_RX_BYTE_RECEIVED_SetVector
                0x000031d0       0x24 .\CortexM3\ARM_GCC_493\Debug\FreeRTOS_Demo.a(isr_UART1_RX_BYTE_RECEIVED.o)
                0x000031d0                isr_UART1_RX_BYTE_RECEIVED_SetVector
 .text.isr_UART1_RX_BYTE_RECEIVED_SetPriority
                0x000031f4       0x24 .\CortexM3\ARM_GCC_493\Debug\FreeRTOS_Demo.a(isr_UART1_RX_BYTE_RECEIVED.o)
                0x000031f4                isr_UART1_RX_BYTE_RECEIVED_SetPriority
 .text.isr_UART1_RX_BYTE_RECEIVED_Enable
                0x00003218       0x18 .\CortexM3\ARM_GCC_493\Debug\FreeRTOS_Demo.a(isr_UART1_RX_BYTE_RECEIVED.o)
                0x00003218                isr_UART1_RX_BYTE_RECEIVED_Enable
 .text.isr_UART1_RX_BYTE_RECEIVED_Disable
                0x00003230       0x18 .\CortexM3\ARM_GCC_493\Debug\FreeRTOS_Demo.a(isr_UART1_RX_BYTE_RECEIVED.o)
                0x00003230                isr_UART1_RX_BYTE_RECEIVED_Disable
 .text.isr_UART1_RX_BYTE_RECEIVED_ClearPending
                0x00003248       0x18 .\CortexM3\ARM_GCC_493\Debug\FreeRTOS_Demo.a(isr_UART1_RX_BYTE_RECEIVED.o)
                0x00003248                isr_UART1_RX_BYTE_RECEIVED_ClearPending
 .text.UART_1_IntClock_Start
                0x00003260       0x34 .\CortexM3\ARM_GCC_493\Debug\FreeRTOS_Demo.a(UART_1_IntClock.o)
                0x00003260                UART_1_IntClock_Start
 .text.CyHalt   0x00003294       0x18 .\CortexM3\ARM_GCC_493\Debug\FreeRTOS_Demo.a(CyLib.o)
                0x00003294                CyHalt
 .text.CySoftwareReset
                0x000032ac       0x20 .\CortexM3\ARM_GCC_493\Debug\FreeRTOS_Demo.a(CyLib.o)
                0x000032ac                CySoftwareReset
 .text.CyIntSetVector
                0x000032cc       0x50 .\CortexM3\ARM_GCC_493\Debug\FreeRTOS_Demo.a(CyLib.o)
                0x000032cc                CyIntSetVector
 .text.CyIntSetPriority
                0x0000331c       0x44 .\CortexM3\ARM_GCC_493\Debug\FreeRTOS_Demo.a(CyLib.o)
                0x0000331c                CyIntSetPriority
 .text.PWM_M1_Start
                0x00003360       0x20 .\CortexM3\ARM_GCC_493\Debug\FreeRTOS_Demo.a(PWM_M1.o)
                0x00003360                PWM_M1_Start
 .text.PWM_M1_Init
                0x00003380       0x90 .\CortexM3\ARM_GCC_493\Debug\FreeRTOS_Demo.a(PWM_M1.o)
                0x00003380                PWM_M1_Init
 .text.PWM_M1_Enable
                0x00003410       0x20 .\CortexM3\ARM_GCC_493\Debug\FreeRTOS_Demo.a(PWM_M1.o)
                0x00003410                PWM_M1_Enable
 .text.PWM_M1_WriteCounter
                0x00003430       0x20 .\CortexM3\ARM_GCC_493\Debug\FreeRTOS_Demo.a(PWM_M1.o)
                0x00003430                PWM_M1_WriteCounter
 .text.PWM_M1_ClearFIFO
                0x00003450       0x1c .\CortexM3\ARM_GCC_493\Debug\FreeRTOS_Demo.a(PWM_M1.o)
                0x00003450                PWM_M1_ClearFIFO
 .text.PWM_M1_WritePeriod
                0x0000346c       0x20 .\CortexM3\ARM_GCC_493\Debug\FreeRTOS_Demo.a(PWM_M1.o)
                0x0000346c                PWM_M1_WritePeriod
 .text.PWM_M1_WriteCompare
                0x0000348c       0x20 .\CortexM3\ARM_GCC_493\Debug\FreeRTOS_Demo.a(PWM_M1.o)
                0x0000348c                PWM_M1_WriteCompare
 .text.PWM_M1_SetInterruptMode
                0x000034ac       0x20 .\CortexM3\ARM_GCC_493\Debug\FreeRTOS_Demo.a(PWM_M1.o)
                0x000034ac                PWM_M1_SetInterruptMode
 .text.PWM_M1_ReadStatusRegister
                0x000034cc       0x18 .\CortexM3\ARM_GCC_493\Debug\FreeRTOS_Demo.a(PWM_M1.o)
                0x000034cc                PWM_M1_ReadStatusRegister
 .text.PWM_M1_ReadCapture
                0x000034e4       0x18 .\CortexM3\ARM_GCC_493\Debug\FreeRTOS_Demo.a(PWM_M1.o)
                0x000034e4                PWM_M1_ReadCapture
 .text.MClock_Start
                0x000034fc       0x34 .\CortexM3\ARM_GCC_493\Debug\FreeRTOS_Demo.a(MClock.o)
                0x000034fc                MClock_Start
 .text.M1_FWD_Write
                0x00003530       0x3c .\CortexM3\ARM_GCC_493\Debug\FreeRTOS_Demo.a(M1_FWD.o)
                0x00003530                M1_FWD_Write
 .text.M1_BWD_Write
                0x0000356c       0x3c .\CortexM3\ARM_GCC_493\Debug\FreeRTOS_Demo.a(M1_BWD.o)
                0x0000356c                M1_BWD_Write
 .text.PWM_M2_Start
                0x000035a8       0x20 .\CortexM3\ARM_GCC_493\Debug\FreeRTOS_Demo.a(PWM_M2.o)
                0x000035a8                PWM_M2_Start
 .text.PWM_M2_Init
                0x000035c8       0x90 .\CortexM3\ARM_GCC_493\Debug\FreeRTOS_Demo.a(PWM_M2.o)
                0x000035c8                PWM_M2_Init
 .text.PWM_M2_Enable
                0x00003658       0x20 .\CortexM3\ARM_GCC_493\Debug\FreeRTOS_Demo.a(PWM_M2.o)
                0x00003658                PWM_M2_Enable
 .text.PWM_M2_WriteCounter
                0x00003678       0x20 .\CortexM3\ARM_GCC_493\Debug\FreeRTOS_Demo.a(PWM_M2.o)
                0x00003678                PWM_M2_WriteCounter
 .text.PWM_M2_ClearFIFO
                0x00003698       0x1c .\CortexM3\ARM_GCC_493\Debug\FreeRTOS_Demo.a(PWM_M2.o)
                0x00003698                PWM_M2_ClearFIFO
 .text.PWM_M2_WritePeriod
                0x000036b4       0x20 .\CortexM3\ARM_GCC_493\Debug\FreeRTOS_Demo.a(PWM_M2.o)
                0x000036b4                PWM_M2_WritePeriod
 .text.PWM_M2_WriteCompare
                0x000036d4       0x20 .\CortexM3\ARM_GCC_493\Debug\FreeRTOS_Demo.a(PWM_M2.o)
                0x000036d4                PWM_M2_WriteCompare
 .text.PWM_M2_SetInterruptMode
                0x000036f4       0x20 .\CortexM3\ARM_GCC_493\Debug\FreeRTOS_Demo.a(PWM_M2.o)
                0x000036f4                PWM_M2_SetInterruptMode
 .text.PWM_M2_ReadStatusRegister
                0x00003714       0x18 .\CortexM3\ARM_GCC_493\Debug\FreeRTOS_Demo.a(PWM_M2.o)
                0x00003714                PWM_M2_ReadStatusRegister
 .text.PWM_M2_ReadCapture
                0x0000372c       0x18 .\CortexM3\ARM_GCC_493\Debug\FreeRTOS_Demo.a(PWM_M2.o)
                0x0000372c                PWM_M2_ReadCapture
 .text.M2_FWD_Write
                0x00003744       0x3c .\CortexM3\ARM_GCC_493\Debug\FreeRTOS_Demo.a(M2_FWD.o)
                0x00003744                M2_FWD_Write
 .text.M2_BWD_Write
                0x00003780       0x3c .\CortexM3\ARM_GCC_493\Debug\FreeRTOS_Demo.a(M2_BWD.o)
                0x00003780                M2_BWD_Write
 .text.Standby_Write
                0x000037bc       0x3c .\CortexM3\ARM_GCC_493\Debug\FreeRTOS_Demo.a(Standby.o)
                0x000037bc                Standby_Write
 .text.M1QuadDec_Init
                0x000037f8       0x24 .\CortexM3\ARM_GCC_493\Debug\FreeRTOS_Demo.a(M1QuadDec.o)
                0x000037f8                M1QuadDec_Init
 .text.M1QuadDec_Enable
                0x0000381c       0x44 .\CortexM3\ARM_GCC_493\Debug\FreeRTOS_Demo.a(M1QuadDec.o)
                0x0000381c                M1QuadDec_Enable
 .text.M1QuadDec_Start
                0x00003860       0x38 .\CortexM3\ARM_GCC_493\Debug\FreeRTOS_Demo.a(M1QuadDec.o)
                0x00003860                M1QuadDec_Start
 .text.M1QuadDec_GetCounter
                0x00003898       0x48 .\CortexM3\ARM_GCC_493\Debug\FreeRTOS_Demo.a(M1QuadDec.o)
                0x00003898                M1QuadDec_GetCounter
 .text.M1QuadDec_SetCounter
                0x000038e0       0x34 .\CortexM3\ARM_GCC_493\Debug\FreeRTOS_Demo.a(M1QuadDec.o)
                0x000038e0                M1QuadDec_SetCounter
 .text.M1QuadDec_GetEvents
                0x00003914       0x20 .\CortexM3\ARM_GCC_493\Debug\FreeRTOS_Demo.a(M1QuadDec.o)
                0x00003914                M1QuadDec_GetEvents
 .text.M1QuadDec_SetInterruptMask
                0x00003934       0x28 .\CortexM3\ARM_GCC_493\Debug\FreeRTOS_Demo.a(M1QuadDec.o)
                0x00003934                M1QuadDec_SetInterruptMask
 .text.M1QuadDec_ISR
                0x0000395c       0x60 .\CortexM3\ARM_GCC_493\Debug\FreeRTOS_Demo.a(M1QuadDec_INT.o)
                0x0000395c                M1QuadDec_ISR
 .text.M1Clock_Start
                0x000039bc       0x34 .\CortexM3\ARM_GCC_493\Debug\FreeRTOS_Demo.a(M1Clock.o)
                0x000039bc                M1Clock_Start
 .text.M2QuadDec_Init
                0x000039f0       0x24 .\CortexM3\ARM_GCC_493\Debug\FreeRTOS_Demo.a(M2QuadDec.o)
                0x000039f0                M2QuadDec_Init
 .text.M2QuadDec_Enable
                0x00003a14       0x44 .\CortexM3\ARM_GCC_493\Debug\FreeRTOS_Demo.a(M2QuadDec.o)
                0x00003a14                M2QuadDec_Enable
 .text.M2QuadDec_Start
                0x00003a58       0x38 .\CortexM3\ARM_GCC_493\Debug\FreeRTOS_Demo.a(M2QuadDec.o)
                0x00003a58                M2QuadDec_Start
 .text.M2QuadDec_GetCounter
                0x00003a90       0x48 .\CortexM3\ARM_GCC_493\Debug\FreeRTOS_Demo.a(M2QuadDec.o)
                0x00003a90                M2QuadDec_GetCounter
 .text.M2QuadDec_SetCounter
                0x00003ad8       0x34 .\CortexM3\ARM_GCC_493\Debug\FreeRTOS_Demo.a(M2QuadDec.o)
                0x00003ad8                M2QuadDec_SetCounter
 .text.M2QuadDec_GetEvents
                0x00003b0c       0x20 .\CortexM3\ARM_GCC_493\Debug\FreeRTOS_Demo.a(M2QuadDec.o)
                0x00003b0c                M2QuadDec_GetEvents
 .text.M2QuadDec_SetInterruptMask
                0x00003b2c       0x28 .\CortexM3\ARM_GCC_493\Debug\FreeRTOS_Demo.a(M2QuadDec.o)
                0x00003b2c                M2QuadDec_SetInterruptMask
 .text.M2QuadDec_ISR
                0x00003b54       0x60 .\CortexM3\ARM_GCC_493\Debug\FreeRTOS_Demo.a(M2QuadDec_INT.o)
                0x00003b54                M2QuadDec_ISR
 .text.M1QuadDec_Cnt16_Init
                0x00003bb4       0x80 .\CortexM3\ARM_GCC_493\Debug\FreeRTOS_Demo.a(M1QuadDec_Cnt16.o)
                0x00003bb4                M1QuadDec_Cnt16_Init
 .text.M1QuadDec_Cnt16_Enable
                0x00003c34       0x20 .\CortexM3\ARM_GCC_493\Debug\FreeRTOS_Demo.a(M1QuadDec_Cnt16.o)
                0x00003c34                M1QuadDec_Cnt16_Enable
 .text.M1QuadDec_Cnt16_Start
                0x00003c54       0x20 .\CortexM3\ARM_GCC_493\Debug\FreeRTOS_Demo.a(M1QuadDec_Cnt16.o)
                0x00003c54                M1QuadDec_Cnt16_Start
 .text.M1QuadDec_Cnt16_SetInterruptMode
                0x00003c74       0x20 .\CortexM3\ARM_GCC_493\Debug\FreeRTOS_Demo.a(M1QuadDec_Cnt16.o)
                0x00003c74                M1QuadDec_Cnt16_SetInterruptMode
 .text.M1QuadDec_Cnt16_ReadStatusRegister
                0x00003c94       0x18 .\CortexM3\ARM_GCC_493\Debug\FreeRTOS_Demo.a(M1QuadDec_Cnt16.o)
                0x00003c94                M1QuadDec_Cnt16_ReadStatusRegister
 .text.M1QuadDec_Cnt16_WriteCounter
                0x00003cac       0x20 .\CortexM3\ARM_GCC_493\Debug\FreeRTOS_Demo.a(M1QuadDec_Cnt16.o)
                0x00003cac                M1QuadDec_Cnt16_WriteCounter
 .text.M1QuadDec_Cnt16_ReadCounter
                0x00003ccc       0x20 .\CortexM3\ARM_GCC_493\Debug\FreeRTOS_Demo.a(M1QuadDec_Cnt16.o)
                0x00003ccc                M1QuadDec_Cnt16_ReadCounter
 .text.M1QuadDec_Cnt16_ReadCapture
                0x00003cec       0x18 .\CortexM3\ARM_GCC_493\Debug\FreeRTOS_Demo.a(M1QuadDec_Cnt16.o)
                0x00003cec                M1QuadDec_Cnt16_ReadCapture
 .text.M1QuadDec_Cnt16_WritePeriod
                0x00003d04       0x20 .\CortexM3\ARM_GCC_493\Debug\FreeRTOS_Demo.a(M1QuadDec_Cnt16.o)
                0x00003d04                M1QuadDec_Cnt16_WritePeriod
 .text.M1QuadDec_Cnt16_WriteCompare
                0x00003d24       0x20 .\CortexM3\ARM_GCC_493\Debug\FreeRTOS_Demo.a(M1QuadDec_Cnt16.o)
                0x00003d24                M1QuadDec_Cnt16_WriteCompare
 .text.M1QuadDec_Cnt16_ClearFIFO
                0x00003d44       0x1c .\CortexM3\ARM_GCC_493\Debug\FreeRTOS_Demo.a(M1QuadDec_Cnt16.o)
                0x00003d44                M1QuadDec_Cnt16_ClearFIFO
 .text.M2QuadDec_Cnt16_Init
                0x00003d60       0x80 .\CortexM3\ARM_GCC_493\Debug\FreeRTOS_Demo.a(M2QuadDec_Cnt16.o)
                0x00003d60                M2QuadDec_Cnt16_Init
 .text.M2QuadDec_Cnt16_Enable
                0x00003de0       0x20 .\CortexM3\ARM_GCC_493\Debug\FreeRTOS_Demo.a(M2QuadDec_Cnt16.o)
                0x00003de0                M2QuadDec_Cnt16_Enable
 .text.M2QuadDec_Cnt16_Start
                0x00003e00       0x20 .\CortexM3\ARM_GCC_493\Debug\FreeRTOS_Demo.a(M2QuadDec_Cnt16.o)
                0x00003e00                M2QuadDec_Cnt16_Start
 .text.M2QuadDec_Cnt16_SetInterruptMode
                0x00003e20       0x20 .\CortexM3\ARM_GCC_493\Debug\FreeRTOS_Demo.a(M2QuadDec_Cnt16.o)
                0x00003e20                M2QuadDec_Cnt16_SetInterruptMode
 .text.M2QuadDec_Cnt16_ReadStatusRegister
                0x00003e40       0x18 .\CortexM3\ARM_GCC_493\Debug\FreeRTOS_Demo.a(M2QuadDec_Cnt16.o)
                0x00003e40                M2QuadDec_Cnt16_ReadStatusRegister
 .text.M2QuadDec_Cnt16_WriteCounter
                0x00003e58       0x20 .\CortexM3\ARM_GCC_493\Debug\FreeRTOS_Demo.a(M2QuadDec_Cnt16.o)
                0x00003e58                M2QuadDec_Cnt16_WriteCounter
 .text.M2QuadDec_Cnt16_ReadCounter
                0x00003e78       0x20 .\CortexM3\ARM_GCC_493\Debug\FreeRTOS_Demo.a(M2QuadDec_Cnt16.o)
                0x00003e78                M2QuadDec_Cnt16_ReadCounter
 .text.M2QuadDec_Cnt16_ReadCapture
                0x00003e98       0x18 .\CortexM3\ARM_GCC_493\Debug\FreeRTOS_Demo.a(M2QuadDec_Cnt16.o)
                0x00003e98                M2QuadDec_Cnt16_ReadCapture
 .text.M2QuadDec_Cnt16_WritePeriod
                0x00003eb0       0x20 .\CortexM3\ARM_GCC_493\Debug\FreeRTOS_Demo.a(M2QuadDec_Cnt16.o)
                0x00003eb0                M2QuadDec_Cnt16_WritePeriod
 .text.M2QuadDec_Cnt16_WriteCompare
                0x00003ed0       0x20 .\CortexM3\ARM_GCC_493\Debug\FreeRTOS_Demo.a(M2QuadDec_Cnt16.o)
                0x00003ed0                M2QuadDec_Cnt16_WriteCompare
 .text.M2QuadDec_Cnt16_ClearFIFO
                0x00003ef0       0x1c .\CortexM3\ARM_GCC_493\Debug\FreeRTOS_Demo.a(M2QuadDec_Cnt16.o)
                0x00003ef0                M2QuadDec_Cnt16_ClearFIFO
 .text.Timer_1_Init
                0x00003f0c       0x4c .\CortexM3\ARM_GCC_493\Debug\FreeRTOS_Demo.a(Timer_1.o)
                0x00003f0c                Timer_1_Init
 .text.Timer_1_Enable
                0x00003f58       0x20 .\CortexM3\ARM_GCC_493\Debug\FreeRTOS_Demo.a(Timer_1.o)
                0x00003f58                Timer_1_Enable
 .text.Timer_1_Start
                0x00003f78       0x20 .\CortexM3\ARM_GCC_493\Debug\FreeRTOS_Demo.a(Timer_1.o)
                0x00003f78                Timer_1_Start
 .text.Timer_1_SetInterruptMode
                0x00003f98       0x20 .\CortexM3\ARM_GCC_493\Debug\FreeRTOS_Demo.a(Timer_1.o)
                0x00003f98                Timer_1_SetInterruptMode
 .text.Timer_1_ReadStatusRegister
                0x00003fb8       0x18 .\CortexM3\ARM_GCC_493\Debug\FreeRTOS_Demo.a(Timer_1.o)
                0x00003fb8                Timer_1_ReadStatusRegister
 .text.Timer_1_WritePeriod
                0x00003fd0       0x1c .\CortexM3\ARM_GCC_493\Debug\FreeRTOS_Demo.a(Timer_1.o)
                0x00003fd0                Timer_1_WritePeriod
 .text.Timer_1_ReadCapture
                0x00003fec       0x18 .\CortexM3\ARM_GCC_493\Debug\FreeRTOS_Demo.a(Timer_1.o)
                0x00003fec                Timer_1_ReadCapture
 .text.Timer_1_WriteCounter
                0x00004004       0x1c .\CortexM3\ARM_GCC_493\Debug\FreeRTOS_Demo.a(Timer_1.o)
                0x00004004                Timer_1_WriteCounter
 .text.Timer_1_ReadCounter
                0x00004020       0x20 .\CortexM3\ARM_GCC_493\Debug\FreeRTOS_Demo.a(Timer_1.o)
                0x00004020                Timer_1_ReadCounter
 .text.Timer_1_ClearFIFO
                0x00004040       0x1c .\CortexM3\ARM_GCC_493\Debug\FreeRTOS_Demo.a(Timer_1.o)
                0x00004040                Timer_1_ClearFIFO
 .text.LED_Write
                0x0000405c       0x3c .\CortexM3\ARM_GCC_493\Debug\FreeRTOS_Demo.a(LED.o)
                0x0000405c                LED_Write
 .text          0x00004098       0x20 .\CortexM3\ARM_GCC_493\Debug\FreeRTOS_Demo.a(CyBootAsmGnu.o)
                0x00004098                CyDelayCycles
                0x000040a8                CyEnterCriticalSection
                0x000040b0                CyExitCriticalSection
 .text          0x000040b8      0x370 c:/program files (x86)/cypress/psoc creator/4.0/psoc creator/import/gnu/arm/4.9.3/bin/../lib/gcc/arm-none-eabi/4.9.3/armv7-m\libgcc.a(_arm_addsubdf3.o)
                0x000040b8                __aeabi_drsub
                0x000040c0                __aeabi_dsub
                0x000040c0                __subdf3
                0x000040c4                __aeabi_dadd
                0x000040c4                __adddf3
                0x0000433c                __floatunsidf
                0x0000433c                __aeabi_ui2d
                0x0000435c                __floatsidf
                0x0000435c                __aeabi_i2d
                0x00004380                __aeabi_f2d
                0x00004380                __extendsfdf2
                0x000043bc                __floatundidf
                0x000043bc                __aeabi_ul2d
                0x000043cc                __floatdidf
                0x000043cc                __aeabi_l2d
 .text          0x00004428      0x424 c:/program files (x86)/cypress/psoc creator/4.0/psoc creator/import/gnu/arm/4.9.3/bin/../lib/gcc/arm-none-eabi/4.9.3/armv7-m\libgcc.a(_arm_muldivdf3.o)
                0x00004428                __aeabi_dmul
                0x00004428                __muldf3
                0x0000467c                __divdf3
                0x0000467c                __aeabi_ddiv
 .text          0x0000484c       0x50 c:/program files (x86)/cypress/psoc creator/4.0/psoc creator/import/gnu/arm/4.9.3/bin/../lib/gcc/arm-none-eabi/4.9.3/armv7-m\libgcc.a(_arm_fixdfsi.o)
                0x0000484c                __aeabi_d2iz
                0x0000484c                __fixdfsi
 .text.__errno  0x0000489c        0xc c:/program files (x86)/cypress/psoc creator/4.0/psoc creator/import/gnu/arm/4.9.3/bin/../lib/gcc/arm-none-eabi/4.9.3/../../../../arm-none-eabi/lib/armv7-m\libg_nano.a(lib_a-errno.o)
                0x0000489c                __errno
 .text.__libc_init_array
                0x000048a8       0x4c c:/program files (x86)/cypress/psoc creator/4.0/psoc creator/import/gnu/arm/4.9.3/bin/../lib/gcc/arm-none-eabi/4.9.3/../../../../arm-none-eabi/lib/armv7-m\libg_nano.a(lib_a-init.o)
                0x000048a8                __libc_init_array
 .text.memcpy   0x000048f4       0x16 c:/program files (x86)/cypress/psoc creator/4.0/psoc creator/import/gnu/arm/4.9.3/bin/../lib/gcc/arm-none-eabi/4.9.3/../../../../arm-none-eabi/lib/armv7-m\libg_nano.a(lib_a-memcpy.o)
                0x000048f4                memcpy
 .text.memset   0x0000490a       0x10 c:/program files (x86)/cypress/psoc creator/4.0/psoc creator/import/gnu/arm/4.9.3/bin/../lib/gcc/arm-none-eabi/4.9.3/../../../../arm-none-eabi/lib/armv7-m\libg_nano.a(lib_a-memset.o)
                0x0000490a                memset
 *fill*         0x0000491a        0x2 
 .text.snprintf
                0x0000491c       0x64 c:/program files (x86)/cypress/psoc creator/4.0/psoc creator/import/gnu/arm/4.9.3/bin/../lib/gcc/arm-none-eabi/4.9.3/../../../../arm-none-eabi/lib/armv7-m\libg_nano.a(lib_a-snprintf.o)
                0x0000491c                sniprintf
                0x0000491c                snprintf
 .text.sprintf  0x00004980       0x48 c:/program files (x86)/cypress/psoc creator/4.0/psoc creator/import/gnu/arm/4.9.3/bin/../lib/gcc/arm-none-eabi/4.9.3/../../../../arm-none-eabi/lib/armv7-m\libg_nano.a(lib_a-sprintf.o)
                0x00004980                siprintf
                0x00004980                sprintf
 .text.__ssputs_r
                0x000049c8       0xb2 c:/program files (x86)/cypress/psoc creator/4.0/psoc creator/import/gnu/arm/4.9.3/bin/../lib/gcc/arm-none-eabi/4.9.3/../../../../arm-none-eabi/lib/armv7-m\libg_nano.a(lib_a-nano-svfprintf.o)
                0x000049c8                __ssputs_r
 *fill*         0x00004a7a        0x2 
 .text._svfprintf_r
                0x00004a7c      0x1e4 c:/program files (x86)/cypress/psoc creator/4.0/psoc creator/import/gnu/arm/4.9.3/bin/../lib/gcc/arm-none-eabi/4.9.3/../../../../arm-none-eabi/lib/armv7-m\libg_nano.a(lib_a-nano-svfprintf.o)
                0x00004a7c                _svfiprintf_r
                0x00004a7c                _svfprintf_r
 .text._printf_common
                0x00004c60       0xea c:/program files (x86)/cypress/psoc creator/4.0/psoc creator/import/gnu/arm/4.9.3/bin/../lib/gcc/arm-none-eabi/4.9.3/../../../../arm-none-eabi/lib/armv7-m\libg_nano.a(lib_a-nano-vfprintf_i.o)
                0x00004c60                _printf_common
 *fill*         0x00004d4a        0x2 
 .text._printf_i
                0x00004d4c      0x240 c:/program files (x86)/cypress/psoc creator/4.0/psoc creator/import/gnu/arm/4.9.3/bin/../lib/gcc/arm-none-eabi/4.9.3/../../../../arm-none-eabi/lib/armv7-m\libg_nano.a(lib_a-nano-vfprintf_i.o)
                0x00004d4c                _printf_i
 .text.memchr   0x00004f8c       0x1c c:/program files (x86)/cypress/psoc creator/4.0/psoc creator/import/gnu/arm/4.9.3/bin/../lib/gcc/arm-none-eabi/4.9.3/../../../../arm-none-eabi/lib/armv7-m\libg_nano.a(lib_a-memchr.o)
                0x00004f8c                memchr
 .text.memmove  0x00004fa8       0x36 c:/program files (x86)/cypress/psoc creator/4.0/psoc creator/import/gnu/arm/4.9.3/bin/../lib/gcc/arm-none-eabi/4.9.3/../../../../arm-none-eabi/lib/armv7-m\libg_nano.a(lib_a-memmove.o)
                0x00004fa8                memmove
 *fill*         0x00004fde        0x2 
 .text._free_r  0x00004fe0       0x88 c:/program files (x86)/cypress/psoc creator/4.0/psoc creator/import/gnu/arm/4.9.3/bin/../lib/gcc/arm-none-eabi/4.9.3/../../../../arm-none-eabi/lib/armv7-m\libg_nano.a(lib_a-nano-freer.o)
                0x00004fe0                _free_r
 .text._malloc_r
                0x00005068       0xac c:/program files (x86)/cypress/psoc creator/4.0/psoc creator/import/gnu/arm/4.9.3/bin/../lib/gcc/arm-none-eabi/4.9.3/../../../../arm-none-eabi/lib/armv7-m\libg_nano.a(lib_a-nano-mallocr.o)
                0x00005068                _malloc_r
 .text._realloc_r
                0x00005114       0x4c c:/program files (x86)/cypress/psoc creator/4.0/psoc creator/import/gnu/arm/4.9.3/bin/../lib/gcc/arm-none-eabi/4.9.3/../../../../arm-none-eabi/lib/armv7-m\libg_nano.a(lib_a-nano-reallocr.o)
                0x00005114                _realloc_r
 .text._sbrk_r  0x00005160       0x20 c:/program files (x86)/cypress/psoc creator/4.0/psoc creator/import/gnu/arm/4.9.3/bin/../lib/gcc/arm-none-eabi/4.9.3/../../../../arm-none-eabi/lib/armv7-m\libg_nano.a(lib_a-sbrkr.o)
                0x00005160                _sbrk_r
 .text._malloc_usable_size_r
                0x00005180       0x14 c:/program files (x86)/cypress/psoc creator/4.0/psoc creator/import/gnu/arm/4.9.3/bin/../lib/gcc/arm-none-eabi/4.9.3/../../../../arm-none-eabi/lib/armv7-m\libg_nano.a(lib_a-nano-msizer.o)
                0x00005180                _malloc_usable_size_r
 *(.plt)
 *(.gnu.warning)
 *(.glue_7t)
 .glue_7t       0x00000000        0x0 linker stubs
 *(.glue_7)
 .glue_7        0x00000000        0x0 linker stubs
 *(.vfp11_veneer)
 .vfp11_veneer  0x00000000        0x0 linker stubs
 *(.bootloader)
 *(.ARM.extab* .gnu.linkonce.armextab.*)
 *(.gcc_except_table)

.v4_bx          0x00005194        0x0
 .v4_bx         0x00000000        0x0 linker stubs

.iplt           0x00005194        0x0
 .iplt          0x00000000        0x0 c:/program files (x86)/cypress/psoc creator/4.0/psoc creator/import/gnu/arm/4.9.3/bin/../lib/gcc/arm-none-eabi/4.9.3/armv7-m/crtbegin.o

.eh_frame_hdr
 *(.eh_frame_hdr)

.eh_frame       0x00005194        0x4
 *(.eh_frame)
 .eh_frame      0x00005194        0x0 c:/program files (x86)/cypress/psoc creator/4.0/psoc creator/import/gnu/arm/4.9.3/bin/../lib/gcc/arm-none-eabi/4.9.3/armv7-m/crtbegin.o
 .eh_frame      0x00005194        0x4 c:/program files (x86)/cypress/psoc creator/4.0/psoc creator/import/gnu/arm/4.9.3/bin/../lib/gcc/arm-none-eabi/4.9.3/armv7-m/crtend.o
                0x00005198                PROVIDE (__exidx_start, .)

.ARM.exidx
 *(.ARM.exidx* .gnu.linkonce.armexidx.*)
                0x00005198                __exidx_end = .

.rodata         0x00005198      0x158
 *(.rodata .rodata.* .gnu.linkonce.r.*)
 .rodata        0x00005198        0x8 .\CortexM3\ARM_GCC_493\Debug\tasks.o
 .rodata        0x000051a0       0xa4 .\CortexM3\ARM_GCC_493\Debug\main.o
 .rodata        0x00005244       0x3c .\CortexM3\ARM_GCC_493\Debug\FreeRTOS_Demo.a(cyfitter_cfg.o)
 .rodata.str1.1
                0x00005280        0x2 c:/program files (x86)/cypress/psoc creator/4.0/psoc creator/import/gnu/arm/4.9.3/bin/../lib/gcc/arm-none-eabi/4.9.3/../../../../arm-none-eabi/lib/armv7-m\libg_nano.a(lib_a-impure.o)
 .rodata.str1.1
                0x00005282       0x11 c:/program files (x86)/cypress/psoc creator/4.0/psoc creator/import/gnu/arm/4.9.3/bin/../lib/gcc/arm-none-eabi/4.9.3/../../../../arm-none-eabi/lib/armv7-m\libg_nano.a(lib_a-nano-svfprintf.o)
 .rodata.str1.1
                0x00005293       0x22 c:/program files (x86)/cypress/psoc creator/4.0/psoc creator/import/gnu/arm/4.9.3/bin/../lib/gcc/arm-none-eabi/4.9.3/../../../../arm-none-eabi/lib/armv7-m\libg_nano.a(lib_a-nano-vfprintf_i.o)
                0x000052b8                . = ALIGN (0x4)
 *fill*         0x000052b5        0x3 
 *(.init)
 .init          0x000052b8        0x4 c:/program files (x86)/cypress/psoc creator/4.0/psoc creator/import/gnu/arm/4.9.3/bin/../lib/gcc/arm-none-eabi/4.9.3/armv7-m/crti.o
                0x000052b8                _init
 .init          0x000052bc        0x8 c:/program files (x86)/cypress/psoc creator/4.0/psoc creator/import/gnu/arm/4.9.3/bin/../lib/gcc/arm-none-eabi/4.9.3/armv7-m/crtn.o
                0x000052c4                . = ALIGN (0x4)
                0x000052c4                __preinit_array_start = .
 *(.preinit_array)
                0x000052c4                __preinit_array_end = .
                0x000052c4                . = ALIGN (0x4)
                0x000052c4                __init_array_start = .
 *(SORT(.init_array.*))
 *(.init_array)
 .init_array    0x000052c4        0x4 c:/program files (x86)/cypress/psoc creator/4.0/psoc creator/import/gnu/arm/4.9.3/bin/../lib/gcc/arm-none-eabi/4.9.3/armv7-m/crtbegin.o
 .init_array    0x000052c8        0x4 .\CortexM3\ARM_GCC_493\Debug\Cm3Start.o
                0x000052cc                __init_array_end = .
                0x000052cc                . = ALIGN (0x4)
 *(.fini)
 .fini          0x000052cc        0x4 c:/program files (x86)/cypress/psoc creator/4.0/psoc creator/import/gnu/arm/4.9.3/bin/../lib/gcc/arm-none-eabi/4.9.3/armv7-m/crti.o
                0x000052cc                _fini
 .fini          0x000052d0        0x8 c:/program files (x86)/cypress/psoc creator/4.0/psoc creator/import/gnu/arm/4.9.3/bin/../lib/gcc/arm-none-eabi/4.9.3/armv7-m/crtn.o
                0x000052d8                . = ALIGN (0x4)
                0x000052d8                __fini_array_start = .
 *(.fini_array)
 .fini_array    0x000052d8        0x4 c:/program files (x86)/cypress/psoc creator/4.0/psoc creator/import/gnu/arm/4.9.3/bin/../lib/gcc/arm-none-eabi/4.9.3/armv7-m/crtbegin.o
 *(SORT(.fini_array.*))
                0x000052dc                __fini_array_end = .
                0x000052dc                . = ALIGN (0x4)
 *crtbegin.o(.ctors)
 *(EXCLUDE_FILE(*crtend.o) .ctors)
 *(SORT(.ctors.*))
 *crtend.o(.ctors)
                0x000052dc                . = ALIGN (0x4)
 *crtbegin.o(.dtors)
 *(EXCLUDE_FILE(*crtend.o) .dtors)
 *(SORT(.dtors.*))
 *crtend.o(.dtors)
                0x000052dc                . = ALIGN (0x4)
                0x000052dc                __cy_regions = .
                0x000052dc        0x4 LONG 0x52f0 __cy_region_init_ram
                0x000052e0        0x4 LONG 0x1fff8108 __cy_region_start_data
                0x000052e4        0x4 LONG 0x78 __cy_region_init_size_ram
                0x000052e8        0x4 LONG 0x8620 __cy_region_zero_size_ram
                0x000052ec                __cy_regions_end = .
                0x000052f0                . = ALIGN (0x8)
 *fill*         0x000052ec        0x4 
                0x000052f0                _etext = .

.cy_checksum_exclude
                0x000052f0        0x0
 *(.cy_checksum_exclude)

.ramvectors     0x1fff8000      0x100
                0x1fff8000                __cy_region_start_ram = .
 *(.ramvectors)
 .ramvectors    0x1fff8000      0x100 .\CortexM3\ARM_GCC_493\Debug\Cm3Start.o
                0x1fff8000                CyRamVectors

.noinit         0x1fff8100        0x5
 *(.noinit)
 .noinit        0x1fff8100        0x4 .\CortexM3\ARM_GCC_493\Debug\Cm3Start.o
 .noinit        0x1fff8104        0x1 .\CortexM3\ARM_GCC_493\Debug\FreeRTOS_Demo.a(CyLib.o)
                0x1fff8104                CyResetStatus

.data           0x1fff8108       0x78 load address 0x000052f0
                0x1fff8108                __cy_region_start_data = .
 *(.jcr)
 .jcr           0x1fff8108        0x0 c:/program files (x86)/cypress/psoc creator/4.0/psoc creator/import/gnu/arm/4.9.3/bin/../lib/gcc/arm-none-eabi/4.9.3/armv7-m/crtbegin.o
 .jcr           0x1fff8108        0x4 c:/program files (x86)/cypress/psoc creator/4.0/psoc creator/import/gnu/arm/4.9.3/bin/../lib/gcc/arm-none-eabi/4.9.3/armv7-m/crtend.o
 *(.got.plt)
 *(.got)
 *(.shdata)
 *(.data .data.* .gnu.linkonce.d.*)
 .data          0x1fff810c        0x4 .\CortexM3\ARM_GCC_493\Debug\port.o
 .data          0x1fff8110        0x4 .\CortexM3\ARM_GCC_493\Debug\heap_2.o
 .data          0x1fff8114        0x4 .\CortexM3\ARM_GCC_493\Debug\Cm3Start.o
 .data.impure_data
                0x1fff8118       0x60 c:/program files (x86)/cypress/psoc creator/4.0/psoc creator/import/gnu/arm/4.9.3/bin/../lib/gcc/arm-none-eabi/4.9.3/../../../../arm-none-eabi/lib/armv7-m\libg_nano.a(lib_a-impure.o)
 .data._impure_ptr
                0x1fff8178        0x4 c:/program files (x86)/cypress/psoc creator/4.0/psoc creator/import/gnu/arm/4.9.3/bin/../lib/gcc/arm-none-eabi/4.9.3/../../../../arm-none-eabi/lib/armv7-m\libg_nano.a(lib_a-impure.o)
                0x1fff8178                _impure_ptr
                0x1fff8180                . = ALIGN (0x8)
 *fill*         0x1fff817c        0x4 
 *(.ram)
                0x1fff8180                _edata = .

.igot.plt       0x1fff8180        0x0 load address 0x00005368
 .igot.plt      0x00000000        0x0 c:/program files (x86)/cypress/psoc creator/4.0/psoc creator/import/gnu/arm/4.9.3/bin/../lib/gcc/arm-none-eabi/4.9.3/armv7-m/crtbegin.o

.bss            0x1fff8180     0x8620 load address 0x00005368
                0x1fff8180                PROVIDE (__bss_start__, .)
 *(.shbss)
 *(.bss .bss.* .gnu.linkonce.b.*)
 .bss           0x1fff8180       0x1c c:/program files (x86)/cypress/psoc creator/4.0/psoc creator/import/gnu/arm/4.9.3/bin/../lib/gcc/arm-none-eabi/4.9.3/armv7-m/crtbegin.o
 .bss           0x1fff819c      0x104 .\CortexM3\ARM_GCC_493\Debug\tasks.o
                0x1fff819c                pxCurrentTCB
 .bss           0x1fff82a0     0x8014 .\CortexM3\ARM_GCC_493\Debug\heap_2.o
 .bss           0x200002b4        0xc .\CortexM3\ARM_GCC_493\Debug\main.o
                0x200002b8                gatekeeper
                0x200002bc                queue_handle
 .bss           0x200002c0        0x8 .\CortexM3\ARM_GCC_493\Debug\Serial.o
 .bss           0x200002c8        0xa .\CortexM3\ARM_GCC_493\Debug\FreeRTOS_Demo.a(UART_1.o)
                0x200002c8                UART_1_initVar
                0x200002c9                UART_1_errorStatus
                0x200002ca                UART_1_rxBufferRead
                0x200002cc                UART_1_rxBufferWrite
                0x200002ce                UART_1_rxBufferLoopDetect
                0x200002cf                UART_1_rxBufferOverflow
 .bss           0x200002d2        0x1 .\CortexM3\ARM_GCC_493\Debug\FreeRTOS_Demo.a(PWM_M1.o)
                0x200002d2                PWM_M1_initVar
 .bss           0x200002d3        0x1 .\CortexM3\ARM_GCC_493\Debug\FreeRTOS_Demo.a(PWM_M2.o)
                0x200002d3                PWM_M2_initVar
 .bss           0x200002d4        0x1 .\CortexM3\ARM_GCC_493\Debug\FreeRTOS_Demo.a(M1QuadDec.o)
                0x200002d4                M1QuadDec_initVar
 *fill*         0x200002d5        0x3 
 .bss           0x200002d8        0x4 .\CortexM3\ARM_GCC_493\Debug\FreeRTOS_Demo.a(M1QuadDec_INT.o)
                0x200002d8                M1QuadDec_count32SoftPart
 .bss           0x200002dc        0x1 .\CortexM3\ARM_GCC_493\Debug\FreeRTOS_Demo.a(M2QuadDec.o)
                0x200002dc                M2QuadDec_initVar
 *fill*         0x200002dd        0x3 
 .bss           0x200002e0        0x4 .\CortexM3\ARM_GCC_493\Debug\FreeRTOS_Demo.a(M2QuadDec_INT.o)
                0x200002e0                M2QuadDec_count32SoftPart
 .bss           0x200002e4        0x1 .\CortexM3\ARM_GCC_493\Debug\FreeRTOS_Demo.a(M1QuadDec_Cnt16.o)
                0x200002e4                M1QuadDec_Cnt16_initVar
 .bss           0x200002e5        0x1 .\CortexM3\ARM_GCC_493\Debug\FreeRTOS_Demo.a(M2QuadDec_Cnt16.o)
                0x200002e5                M2QuadDec_Cnt16_initVar
 .bss           0x200002e6        0x1 .\CortexM3\ARM_GCC_493\Debug\FreeRTOS_Demo.a(Timer_1.o)
                0x200002e6                Timer_1_initVar
 *fill*         0x200002e7        0x1 
 .bss.__malloc_sbrk_start
                0x200002e8        0x4 c:/program files (x86)/cypress/psoc creator/4.0/psoc creator/import/gnu/arm/4.9.3/bin/../lib/gcc/arm-none-eabi/4.9.3/../../../../arm-none-eabi/lib/armv7-m\libg_nano.a(lib_a-nano-mallocr.o)
                0x200002e8                __malloc_sbrk_start
 .bss.__malloc_free_list
                0x200002ec        0x4 c:/program files (x86)/cypress/psoc creator/4.0/psoc creator/import/gnu/arm/4.9.3/bin/../lib/gcc/arm-none-eabi/4.9.3/../../../../arm-none-eabi/lib/armv7-m\libg_nano.a(lib_a-nano-mallocr.o)
                0x200002ec                __malloc_free_list
 *(COMMON)
 COMMON         0x200002f0       0xa8 .\CortexM3\ARM_GCC_493\Debug\main.o
                0x200002f0                right_wheel
                0x20000318                k
                0x20000330                rx_receive
                0x20000334                buffer
                0x20000374                left_wheel
 COMMON         0x20000398      0x400 .\CortexM3\ARM_GCC_493\Debug\FreeRTOS_Demo.a(UART_1.o)
                0x20000398                UART_1_rxBuffer
 COMMON         0x20000798        0x4 c:/program files (x86)/cypress/psoc creator/4.0/psoc creator/import/gnu/arm/4.9.3/bin/../lib/gcc/arm-none-eabi/4.9.3/../../../../arm-none-eabi/lib/armv7-m\libg_nano.a(lib_a-reent.o)
                0x20000798                errno
                0x200007a0                . = ALIGN (0x8)
 *fill*         0x2000079c        0x4 
 *(.ram.b)
                0x200007a0                _end = .
                0x200007a0                __end = .
                0x200007a0                PROVIDE (end, .)
                0x200007a0                PROVIDE (__bss_end__, .)
                0x000052f0                __cy_region_init_ram = LOADADDR (.data)
                0x00000078                __cy_region_init_size_ram = (_edata - ADDR (.data))
                0x00008620                __cy_region_zero_size_ram = (_end - _edata)

.heap           0x200007a0        0x0 load address 0x00005368
                0x200007a0                . = _end
                0x200007a0                . = (. + 0x0)
                0x200007a0                __cy_heap_limit = .

.stack          0x20007c00      0x400
                0x20007c00                __cy_stack_limit = .
                0x20008000                . = (. + 0x400)
 *fill*         0x20007c00      0x400 
                0x00000001                ASSERT ((__cy_stack_limit >= __cy_heap_limit), region RAM overflowed with stack)
                0x00000000                cy_checksum_exclude_size = (CY_APPL_LOADABLE == 0x1)?SIZEOF (.cy_checksum_exclude):0x0
                0x00000001                ASSERT ((cy_checksum_exclude_size <= CY_CHECKSUM_EXCLUDE_SIZE), CY_BOOT: Section .cy_checksum_exclude size exceedes specified limit.)

.cyloadermeta
 *(.cyloadermeta)

.cyloadablemeta
 *(.cyloadablemeta)

.cyconfigecc    0x80000000      0xdec
 *(.cyconfigecc)
 .cyconfigecc   0x80000000      0xdec .\CortexM3\ARM_GCC_493\Debug\cymetadata.o
                0x80000000                cy_meta_configecc

.cycustnvl      0x90000000        0x4
 *(.cycustnvl)
 .cycustnvl     0x90000000        0x4 .\CortexM3\ARM_GCC_493\Debug\cymetadata.o
                0x90000000                cy_meta_custnvl

.cywolatch      0x90100000        0x4
 *(.cywolatch)
 .cywolatch     0x90100000        0x4 .\CortexM3\ARM_GCC_493\Debug\cymetadata.o
                0x90100000                cy_meta_wonvl

.cyeeprom       0x90200000        0x0
 *(.cyeeprom)
                0x00000001                ASSERT ((. <= ((0x90200000 + ee_offset) + ee_size)), .cyeeprom data will not fit in EEPROM)

.cyflashprotect
                0x90400000      0x100
 *(.cyflashprotect)
 .cyflashprotect
                0x90400000      0x100 .\CortexM3\ARM_GCC_493\Debug\cymetadata.o
                0x90400000                cy_meta_flashprotect

.cymeta         0x90500000        0xc
 *(.cymeta)
 .cymeta        0x90500000        0xc .\CortexM3\ARM_GCC_493\Debug\cymetadata.o
                0x90500000                cy_metadata

.rel.dyn        0x00005368        0x0 load address 0x9050000c
 .rel.iplt      0x00000000        0x0 c:/program files (x86)/cypress/psoc creator/4.0/psoc creator/import/gnu/arm/4.9.3/bin/../lib/gcc/arm-none-eabi/4.9.3/armv7-m/crtbegin.o

.stab
 *(.stab)

.stabstr
 *(.stabstr)

.debug
 *(.debug)

.line
 *(.line)

.debug_srcinfo
 *(.debug_srcinfo)

.debug_sfnames
 *(.debug_sfnames)

.debug_aranges  0x00000000     0x12c8
 *(.debug_aranges)
 .debug_aranges
                0x00000000       0x18 .\CortexM3\ARM_GCC_493\Debug\croutine.o
 .debug_aranges
                0x00000018       0x40 .\CortexM3\ARM_GCC_493\Debug\list.o
 .debug_aranges
                0x00000058      0x110 .\CortexM3\ARM_GCC_493\Debug\queue.o
 .debug_aranges
                0x00000168      0x1b8 .\CortexM3\ARM_GCC_493\Debug\tasks.o
 .debug_aranges
                0x00000320       0x70 .\CortexM3\ARM_GCC_493\Debug\port.o
 .debug_aranges
                0x00000390       0x40 .\CortexM3\ARM_GCC_493\Debug\heap_2.o
 .debug_aranges
                0x000003d0       0x30 .\CortexM3\ARM_GCC_493\Debug\IntQueueTimer.o
 .debug_aranges
                0x00000400       0x48 .\CortexM3\ARM_GCC_493\Debug\main.o
 .debug_aranges
                0x00000448       0x48 .\CortexM3\ARM_GCC_493\Debug\Serial.o
 .debug_aranges
                0x00000490       0x50 .\CortexM3\ARM_GCC_493\Debug\movement.o
 .debug_aranges
                0x000004e0       0x38 .\CortexM3\ARM_GCC_493\Debug\comtest.o
 .debug_aranges
                0x00000518       0x18 .\CortexM3\ARM_GCC_493\Debug\cymetadata.o
 .debug_aranges
                0x00000530       0x48 .\CortexM3\ARM_GCC_493\Debug\Cm3Start.o
 .debug_aranges
                0x00000578       0x60 .\CortexM3\ARM_GCC_493\Debug\FreeRTOS_Demo.a(cyfitter_cfg.o)
 .debug_aranges
                0x000005d8       0xf0 .\CortexM3\ARM_GCC_493\Debug\FreeRTOS_Demo.a(UART_1.o)
 .debug_aranges
                0x000006c8       0x20 .\CortexM3\ARM_GCC_493\Debug\FreeRTOS_Demo.a(UART_1_INT.o)
 .debug_aranges
                0x000006e8       0x80 .\CortexM3\ARM_GCC_493\Debug\FreeRTOS_Demo.a(isr_UART1_TX_BYTE_COMPLETE.o)
 .debug_aranges
                0x00000768       0x80 .\CortexM3\ARM_GCC_493\Debug\FreeRTOS_Demo.a(isr_UART1_RX_BYTE_RECEIVED.o)
 .debug_aranges
                0x000007e8       0x70 .\CortexM3\ARM_GCC_493\Debug\FreeRTOS_Demo.a(UART_1_IntClock.o)
 .debug_aranges
                0x00000858      0x2a0 .\CortexM3\ARM_GCC_493\Debug\FreeRTOS_Demo.a(CyLib.o)
 .debug_aranges
                0x00000af8       0x98 .\CortexM3\ARM_GCC_493\Debug\FreeRTOS_Demo.a(cyPm.o)
 .debug_aranges
                0x00000b90       0x98 .\CortexM3\ARM_GCC_493\Debug\FreeRTOS_Demo.a(PWM_M1.o)
 .debug_aranges
                0x00000c28       0x70 .\CortexM3\ARM_GCC_493\Debug\FreeRTOS_Demo.a(MClock.o)
 .debug_aranges
                0x00000c98       0x38 .\CortexM3\ARM_GCC_493\Debug\FreeRTOS_Demo.a(M1_FWD.o)
 .debug_aranges
                0x00000cd0       0x38 .\CortexM3\ARM_GCC_493\Debug\FreeRTOS_Demo.a(M1_BWD.o)
 .debug_aranges
                0x00000d08       0x98 .\CortexM3\ARM_GCC_493\Debug\FreeRTOS_Demo.a(PWM_M2.o)
 .debug_aranges
                0x00000da0       0x38 .\CortexM3\ARM_GCC_493\Debug\FreeRTOS_Demo.a(M2_FWD.o)
 .debug_aranges
                0x00000dd8       0x38 .\CortexM3\ARM_GCC_493\Debug\FreeRTOS_Demo.a(M2_BWD.o)
 .debug_aranges
                0x00000e10       0x38 .\CortexM3\ARM_GCC_493\Debug\FreeRTOS_Demo.a(Standby.o)
 .debug_aranges
                0x00000e48       0x60 .\CortexM3\ARM_GCC_493\Debug\FreeRTOS_Demo.a(M1QuadDec.o)
 .debug_aranges
                0x00000ea8       0x20 .\CortexM3\ARM_GCC_493\Debug\FreeRTOS_Demo.a(M1QuadDec_INT.o)
 .debug_aranges
                0x00000ec8       0x70 .\CortexM3\ARM_GCC_493\Debug\FreeRTOS_Demo.a(M1Clock.o)
 .debug_aranges
                0x00000f38       0x60 .\CortexM3\ARM_GCC_493\Debug\FreeRTOS_Demo.a(M2QuadDec.o)
 .debug_aranges
                0x00000f98       0x20 .\CortexM3\ARM_GCC_493\Debug\FreeRTOS_Demo.a(M2QuadDec_INT.o)
 .debug_aranges
                0x00000fb8       0x98 .\CortexM3\ARM_GCC_493\Debug\FreeRTOS_Demo.a(M1QuadDec_Cnt16.o)
 .debug_aranges
                0x00001050       0x98 .\CortexM3\ARM_GCC_493\Debug\FreeRTOS_Demo.a(M2QuadDec_Cnt16.o)
 .debug_aranges
                0x000010e8       0x90 .\CortexM3\ARM_GCC_493\Debug\FreeRTOS_Demo.a(Timer_1.o)
 .debug_aranges
                0x00001178       0x38 .\CortexM3\ARM_GCC_493\Debug\FreeRTOS_Demo.a(LED.o)
 .debug_aranges
                0x000011b0       0x20 .\CortexM3\ARM_GCC_493\Debug\FreeRTOS_Demo.a(CyBootAsmGnu.o)
 .debug_aranges
                0x000011d0       0x80 .\CortexM3\ARM_GCC_493\Debug\FreeRTOS_Demo.a(CyFlash.o)
 .debug_aranges
                0x00001250       0x78 .\CortexM3\ARM_GCC_493\Debug\FreeRTOS_Demo.a(CySpc.o)

.debug_pubnames
 *(.debug_pubnames)

.debug_info     0x00000000     0x9226
 *(.debug_info .gnu.linkonce.wi.*)
 .debug_info    0x00000000       0xa7 .\CortexM3\ARM_GCC_493\Debug\croutine.o
 .debug_info    0x000000a7      0x2e1 .\CortexM3\ARM_GCC_493\Debug\list.o
 .debug_info    0x00000388     0x102e .\CortexM3\ARM_GCC_493\Debug\queue.o
 .debug_info    0x000013b6     0x16f5 .\CortexM3\ARM_GCC_493\Debug\tasks.o
 .debug_info    0x00002aab      0x314 .\CortexM3\ARM_GCC_493\Debug\port.o
 .debug_info    0x00002dbf      0x31f .\CortexM3\ARM_GCC_493\Debug\heap_2.o
 .debug_info    0x000030de      0x165 .\CortexM3\ARM_GCC_493\Debug\IntQueueTimer.o
 .debug_info    0x00003243      0x488 .\CortexM3\ARM_GCC_493\Debug\main.o
 .debug_info    0x000036cb      0x3e1 .\CortexM3\ARM_GCC_493\Debug\Serial.o
 .debug_info    0x00003aac      0x405 .\CortexM3\ARM_GCC_493\Debug\movement.o
 .debug_info    0x00003eb1      0x245 .\CortexM3\ARM_GCC_493\Debug\comtest.o
 .debug_info    0x000040f6      0x13f .\CortexM3\ARM_GCC_493\Debug\cymetadata.o
 .debug_info    0x00004235      0x319 .\CortexM3\ARM_GCC_493\Debug\Cm3Start.o
 .debug_info    0x0000454e      0x44b .\CortexM3\ARM_GCC_493\Debug\FreeRTOS_Demo.a(cyfitter_cfg.o)
 .debug_info    0x00004999      0x5f1 .\CortexM3\ARM_GCC_493\Debug\FreeRTOS_Demo.a(UART_1.o)
 .debug_info    0x00004f8a      0x154 .\CortexM3\ARM_GCC_493\Debug\FreeRTOS_Demo.a(UART_1_INT.o)
 .debug_info    0x000050de      0x23a .\CortexM3\ARM_GCC_493\Debug\FreeRTOS_Demo.a(isr_UART1_TX_BYTE_COMPLETE.o)
 .debug_info    0x00005318      0x23a .\CortexM3\ARM_GCC_493\Debug\FreeRTOS_Demo.a(isr_UART1_RX_BYTE_RECEIVED.o)
 .debug_info    0x00005552      0x25d .\CortexM3\ARM_GCC_493\Debug\FreeRTOS_Demo.a(UART_1_IntClock.o)
 .debug_info    0x000057af      0xe4a .\CortexM3\ARM_GCC_493\Debug\FreeRTOS_Demo.a(CyLib.o)
 .debug_info    0x000065f9      0x561 .\CortexM3\ARM_GCC_493\Debug\FreeRTOS_Demo.a(cyPm.o)
 .debug_info    0x00006b5a      0x2a0 .\CortexM3\ARM_GCC_493\Debug\FreeRTOS_Demo.a(PWM_M1.o)
 .debug_info    0x00006dfa      0x25d .\CortexM3\ARM_GCC_493\Debug\FreeRTOS_Demo.a(MClock.o)
 .debug_info    0x00007057      0x11e .\CortexM3\ARM_GCC_493\Debug\FreeRTOS_Demo.a(M1_FWD.o)
 .debug_info    0x00007175      0x11e .\CortexM3\ARM_GCC_493\Debug\FreeRTOS_Demo.a(M1_BWD.o)
 .debug_info    0x00007293      0x2a0 .\CortexM3\ARM_GCC_493\Debug\FreeRTOS_Demo.a(PWM_M2.o)
 .debug_info    0x00007533      0x11e .\CortexM3\ARM_GCC_493\Debug\FreeRTOS_Demo.a(M2_FWD.o)
 .debug_info    0x00007651      0x11e .\CortexM3\ARM_GCC_493\Debug\FreeRTOS_Demo.a(M2_BWD.o)
 .debug_info    0x0000776f      0x11e .\CortexM3\ARM_GCC_493\Debug\FreeRTOS_Demo.a(Standby.o)
 .debug_info    0x0000788d      0x22d .\CortexM3\ARM_GCC_493\Debug\FreeRTOS_Demo.a(M1QuadDec.o)
 .debug_info    0x00007aba       0xeb .\CortexM3\ARM_GCC_493\Debug\FreeRTOS_Demo.a(M1QuadDec_INT.o)
 .debug_info    0x00007ba5      0x25d .\CortexM3\ARM_GCC_493\Debug\FreeRTOS_Demo.a(M1Clock.o)
 .debug_info    0x00007e02      0x22d .\CortexM3\ARM_GCC_493\Debug\FreeRTOS_Demo.a(M2QuadDec.o)
 .debug_info    0x0000802f       0xeb .\CortexM3\ARM_GCC_493\Debug\FreeRTOS_Demo.a(M2QuadDec_INT.o)
 .debug_info    0x0000811a      0x28a .\CortexM3\ARM_GCC_493\Debug\FreeRTOS_Demo.a(M1QuadDec_Cnt16.o)
 .debug_info    0x000083a4      0x28a .\CortexM3\ARM_GCC_493\Debug\FreeRTOS_Demo.a(M2QuadDec_Cnt16.o)
 .debug_info    0x0000862e      0x254 .\CortexM3\ARM_GCC_493\Debug\FreeRTOS_Demo.a(Timer_1.o)
 .debug_info    0x00008882      0x11e .\CortexM3\ARM_GCC_493\Debug\FreeRTOS_Demo.a(LED.o)
 .debug_info    0x000089a0       0xc9 .\CortexM3\ARM_GCC_493\Debug\FreeRTOS_Demo.a(CyBootAsmGnu.o)
 .debug_info    0x00008a69      0x36a .\CortexM3\ARM_GCC_493\Debug\FreeRTOS_Demo.a(CyFlash.o)
 .debug_info    0x00008dd3      0x453 .\CortexM3\ARM_GCC_493\Debug\FreeRTOS_Demo.a(CySpc.o)

.debug_abbrev   0x00000000     0x2db7
 *(.debug_abbrev)
 .debug_abbrev  0x00000000       0x4b .\CortexM3\ARM_GCC_493\Debug\croutine.o
 .debug_abbrev  0x0000004b       0xd8 .\CortexM3\ARM_GCC_493\Debug\list.o
 .debug_abbrev  0x00000123      0x278 .\CortexM3\ARM_GCC_493\Debug\queue.o
 .debug_abbrev  0x0000039b      0x291 .\CortexM3\ARM_GCC_493\Debug\tasks.o
 .debug_abbrev  0x0000062c      0x1ca .\CortexM3\ARM_GCC_493\Debug\port.o
 .debug_abbrev  0x000007f6      0x177 .\CortexM3\ARM_GCC_493\Debug\heap_2.o
 .debug_abbrev  0x0000096d       0xd0 .\CortexM3\ARM_GCC_493\Debug\IntQueueTimer.o
 .debug_abbrev  0x00000a3d      0x1ec .\CortexM3\ARM_GCC_493\Debug\main.o
 .debug_abbrev  0x00000c29      0x140 .\CortexM3\ARM_GCC_493\Debug\Serial.o
 .debug_abbrev  0x00000d69       0xeb .\CortexM3\ARM_GCC_493\Debug\movement.o
 .debug_abbrev  0x00000e54       0xd4 .\CortexM3\ARM_GCC_493\Debug\comtest.o
 .debug_abbrev  0x00000f28       0x77 .\CortexM3\ARM_GCC_493\Debug\cymetadata.o
 .debug_abbrev  0x00000f9f      0x1b6 .\CortexM3\ARM_GCC_493\Debug\Cm3Start.o
 .debug_abbrev  0x00001155      0x1b7 .\CortexM3\ARM_GCC_493\Debug\FreeRTOS_Demo.a(cyfitter_cfg.o)
 .debug_abbrev  0x0000130c      0x15f .\CortexM3\ARM_GCC_493\Debug\FreeRTOS_Demo.a(UART_1.o)
 .debug_abbrev  0x0000146b       0x8a .\CortexM3\ARM_GCC_493\Debug\FreeRTOS_Demo.a(UART_1_INT.o)
 .debug_abbrev  0x000014f5      0x172 .\CortexM3\ARM_GCC_493\Debug\FreeRTOS_Demo.a(isr_UART1_TX_BYTE_COMPLETE.o)
 .debug_abbrev  0x00001667      0x172 .\CortexM3\ARM_GCC_493\Debug\FreeRTOS_Demo.a(isr_UART1_RX_BYTE_RECEIVED.o)
 .debug_abbrev  0x000017d9      0x11d .\CortexM3\ARM_GCC_493\Debug\FreeRTOS_Demo.a(UART_1_IntClock.o)
 .debug_abbrev  0x000018f6      0x217 .\CortexM3\ARM_GCC_493\Debug\FreeRTOS_Demo.a(CyLib.o)
 .debug_abbrev  0x00001b0d      0x161 .\CortexM3\ARM_GCC_493\Debug\FreeRTOS_Demo.a(cyPm.o)
 .debug_abbrev  0x00001c6e      0x12e .\CortexM3\ARM_GCC_493\Debug\FreeRTOS_Demo.a(PWM_M1.o)
 .debug_abbrev  0x00001d9c      0x11d .\CortexM3\ARM_GCC_493\Debug\FreeRTOS_Demo.a(MClock.o)
 .debug_abbrev  0x00001eb9       0x90 .\CortexM3\ARM_GCC_493\Debug\FreeRTOS_Demo.a(M1_FWD.o)
 .debug_abbrev  0x00001f49       0x90 .\CortexM3\ARM_GCC_493\Debug\FreeRTOS_Demo.a(M1_BWD.o)
 .debug_abbrev  0x00001fd9      0x12e .\CortexM3\ARM_GCC_493\Debug\FreeRTOS_Demo.a(PWM_M2.o)
 .debug_abbrev  0x00002107       0x90 .\CortexM3\ARM_GCC_493\Debug\FreeRTOS_Demo.a(M2_FWD.o)
 .debug_abbrev  0x00002197       0x90 .\CortexM3\ARM_GCC_493\Debug\FreeRTOS_Demo.a(M2_BWD.o)
 .debug_abbrev  0x00002227       0x90 .\CortexM3\ARM_GCC_493\Debug\FreeRTOS_Demo.a(Standby.o)
 .debug_abbrev  0x000022b7      0x11a .\CortexM3\ARM_GCC_493\Debug\FreeRTOS_Demo.a(M1QuadDec.o)
 .debug_abbrev  0x000023d1       0x78 .\CortexM3\ARM_GCC_493\Debug\FreeRTOS_Demo.a(M1QuadDec_INT.o)
 .debug_abbrev  0x00002449      0x11d .\CortexM3\ARM_GCC_493\Debug\FreeRTOS_Demo.a(M1Clock.o)
 .debug_abbrev  0x00002566      0x11a .\CortexM3\ARM_GCC_493\Debug\FreeRTOS_Demo.a(M2QuadDec.o)
 .debug_abbrev  0x00002680       0x78 .\CortexM3\ARM_GCC_493\Debug\FreeRTOS_Demo.a(M2QuadDec_INT.o)
 .debug_abbrev  0x000026f8      0x12c .\CortexM3\ARM_GCC_493\Debug\FreeRTOS_Demo.a(M1QuadDec_Cnt16.o)
 .debug_abbrev  0x00002824      0x12c .\CortexM3\ARM_GCC_493\Debug\FreeRTOS_Demo.a(M2QuadDec_Cnt16.o)
 .debug_abbrev  0x00002950      0x11b .\CortexM3\ARM_GCC_493\Debug\FreeRTOS_Demo.a(Timer_1.o)
 .debug_abbrev  0x00002a6b       0x90 .\CortexM3\ARM_GCC_493\Debug\FreeRTOS_Demo.a(LED.o)
 .debug_abbrev  0x00002afb       0x14 .\CortexM3\ARM_GCC_493\Debug\FreeRTOS_Demo.a(CyBootAsmGnu.o)
 .debug_abbrev  0x00002b0f      0x13c .\CortexM3\ARM_GCC_493\Debug\FreeRTOS_Demo.a(CyFlash.o)
 .debug_abbrev  0x00002c4b      0x16c .\CortexM3\ARM_GCC_493\Debug\FreeRTOS_Demo.a(CySpc.o)

.debug_line     0x00000000     0x555d
 *(.debug_line)
 .debug_line    0x00000000      0x13a .\CortexM3\ARM_GCC_493\Debug\croutine.o
 .debug_line    0x0000013a      0x240 .\CortexM3\ARM_GCC_493\Debug\list.o
 .debug_line    0x0000037a      0x758 .\CortexM3\ARM_GCC_493\Debug\queue.o
 .debug_line    0x00000ad2      0xa83 .\CortexM3\ARM_GCC_493\Debug\tasks.o
 .debug_line    0x00001555      0x2c8 .\CortexM3\ARM_GCC_493\Debug\port.o
 .debug_line    0x0000181d      0x2e4 .\CortexM3\ARM_GCC_493\Debug\heap_2.o
 .debug_line    0x00001b01      0x1db .\CortexM3\ARM_GCC_493\Debug\IntQueueTimer.o
 .debug_line    0x00001cdc      0x2ea .\CortexM3\ARM_GCC_493\Debug\main.o
 .debug_line    0x00001fc6      0x2ba .\CortexM3\ARM_GCC_493\Debug\Serial.o
 .debug_line    0x00002280      0x24c .\CortexM3\ARM_GCC_493\Debug\movement.o
 .debug_line    0x000024cc      0x237 .\CortexM3\ARM_GCC_493\Debug\comtest.o
 .debug_line    0x00002703       0x51 .\CortexM3\ARM_GCC_493\Debug\cymetadata.o
 .debug_line    0x00002754      0x1dc .\CortexM3\ARM_GCC_493\Debug\Cm3Start.o
 .debug_line    0x00002930      0x21f .\CortexM3\ARM_GCC_493\Debug\FreeRTOS_Demo.a(cyfitter_cfg.o)
 .debug_line    0x00002b4f      0x30c .\CortexM3\ARM_GCC_493\Debug\FreeRTOS_Demo.a(UART_1.o)
 .debug_line    0x00002e5b       0x8a .\CortexM3\ARM_GCC_493\Debug\FreeRTOS_Demo.a(UART_1_INT.o)
 .debug_line    0x00002ee5      0x165 .\CortexM3\ARM_GCC_493\Debug\FreeRTOS_Demo.a(isr_UART1_TX_BYTE_COMPLETE.o)
 .debug_line    0x0000304a      0x165 .\CortexM3\ARM_GCC_493\Debug\FreeRTOS_Demo.a(isr_UART1_RX_BYTE_RECEIVED.o)
 .debug_line    0x000031af      0x1aa .\CortexM3\ARM_GCC_493\Debug\FreeRTOS_Demo.a(UART_1_IntClock.o)
 .debug_line    0x00003359      0x882 .\CortexM3\ARM_GCC_493\Debug\FreeRTOS_Demo.a(CyLib.o)
 .debug_line    0x00003bdb      0x37f .\CortexM3\ARM_GCC_493\Debug\FreeRTOS_Demo.a(cyPm.o)
 .debug_line    0x00003f5a      0x18a .\CortexM3\ARM_GCC_493\Debug\FreeRTOS_Demo.a(PWM_M1.o)
 .debug_line    0x000040e4      0x1a1 .\CortexM3\ARM_GCC_493\Debug\FreeRTOS_Demo.a(MClock.o)
 .debug_line    0x00004285       0x95 .\CortexM3\ARM_GCC_493\Debug\FreeRTOS_Demo.a(M1_FWD.o)
 .debug_line    0x0000431a       0x95 .\CortexM3\ARM_GCC_493\Debug\FreeRTOS_Demo.a(M1_BWD.o)
 .debug_line    0x000043af      0x18a .\CortexM3\ARM_GCC_493\Debug\FreeRTOS_Demo.a(PWM_M2.o)
 .debug_line    0x00004539       0x95 .\CortexM3\ARM_GCC_493\Debug\FreeRTOS_Demo.a(M2_FWD.o)
 .debug_line    0x000045ce       0x95 .\CortexM3\ARM_GCC_493\Debug\FreeRTOS_Demo.a(M2_BWD.o)
 .debug_line    0x00004663       0x96 .\CortexM3\ARM_GCC_493\Debug\FreeRTOS_Demo.a(Standby.o)
 .debug_line    0x000046f9      0x124 .\CortexM3\ARM_GCC_493\Debug\FreeRTOS_Demo.a(M1QuadDec.o)
 .debug_line    0x0000481d       0x6f .\CortexM3\ARM_GCC_493\Debug\FreeRTOS_Demo.a(M1QuadDec_INT.o)
 .debug_line    0x0000488c      0x1a2 .\CortexM3\ARM_GCC_493\Debug\FreeRTOS_Demo.a(M1Clock.o)
 .debug_line    0x00004a2e      0x124 .\CortexM3\ARM_GCC_493\Debug\FreeRTOS_Demo.a(M2QuadDec.o)
 .debug_line    0x00004b52       0x6f .\CortexM3\ARM_GCC_493\Debug\FreeRTOS_Demo.a(M2QuadDec_INT.o)
 .debug_line    0x00004bc1      0x18d .\CortexM3\ARM_GCC_493\Debug\FreeRTOS_Demo.a(M1QuadDec_Cnt16.o)
 .debug_line    0x00004d4e      0x18d .\CortexM3\ARM_GCC_493\Debug\FreeRTOS_Demo.a(M2QuadDec_Cnt16.o)
 .debug_line    0x00004edb      0x170 .\CortexM3\ARM_GCC_493\Debug\FreeRTOS_Demo.a(Timer_1.o)
 .debug_line    0x0000504b       0x92 .\CortexM3\ARM_GCC_493\Debug\FreeRTOS_Demo.a(LED.o)
 .debug_line    0x000050dd       0x66 .\CortexM3\ARM_GCC_493\Debug\FreeRTOS_Demo.a(CyBootAsmGnu.o)
 .debug_line    0x00005143      0x205 .\CortexM3\ARM_GCC_493\Debug\FreeRTOS_Demo.a(CyFlash.o)
 .debug_line    0x00005348      0x215 .\CortexM3\ARM_GCC_493\Debug\FreeRTOS_Demo.a(CySpc.o)

.debug_frame    0x00000000     0x4cb4
 *(.debug_frame)
 .debug_frame   0x00000000       0xd8 .\CortexM3\ARM_GCC_493\Debug\list.o
 .debug_frame   0x000000d8      0x4ec .\CortexM3\ARM_GCC_493\Debug\queue.o
 .debug_frame   0x000005c4      0x818 .\CortexM3\ARM_GCC_493\Debug\tasks.o
 .debug_frame   0x00000ddc      0x16c .\CortexM3\ARM_GCC_493\Debug\port.o
 .debug_frame   0x00000f48       0xd0 .\CortexM3\ARM_GCC_493\Debug\heap_2.o
 .debug_frame   0x00001018       0x64 .\CortexM3\ARM_GCC_493\Debug\IntQueueTimer.o
 .debug_frame   0x0000107c       0xd0 .\CortexM3\ARM_GCC_493\Debug\main.o
 .debug_frame   0x0000114c      0x100 .\CortexM3\ARM_GCC_493\Debug\Serial.o
 .debug_frame   0x0000124c      0x138 .\CortexM3\ARM_GCC_493\Debug\movement.o
 .debug_frame   0x00001384       0xa0 .\CortexM3\ARM_GCC_493\Debug\comtest.o
 .debug_frame   0x00001424       0xd8 .\CortexM3\ARM_GCC_493\Debug\Cm3Start.o
 .debug_frame   0x000014fc      0x16c .\CortexM3\ARM_GCC_493\Debug\FreeRTOS_Demo.a(cyfitter_cfg.o)
 .debug_frame   0x00001668      0x428 .\CortexM3\ARM_GCC_493\Debug\FreeRTOS_Demo.a(UART_1.o)
 .debug_frame   0x00001a90       0x38 .\CortexM3\ARM_GCC_493\Debug\FreeRTOS_Demo.a(UART_1_INT.o)
 .debug_frame   0x00001ac8      0x1e8 .\CortexM3\ARM_GCC_493\Debug\FreeRTOS_Demo.a(isr_UART1_TX_BYTE_COMPLETE.o)
 .debug_frame   0x00001cb0      0x1e8 .\CortexM3\ARM_GCC_493\Debug\FreeRTOS_Demo.a(isr_UART1_RX_BYTE_RECEIVED.o)
 .debug_frame   0x00001e98      0x1b4 .\CortexM3\ARM_GCC_493\Debug\FreeRTOS_Demo.a(UART_1_IntClock.o)
 .debug_frame   0x0000204c      0xc0c .\CortexM3\ARM_GCC_493\Debug\FreeRTOS_Demo.a(CyLib.o)
 .debug_frame   0x00002c58      0x234 .\CortexM3\ARM_GCC_493\Debug\FreeRTOS_Demo.a(cyPm.o)
 .debug_frame   0x00002e8c      0x25c .\CortexM3\ARM_GCC_493\Debug\FreeRTOS_Demo.a(PWM_M1.o)
 .debug_frame   0x000030e8      0x1b4 .\CortexM3\ARM_GCC_493\Debug\FreeRTOS_Demo.a(MClock.o)
 .debug_frame   0x0000329c       0xa8 .\CortexM3\ARM_GCC_493\Debug\FreeRTOS_Demo.a(M1_FWD.o)
 .debug_frame   0x00003344       0xa8 .\CortexM3\ARM_GCC_493\Debug\FreeRTOS_Demo.a(M1_BWD.o)
 .debug_frame   0x000033ec      0x25c .\CortexM3\ARM_GCC_493\Debug\FreeRTOS_Demo.a(PWM_M2.o)
 .debug_frame   0x00003648       0xa8 .\CortexM3\ARM_GCC_493\Debug\FreeRTOS_Demo.a(M2_FWD.o)
 .debug_frame   0x000036f0       0xa8 .\CortexM3\ARM_GCC_493\Debug\FreeRTOS_Demo.a(M2_BWD.o)
 .debug_frame   0x00003798       0xa8 .\CortexM3\ARM_GCC_493\Debug\FreeRTOS_Demo.a(Standby.o)
 .debug_frame   0x00003840      0x158 .\CortexM3\ARM_GCC_493\Debug\FreeRTOS_Demo.a(M1QuadDec.o)
 .debug_frame   0x00003998       0x38 .\CortexM3\ARM_GCC_493\Debug\FreeRTOS_Demo.a(M1QuadDec_INT.o)
 .debug_frame   0x000039d0      0x1b4 .\CortexM3\ARM_GCC_493\Debug\FreeRTOS_Demo.a(M1Clock.o)
 .debug_frame   0x00003b84      0x158 .\CortexM3\ARM_GCC_493\Debug\FreeRTOS_Demo.a(M2QuadDec.o)
 .debug_frame   0x00003cdc       0x38 .\CortexM3\ARM_GCC_493\Debug\FreeRTOS_Demo.a(M2QuadDec_INT.o)
 .debug_frame   0x00003d14      0x258 .\CortexM3\ARM_GCC_493\Debug\FreeRTOS_Demo.a(M1QuadDec_Cnt16.o)
 .debug_frame   0x00003f6c      0x258 .\CortexM3\ARM_GCC_493\Debug\FreeRTOS_Demo.a(M2QuadDec_Cnt16.o)
 .debug_frame   0x000041c4      0x230 .\CortexM3\ARM_GCC_493\Debug\FreeRTOS_Demo.a(Timer_1.o)
 .debug_frame   0x000043f4       0xa8 .\CortexM3\ARM_GCC_493\Debug\FreeRTOS_Demo.a(LED.o)
 .debug_frame   0x0000449c      0x210 .\CortexM3\ARM_GCC_493\Debug\FreeRTOS_Demo.a(CyFlash.o)
 .debug_frame   0x000046ac      0x1f8 .\CortexM3\ARM_GCC_493\Debug\FreeRTOS_Demo.a(CySpc.o)
 .debug_frame   0x000048a4       0x20 c:/program files (x86)/cypress/psoc creator/4.0/psoc creator/import/gnu/arm/4.9.3/bin/../lib/gcc/arm-none-eabi/4.9.3/../../../../arm-none-eabi/lib/armv7-m\libg_nano.a(lib_a-errno.o)
 .debug_frame   0x000048c4       0x28 c:/program files (x86)/cypress/psoc creator/4.0/psoc creator/import/gnu/arm/4.9.3/bin/../lib/gcc/arm-none-eabi/4.9.3/../../../../arm-none-eabi/lib/armv7-m\libg_nano.a(lib_a-exit.o)
 .debug_frame   0x000048ec       0x2c c:/program files (x86)/cypress/psoc creator/4.0/psoc creator/import/gnu/arm/4.9.3/bin/../lib/gcc/arm-none-eabi/4.9.3/../../../../arm-none-eabi/lib/armv7-m\libg_nano.a(lib_a-init.o)
 .debug_frame   0x00004918       0x28 c:/program files (x86)/cypress/psoc creator/4.0/psoc creator/import/gnu/arm/4.9.3/bin/../lib/gcc/arm-none-eabi/4.9.3/../../../../arm-none-eabi/lib/armv7-m\libg_nano.a(lib_a-memcpy.o)
 .debug_frame   0x00004940       0x20 c:/program files (x86)/cypress/psoc creator/4.0/psoc creator/import/gnu/arm/4.9.3/bin/../lib/gcc/arm-none-eabi/4.9.3/../../../../arm-none-eabi/lib/armv7-m\libg_nano.a(lib_a-memset.o)
 .debug_frame   0x00004960       0x74 c:/program files (x86)/cypress/psoc creator/4.0/psoc creator/import/gnu/arm/4.9.3/bin/../lib/gcc/arm-none-eabi/4.9.3/../../../../arm-none-eabi/lib/armv7-m\libg_nano.a(lib_a-snprintf.o)
 .debug_frame   0x000049d4       0x70 c:/program files (x86)/cypress/psoc creator/4.0/psoc creator/import/gnu/arm/4.9.3/bin/../lib/gcc/arm-none-eabi/4.9.3/../../../../arm-none-eabi/lib/armv7-m\libg_nano.a(lib_a-sprintf.o)
 .debug_frame   0x00004a44       0x8c c:/program files (x86)/cypress/psoc creator/4.0/psoc creator/import/gnu/arm/4.9.3/bin/../lib/gcc/arm-none-eabi/4.9.3/../../../../arm-none-eabi/lib/armv7-m\libg_nano.a(lib_a-nano-svfprintf.o)
 .debug_frame   0x00004ad0       0x58 c:/program files (x86)/cypress/psoc creator/4.0/psoc creator/import/gnu/arm/4.9.3/bin/../lib/gcc/arm-none-eabi/4.9.3/../../../../arm-none-eabi/lib/armv7-m\libg_nano.a(lib_a-nano-vfprintf_i.o)
 .debug_frame   0x00004b28       0x28 c:/program files (x86)/cypress/psoc creator/4.0/psoc creator/import/gnu/arm/4.9.3/bin/../lib/gcc/arm-none-eabi/4.9.3/../../../../arm-none-eabi/lib/armv7-m\libg_nano.a(lib_a-memchr.o)
 .debug_frame   0x00004b50       0x28 c:/program files (x86)/cypress/psoc creator/4.0/psoc creator/import/gnu/arm/4.9.3/bin/../lib/gcc/arm-none-eabi/4.9.3/../../../../arm-none-eabi/lib/armv7-m\libg_nano.a(lib_a-memmove.o)
 .debug_frame   0x00004b78       0x2c c:/program files (x86)/cypress/psoc creator/4.0/psoc creator/import/gnu/arm/4.9.3/bin/../lib/gcc/arm-none-eabi/4.9.3/../../../../arm-none-eabi/lib/armv7-m\libg_nano.a(lib_a-nano-freer.o)
 .debug_frame   0x00004ba4       0x2c c:/program files (x86)/cypress/psoc creator/4.0/psoc creator/import/gnu/arm/4.9.3/bin/../lib/gcc/arm-none-eabi/4.9.3/../../../../arm-none-eabi/lib/armv7-m\libg_nano.a(lib_a-nano-mallocr.o)
 .debug_frame   0x00004bd0       0x3c c:/program files (x86)/cypress/psoc creator/4.0/psoc creator/import/gnu/arm/4.9.3/bin/../lib/gcc/arm-none-eabi/4.9.3/../../../../arm-none-eabi/lib/armv7-m\libg_nano.a(lib_a-nano-reallocr.o)
 .debug_frame   0x00004c0c       0x2c c:/program files (x86)/cypress/psoc creator/4.0/psoc creator/import/gnu/arm/4.9.3/bin/../lib/gcc/arm-none-eabi/4.9.3/../../../../arm-none-eabi/lib/armv7-m\libg_nano.a(lib_a-sbrkr.o)
 .debug_frame   0x00004c38       0x20 c:/program files (x86)/cypress/psoc creator/4.0/psoc creator/import/gnu/arm/4.9.3/bin/../lib/gcc/arm-none-eabi/4.9.3/../../../../arm-none-eabi/lib/armv7-m\libg_nano.a(lib_a-nano-msizer.o)
 .debug_frame   0x00004c58       0x5c c:/program files (x86)/cypress/psoc creator/4.0/psoc creator/import/gnu/arm/4.9.3/bin/../lib/gcc/arm-none-eabi/4.9.3/../../../../arm-none-eabi/lib/armv7-m\libg_nano.a(lib_a-reent.o)

.debug_str      0x00000000     0x45ef
 *(.debug_str)
 .debug_str     0x00000000      0x1a0 .\CortexM3\ARM_GCC_493\Debug\croutine.o
                                0x1e8 (size before relaxing)
 .debug_str     0x000001a0      0x15c .\CortexM3\ARM_GCC_493\Debug\list.o
                                0x337 (size before relaxing)
 .debug_str     0x000002fc      0x5f3 .\CortexM3\ARM_GCC_493\Debug\queue.o
                                0x8c9 (size before relaxing)
 .debug_str     0x000008ef      0xb4c .\CortexM3\ARM_GCC_493\Debug\tasks.o
                                0xf01 (size before relaxing)
 .debug_str     0x0000143b      0x12b .\CortexM3\ARM_GCC_493\Debug\port.o
                                0x39b (size before relaxing)
 .debug_str     0x00001566      0x181 .\CortexM3\ARM_GCC_493\Debug\heap_2.o
                                0x39f (size before relaxing)
 .debug_str     0x000016e7       0xfe .\CortexM3\ARM_GCC_493\Debug\IntQueueTimer.o
                                0x2e4 (size before relaxing)
 .debug_str     0x000017e5      0x130 .\CortexM3\ARM_GCC_493\Debug\main.o
                                0x402 (size before relaxing)
 .debug_str     0x00001915       0xed .\CortexM3\ARM_GCC_493\Debug\Serial.o
                                0x394 (size before relaxing)
 .debug_str     0x00001a02       0xbc .\CortexM3\ARM_GCC_493\Debug\movement.o
                                0x315 (size before relaxing)
 .debug_str     0x00001abe       0xc7 .\CortexM3\ARM_GCC_493\Debug\comtest.o
                                0x319 (size before relaxing)
 .debug_str     0x00001b85       0x75 .\CortexM3\ARM_GCC_493\Debug\cymetadata.o
                                0x223 (size before relaxing)
 .debug_str     0x00001bfa      0x11b .\CortexM3\ARM_GCC_493\Debug\Cm3Start.o
                                0x304 (size before relaxing)
 .debug_str     0x00001d15      0x18c .\CortexM3\ARM_GCC_493\Debug\FreeRTOS_Demo.a(cyfitter_cfg.o)
                                0x365 (size before relaxing)
 .debug_str     0x00001ea1      0x368 .\CortexM3\ARM_GCC_493\Debug\FreeRTOS_Demo.a(UART_1.o)
                                0x543 (size before relaxing)
 .debug_str     0x00002209       0x57 .\CortexM3\ARM_GCC_493\Debug\FreeRTOS_Demo.a(UART_1_INT.o)
                                0x28f (size before relaxing)
 .debug_str     0x00002260      0x224 .\CortexM3\ARM_GCC_493\Debug\FreeRTOS_Demo.a(isr_UART1_TX_BYTE_COMPLETE.o)
                                0x3f9 (size before relaxing)
 .debug_str     0x00002484      0x20c .\CortexM3\ARM_GCC_493\Debug\FreeRTOS_Demo.a(isr_UART1_RX_BYTE_RECEIVED.o)
                                0x3f9 (size before relaxing)
 .debug_str     0x00002690      0x1c8 .\CortexM3\ARM_GCC_493\Debug\FreeRTOS_Demo.a(UART_1_IntClock.o)
                                0x387 (size before relaxing)
 .debug_str     0x00002858      0x7df .\CortexM3\ARM_GCC_493\Debug\FreeRTOS_Demo.a(CyLib.o)
                                0xa17 (size before relaxing)
 .debug_str     0x00003037      0x365 .\CortexM3\ARM_GCC_493\Debug\FreeRTOS_Demo.a(cyPm.o)
                                0x564 (size before relaxing)
 .debug_str     0x0000339c      0x1a9 .\CortexM3\ARM_GCC_493\Debug\FreeRTOS_Demo.a(PWM_M1.o)
                                0x371 (size before relaxing)
 .debug_str     0x00003545      0x10b .\CortexM3\ARM_GCC_493\Debug\FreeRTOS_Demo.a(MClock.o)
                                0x31b (size before relaxing)
 .debug_str     0x00003650       0x6b .\CortexM3\ARM_GCC_493\Debug\FreeRTOS_Demo.a(M1_FWD.o)
                                0x220 (size before relaxing)
 .debug_str     0x000036bb       0x60 .\CortexM3\ARM_GCC_493\Debug\FreeRTOS_Demo.a(M1_BWD.o)
                                0x220 (size before relaxing)
 .debug_str     0x0000371b      0x178 .\CortexM3\ARM_GCC_493\Debug\FreeRTOS_Demo.a(PWM_M2.o)
                                0x371 (size before relaxing)
 .debug_str     0x00003893       0x60 .\CortexM3\ARM_GCC_493\Debug\FreeRTOS_Demo.a(M2_FWD.o)
                                0x220 (size before relaxing)
 .debug_str     0x000038f3       0x60 .\CortexM3\ARM_GCC_493\Debug\FreeRTOS_Demo.a(M2_BWD.o)
                                0x220 (size before relaxing)
 .debug_str     0x00003953       0x65 .\CortexM3\ARM_GCC_493\Debug\FreeRTOS_Demo.a(Standby.o)
                                0x225 (size before relaxing)
 .debug_str     0x000039b8      0x111 .\CortexM3\ARM_GCC_493\Debug\FreeRTOS_Demo.a(M1QuadDec.o)
                                0x306 (size before relaxing)
 .debug_str     0x00003ac9       0x48 .\CortexM3\ARM_GCC_493\Debug\FreeRTOS_Demo.a(M1QuadDec_INT.o)
                                0x21b (size before relaxing)
 .debug_str     0x00003b11      0x117 .\CortexM3\ARM_GCC_493\Debug\FreeRTOS_Demo.a(M1Clock.o)
                                0x327 (size before relaxing)
 .debug_str     0x00003c28      0x102 .\CortexM3\ARM_GCC_493\Debug\FreeRTOS_Demo.a(M2QuadDec.o)
                                0x306 (size before relaxing)
 .debug_str     0x00003d2a       0x48 .\CortexM3\ARM_GCC_493\Debug\FreeRTOS_Demo.a(M2QuadDec_INT.o)
                                0x21b (size before relaxing)
 .debug_str     0x00003d72      0x232 .\CortexM3\ARM_GCC_493\Debug\FreeRTOS_Demo.a(M1QuadDec_Cnt16.o)
                                0x416 (size before relaxing)
 .debug_str     0x00003fa4      0x223 .\CortexM3\ARM_GCC_493\Debug\FreeRTOS_Demo.a(M2QuadDec_Cnt16.o)
                                0x416 (size before relaxing)
 .debug_str     0x000041c7      0x17a .\CortexM3\ARM_GCC_493\Debug\FreeRTOS_Demo.a(Timer_1.o)
                                0x35f (size before relaxing)
 .debug_str     0x00004341       0x51 .\CortexM3\ARM_GCC_493\Debug\FreeRTOS_Demo.a(LED.o)
                                0x211 (size before relaxing)
 .debug_str     0x00004392      0x13e .\CortexM3\ARM_GCC_493\Debug\FreeRTOS_Demo.a(CyFlash.o)
                                0x323 (size before relaxing)
 .debug_str     0x000044d0      0x11f .\CortexM3\ARM_GCC_493\Debug\FreeRTOS_Demo.a(CySpc.o)
                                0x320 (size before relaxing)

.debug_loc
 *(.debug_loc)

.debug_macinfo
 *(.debug_macinfo)

.debug_ranges   0x00000000     0x1018
 *(.debug_ranges)
 .debug_ranges  0x00000000       0x30 .\CortexM3\ARM_GCC_493\Debug\list.o
 .debug_ranges  0x00000030      0x100 .\CortexM3\ARM_GCC_493\Debug\queue.o
 .debug_ranges  0x00000130      0x1a8 .\CortexM3\ARM_GCC_493\Debug\tasks.o
 .debug_ranges  0x000002d8       0x60 .\CortexM3\ARM_GCC_493\Debug\port.o
 .debug_ranges  0x00000338       0x30 .\CortexM3\ARM_GCC_493\Debug\heap_2.o
 .debug_ranges  0x00000368       0x20 .\CortexM3\ARM_GCC_493\Debug\IntQueueTimer.o
 .debug_ranges  0x00000388       0x38 .\CortexM3\ARM_GCC_493\Debug\main.o
 .debug_ranges  0x000003c0       0x38 .\CortexM3\ARM_GCC_493\Debug\Serial.o
 .debug_ranges  0x000003f8       0x40 .\CortexM3\ARM_GCC_493\Debug\movement.o
 .debug_ranges  0x00000438       0x28 .\CortexM3\ARM_GCC_493\Debug\comtest.o
 .debug_ranges  0x00000460       0x38 .\CortexM3\ARM_GCC_493\Debug\Cm3Start.o
 .debug_ranges  0x00000498       0x50 .\CortexM3\ARM_GCC_493\Debug\FreeRTOS_Demo.a(cyfitter_cfg.o)
 .debug_ranges  0x000004e8       0xe0 .\CortexM3\ARM_GCC_493\Debug\FreeRTOS_Demo.a(UART_1.o)
 .debug_ranges  0x000005c8       0x10 .\CortexM3\ARM_GCC_493\Debug\FreeRTOS_Demo.a(UART_1_INT.o)
 .debug_ranges  0x000005d8       0x70 .\CortexM3\ARM_GCC_493\Debug\FreeRTOS_Demo.a(isr_UART1_TX_BYTE_COMPLETE.o)
 .debug_ranges  0x00000648       0x70 .\CortexM3\ARM_GCC_493\Debug\FreeRTOS_Demo.a(isr_UART1_RX_BYTE_RECEIVED.o)
 .debug_ranges  0x000006b8       0x60 .\CortexM3\ARM_GCC_493\Debug\FreeRTOS_Demo.a(UART_1_IntClock.o)
 .debug_ranges  0x00000718      0x290 .\CortexM3\ARM_GCC_493\Debug\FreeRTOS_Demo.a(CyLib.o)
 .debug_ranges  0x000009a8       0x88 .\CortexM3\ARM_GCC_493\Debug\FreeRTOS_Demo.a(cyPm.o)
 .debug_ranges  0x00000a30       0x88 .\CortexM3\ARM_GCC_493\Debug\FreeRTOS_Demo.a(PWM_M1.o)
 .debug_ranges  0x00000ab8       0x60 .\CortexM3\ARM_GCC_493\Debug\FreeRTOS_Demo.a(MClock.o)
 .debug_ranges  0x00000b18       0x28 .\CortexM3\ARM_GCC_493\Debug\FreeRTOS_Demo.a(M1_FWD.o)
 .debug_ranges  0x00000b40       0x28 .\CortexM3\ARM_GCC_493\Debug\FreeRTOS_Demo.a(M1_BWD.o)
 .debug_ranges  0x00000b68       0x88 .\CortexM3\ARM_GCC_493\Debug\FreeRTOS_Demo.a(PWM_M2.o)
 .debug_ranges  0x00000bf0       0x28 .\CortexM3\ARM_GCC_493\Debug\FreeRTOS_Demo.a(M2_FWD.o)
 .debug_ranges  0x00000c18       0x28 .\CortexM3\ARM_GCC_493\Debug\FreeRTOS_Demo.a(M2_BWD.o)
 .debug_ranges  0x00000c40       0x28 .\CortexM3\ARM_GCC_493\Debug\FreeRTOS_Demo.a(Standby.o)
 .debug_ranges  0x00000c68       0x50 .\CortexM3\ARM_GCC_493\Debug\FreeRTOS_Demo.a(M1QuadDec.o)
 .debug_ranges  0x00000cb8       0x10 .\CortexM3\ARM_GCC_493\Debug\FreeRTOS_Demo.a(M1QuadDec_INT.o)
 .debug_ranges  0x00000cc8       0x60 .\CortexM3\ARM_GCC_493\Debug\FreeRTOS_Demo.a(M1Clock.o)
 .debug_ranges  0x00000d28       0x50 .\CortexM3\ARM_GCC_493\Debug\FreeRTOS_Demo.a(M2QuadDec.o)
 .debug_ranges  0x00000d78       0x10 .\CortexM3\ARM_GCC_493\Debug\FreeRTOS_Demo.a(M2QuadDec_INT.o)
 .debug_ranges  0x00000d88       0x88 .\CortexM3\ARM_GCC_493\Debug\FreeRTOS_Demo.a(M1QuadDec_Cnt16.o)
 .debug_ranges  0x00000e10       0x88 .\CortexM3\ARM_GCC_493\Debug\FreeRTOS_Demo.a(M2QuadDec_Cnt16.o)
 .debug_ranges  0x00000e98       0x80 .\CortexM3\ARM_GCC_493\Debug\FreeRTOS_Demo.a(Timer_1.o)
 .debug_ranges  0x00000f18       0x28 .\CortexM3\ARM_GCC_493\Debug\FreeRTOS_Demo.a(LED.o)
 .debug_ranges  0x00000f40       0x70 .\CortexM3\ARM_GCC_493\Debug\FreeRTOS_Demo.a(CyFlash.o)
 .debug_ranges  0x00000fb0       0x68 .\CortexM3\ARM_GCC_493\Debug\FreeRTOS_Demo.a(CySpc.o)

.comment        0x00000000       0x70
 .comment       0x00000000       0x70 .\CortexM3\ARM_GCC_493\Debug\croutine.o
                                 0x71 (size before relaxing)
 .comment       0x00000000       0x71 .\CortexM3\ARM_GCC_493\Debug\list.o
 .comment       0x00000000       0x71 .\CortexM3\ARM_GCC_493\Debug\queue.o
 .comment       0x00000000       0x71 .\CortexM3\ARM_GCC_493\Debug\tasks.o
 .comment       0x00000000       0x71 .\CortexM3\ARM_GCC_493\Debug\port.o
 .comment       0x00000000       0x71 .\CortexM3\ARM_GCC_493\Debug\heap_2.o
 .comment       0x00000000       0x71 .\CortexM3\ARM_GCC_493\Debug\IntQueueTimer.o
 .comment       0x00000000       0x71 .\CortexM3\ARM_GCC_493\Debug\main.o
 .comment       0x00000000       0x71 .\CortexM3\ARM_GCC_493\Debug\Serial.o
 .comment       0x00000000       0x71 .\CortexM3\ARM_GCC_493\Debug\movement.o
 .comment       0x00000000       0x71 .\CortexM3\ARM_GCC_493\Debug\comtest.o
 .comment       0x00000000       0x71 .\CortexM3\ARM_GCC_493\Debug\cymetadata.o
 .comment       0x00000000       0x71 .\CortexM3\ARM_GCC_493\Debug\Cm3Start.o
 .comment       0x00000000       0x71 .\CortexM3\ARM_GCC_493\Debug\FreeRTOS_Demo.a(cyfitter_cfg.o)
 .comment       0x00000000       0x71 .\CortexM3\ARM_GCC_493\Debug\FreeRTOS_Demo.a(UART_1.o)
 .comment       0x00000000       0x71 .\CortexM3\ARM_GCC_493\Debug\FreeRTOS_Demo.a(UART_1_INT.o)
 .comment       0x00000000       0x71 .\CortexM3\ARM_GCC_493\Debug\FreeRTOS_Demo.a(isr_UART1_TX_BYTE_COMPLETE.o)
 .comment       0x00000000       0x71 .\CortexM3\ARM_GCC_493\Debug\FreeRTOS_Demo.a(isr_UART1_RX_BYTE_RECEIVED.o)
 .comment       0x00000000       0x71 .\CortexM3\ARM_GCC_493\Debug\FreeRTOS_Demo.a(UART_1_IntClock.o)