Archive member included because of file (symbol)

.\CortexM3\ARM_GCC_493\Debug\FreeRTOS_Demo.a(cyfitter_cfg.o)
                              .\CortexM3\ARM_GCC_493\Debug\Cm3Start.o (cyfitter_cfg)
.\CortexM3\ARM_GCC_493\Debug\FreeRTOS_Demo.a(UART_1.o)
                              .\CortexM3\ARM_GCC_493\Debug\main.o (UART_1_Start)
.\CortexM3\ARM_GCC_493\Debug\FreeRTOS_Demo.a(UART_1_INT.o)
                              .\CortexM3\ARM_GCC_493\Debug\FreeRTOS_Demo.a(UART_1.o) (UART_1_RXISR)
.\CortexM3\ARM_GCC_493\Debug\FreeRTOS_Demo.a(isr_UART1_TX_BYTE_COMPLETE.o)
                              .\CortexM3\ARM_GCC_493\Debug\Serial.o (isr_UART1_TX_BYTE_COMPLETE_StartEx)
.\CortexM3\ARM_GCC_493\Debug\FreeRTOS_Demo.a(isr_UART1_RX_BYTE_RECEIVED.o)
                              .\CortexM3\ARM_GCC_493\Debug\Serial.o (isr_UART1_RX_BYTE_RECEIVED_StartEx)
.\CortexM3\ARM_GCC_493\Debug\FreeRTOS_Demo.a(UART_1_IntClock.o)
                              .\CortexM3\ARM_GCC_493\Debug\FreeRTOS_Demo.a(UART_1.o) (UART_1_IntClock_Start)
.\CortexM3\ARM_GCC_493\Debug\FreeRTOS_Demo.a(CyLib.o)
                              .\CortexM3\ARM_GCC_493\Debug\Cm3Start.o (CyResetStatus)
.\CortexM3\ARM_GCC_493\Debug\FreeRTOS_Demo.a(cyPm.o)
                              .\CortexM3\ARM_GCC_493\Debug\FreeRTOS_Demo.a(CyLib.o) (CyPmReadStatus)
.\CortexM3\ARM_GCC_493\Debug\FreeRTOS_Demo.a(PWM_M1.o)
                              .\CortexM3\ARM_GCC_493\Debug\main.o (PWM_M1_Start)
.\CortexM3\ARM_GCC_493\Debug\FreeRTOS_Demo.a(MClock.o)
                              .\CortexM3\ARM_GCC_493\Debug\main.o (MClock_Start)
.\CortexM3\ARM_GCC_493\Debug\FreeRTOS_Demo.a(M1_FWD.o)
                              .\CortexM3\ARM_GCC_493\Debug\movement.o (M1_FWD_Write)
.\CortexM3\ARM_GCC_493\Debug\FreeRTOS_Demo.a(M1_BWD.o)
                              .\CortexM3\ARM_GCC_493\Debug\movement.o (M1_BWD_Write)
.\CortexM3\ARM_GCC_493\Debug\FreeRTOS_Demo.a(PWM_M2.o)
                              .\CortexM3\ARM_GCC_493\Debug\main.o (PWM_M2_Start)
.\CortexM3\ARM_GCC_493\Debug\FreeRTOS_Demo.a(M2_FWD.o)
                              .\CortexM3\ARM_GCC_493\Debug\movement.o (M2_FWD_Write)
.\CortexM3\ARM_GCC_493\Debug\FreeRTOS_Demo.a(M2_BWD.o)
                              .\CortexM3\ARM_GCC_493\Debug\movement.o (M2_BWD_Write)
.\CortexM3\ARM_GCC_493\Debug\FreeRTOS_Demo.a(Standby.o)
                              .\CortexM3\ARM_GCC_493\Debug\movement.o (Standby_Write)
.\CortexM3\ARM_GCC_493\Debug\FreeRTOS_Demo.a(M1QuadDec.o)
                              .\CortexM3\ARM_GCC_493\Debug\main.o (M1QuadDec_Enable)
.\CortexM3\ARM_GCC_493\Debug\FreeRTOS_Demo.a(M1QuadDec_INT.o)
                              .\CortexM3\ARM_GCC_493\Debug\FreeRTOS_Demo.a(M1QuadDec.o) (M1QuadDec_count32SoftPart)
.\CortexM3\ARM_GCC_493\Debug\FreeRTOS_Demo.a(M1Clock.o)
                              .\CortexM3\ARM_GCC_493\Debug\main.o (M1Clock_Start)
.\CortexM3\ARM_GCC_493\Debug\FreeRTOS_Demo.a(M2QuadDec.o)
                              .\CortexM3\ARM_GCC_493\Debug\main.o (M2QuadDec_Enable)
.\CortexM3\ARM_GCC_493\Debug\FreeRTOS_Demo.a(M2QuadDec_INT.o)
                              .\CortexM3\ARM_GCC_493\Debug\FreeRTOS_Demo.a(M2QuadDec.o) (M2QuadDec_count32SoftPart)
.\CortexM3\ARM_GCC_493\Debug\FreeRTOS_Demo.a(M1QuadDec_Cnt16.o)
                              .\CortexM3\ARM_GCC_493\Debug\FreeRTOS_Demo.a(M1QuadDec.o) (M1QuadDec_Cnt16_WriteCounter)
.\CortexM3\ARM_GCC_493\Debug\FreeRTOS_Demo.a(M2QuadDec_Cnt16.o)
                              .\CortexM3\ARM_GCC_493\Debug\FreeRTOS_Demo.a(M2QuadDec.o) (M2QuadDec_Cnt16_WriteCounter)
.\CortexM3\ARM_GCC_493\Debug\FreeRTOS_Demo.a(Timer_1.o)
                              .\CortexM3\ARM_GCC_493\Debug\main.o (Timer_1_Start)
.\CortexM3\ARM_GCC_493\Debug\FreeRTOS_Demo.a(LED.o)
                              .\CortexM3\ARM_GCC_493\Debug\main.o (LED_Write)
.\CortexM3\ARM_GCC_493\Debug\FreeRTOS_Demo.a(CyBootAsmGnu.o)
                              .\CortexM3\ARM_GCC_493\Debug\FreeRTOS_Demo.a(cyfitter_cfg.o) (CyDelayCycles)
.\CortexM3\ARM_GCC_493\Debug\FreeRTOS_Demo.a(CyFlash.o)
                              .\CortexM3\ARM_GCC_493\Debug\FreeRTOS_Demo.a(cyPm.o) (CyFlash_SetWaitCycles)
.\CortexM3\ARM_GCC_493\Debug\FreeRTOS_Demo.a(CySpc.o)
                              .\CortexM3\ARM_GCC_493\Debug\FreeRTOS_Demo.a(CyFlash.o) (CySpcStart)
c:/program files (x86)/cypress/psoc creator/4.0/psoc creator/import/gnu/arm/4.9.3/bin/../lib/gcc/arm-none-eabi/4.9.3/armv7-m\libgcc.a(_arm_addsubdf3.o)
                              .\CortexM3\ARM_GCC_493\Debug\movement.o (__aeabi_dadd)
c:/program files (x86)/cypress/psoc creator/4.0/psoc creator/import/gnu/arm/4.9.3/bin/../lib/gcc/arm-none-eabi/4.9.3/armv7-m\libgcc.a(_arm_muldivdf3.o)
                              .\CortexM3\ARM_GCC_493\Debug\movement.o (__aeabi_dmul)
c:/program files (x86)/cypress/psoc creator/4.0/psoc creator/import/gnu/arm/4.9.3/bin/../lib/gcc/arm-none-eabi/4.9.3/armv7-m\libgcc.a(_arm_fixdfsi.o)
[...]
Memory Configuration

Name             Origin             Length             Attributes
rom              0x00000000         0x00040000         xr
ram              0x1fff8000         0x00010000         xrw
*default*        0x00000000         0xffffffff

Linker script and memory map

LOAD c:/program files (x86)/cypress/psoc creator/4.0/psoc creator/import/gnu/arm/4.9.3/bin/../lib/gcc/arm-none-eabi/4.9.3/armv7-m/crti.o
LOAD c:/program files (x86)/cypress/psoc creator/4.0/psoc creator/import/gnu/arm/4.9.3/bin/../lib/gcc/arm-none-eabi/4.9.3/armv7-m/crtbegin.o
LOAD c:/program files (x86)/cypress/psoc creator/4.0/psoc creator/import/gnu/arm/4.9.3/bin/../lib/gcc/arm-none-eabi/4.9.3/../../../../arm-none-eabi/lib/armv7-m/crt0.o
START GROUP
LOAD .\CortexM3\ARM_GCC_493\Debug\croutine.o
LOAD .\CortexM3\ARM_GCC_493\Debug\list.o
LOAD .\CortexM3\ARM_GCC_493\Debug\queue.o
LOAD .\CortexM3\ARM_GCC_493\Debug\tasks.o
LOAD .\CortexM3\ARM_GCC_493\Debug\port.o
LOAD .\CortexM3\ARM_GCC_493\Debug\heap_2.o
LOAD .\CortexM3\ARM_GCC_493\Debug\IntQueueTimer.o
LOAD .\CortexM3\ARM_GCC_493\Debug\main.o
LOAD .\CortexM3\ARM_GCC_493\Debug\Serial.o
LOAD .\CortexM3\ARM_GCC_493\Debug\movement.o
LOAD .\CortexM3\ARM_GCC_493\Debug\comtest.o
LOAD .\CortexM3\ARM_GCC_493\Debug\cymetadata.o
LOAD .\CortexM3\ARM_GCC_493\Debug\Cm3Start.o
LOAD .\CortexM3\ARM_GCC_493\Debug\FreeRTOS_Demo.a
LOAD C:\Program Files (x86)\Cypress\PSoC Creator\4.0\PSoC Creator\psoc\content\cycomponentlibrary\CyComponentLibrary.cylib\CortexM3\ARM_GCC_493\Debug\CyComponentLibrary.a
END GROUP
START GROUP
LOAD c:/program files (x86)/cypress/psoc creator/4.0/psoc creator/import/gnu/arm/4.9.3/bin/../lib/gcc/arm-none-eabi/4.9.3/armv7-m\libgcc.a
LOAD c:/program files (x86)/cypress/psoc creator/4.0/psoc creator/import/gnu/arm/4.9.3/bin/../lib/gcc/arm-none-eabi/4.9.3/../../../../arm-none-eabi/lib/armv7-m\libg_nano.a
LOAD c:/program files (x86)/cypress/psoc creator/4.0/psoc creator/import/gnu/arm/4.9.3/bin/../lib/gcc/arm-none-eabi/4.9.3/../../../../arm-none-eabi/lib/armv7-m\libc_nano.a
END GROUP
START GROUP
LOAD c:/program files (x86)/cypress/psoc creator/4.0/psoc creator/import/gnu/arm/4.9.3/bin/../lib/gcc/arm-none-eabi/4.9.3/armv7-m\libgcc.a
LOAD c:/program files (x86)/cypress/psoc creator/4.0/psoc creator/import/gnu/arm/4.9.3/bin/../lib/gcc/arm-none-eabi/4.9.3/../../../../arm-none-eabi/lib/armv7-m\libc_nano.a
END GROUP
LOAD c:/program files (x86)/cypress/psoc creator/4.0/psoc creator/import/gnu/arm/4.9.3/bin/../lib/gcc/arm-none-eabi/4.9.3/armv7-m/crtend.o
LOAD c:/program files (x86)/cypress/psoc creator/4.0/psoc creator/import/gnu/arm/4.9.3/bin/../lib/gcc/arm-none-eabi/4.9.3/armv7-m/crtn.o
START GROUP
LOAD c:/program files (x86)/cypress/psoc creator/4.0/psoc creator/import/gnu/arm/4.9.3/bin/../lib/gcc/arm-none-eabi/4.9.3/armv7-m\libgcc.a
LOAD c:/program files (x86)/cypress/psoc creator/4.0/psoc creator/import/gnu/arm/4.9.3/bin/../lib/gcc/arm-none-eabi/4.9.3/../../../../arm-none-eabi/lib/armv7-m\libc.a
LOAD c:/program files (x86)/cypress/psoc creator/4.0/psoc creator/import/gnu/arm/4.9.3/bin/../lib/gcc/arm-none-eabi/4.9.3/../../../../arm-none-eabi/lib/armv7-m\libnosys.a
END GROUP
                0x00000000                CY_APPL_ORIGIN = 0x0
                0x00000100                CY_FLASH_ROW_SIZE = 0x100
                0x00000020                CY_ECC_ROW_SIZE = 0x20
                0x00000000                CY_EE_IN_BTLDR = 0x0
                0x00000000                CY_APPL_LOADABLE = 0x0
                0x00000800                CY_EE_SIZE = 0x800
                0x00000001                CY_APPL_NUM = 0x1
                0x00000001                CY_APPL_MAX = 0x1
                0x00000040                CY_METADATA_SIZE = 0x40
                0x00000000                CY_APPL_LOADABLE = 0x0
                0x00000000                CY_CHECKSUM_EXCLUDE_SIZE = ALIGN (0x0, CY_FLASH_ROW_SIZE)
                0x200007a0                PROVIDE (__cy_heap_start, _end)
                0x00000001                PROVIDE (__cy_region_num, ((__cy_regions_end - __cy_regions) / 0x10))
                0x20008000                PROVIDE (__cy_stack, (ORIGIN (ram) + 0x10000))
                0x20007c00                PROVIDE (__cy_heap_end, (__cy_stack - 0x400))

.cybootloader   0x00000000        0x0
 *(.cybootloader)
                0x00000000                appl1_start = CY_APPL_ORIGIN?CY_APPL_ORIGIN:ALIGN (CY_FLASH_ROW_SIZE)
                0x0001ff00                appl2_start = (appl1_start + ALIGN ((((0x40000 - appl1_start) - (0x2 * CY_FLASH_ROW_SIZE)) / 0x2), CY_FLASH_ROW_SIZE))
                0x00000000                appl_start = (CY_APPL_NUM == 0x1)?appl1_start:appl2_start
                0x00000000                ecc_offset = ((appl_start / CY_FLASH_ROW_SIZE) * CY_ECC_ROW_SIZE)
                0x00000000                ee_offset = (CY_APPL_LOADABLE && ! (CY_EE_IN_BTLDR))?((CY_EE_SIZE / CY_APPL_MAX) * (CY_APPL_NUM - 0x1)):0x0
                0x00000800                ee_size = (CY_APPL_LOADABLE && ! (CY_EE_IN_BTLDR))?(CY_EE_SIZE / CY_APPL_MAX):CY_EE_SIZE
                0x00000000                PROVIDE (CY_ECC_OFFSET, ecc_offset)

.text           0x00000000     0x5050
 CREATE_OBJECT_SYMBOLS
                0x00000000                PROVIDE (__cy_interrupt_vector, RomVectors)
 *(.romvectors)
 .romvectors    0x00000000       0x10 .\CortexM3\ARM_GCC_493\Debug\Cm3Start.o
                0x00000000                RomVectors
                0x00000001                ASSERT ((. != __cy_interrupt_vector), No interrupt vector)
                0x00000001                ASSERT (CY_APPL_ORIGIN?(SIZEOF (.cybootloader) <= CY_APPL_ORIGIN):0x1, Wrong image location)
                0x00000010                PROVIDE (__cy_reset, Reset)
 *(.text.Reset)
 .text.Reset    0x00000010       0x18 .\CortexM3\ARM_GCC_493\Debug\Cm3Start.o
                0x00000010                Reset
                0x00000001                ASSERT ((. != __cy_reset), No reset code)
 *(.dma_init)
                0x00000001                ASSERT ((((appl_start + .) <= 0x10000) || 0x1), DMA Init must be within the first 64k of flash)
 *(.text .text.* .gnu.linkonce.t.*)
 .text          0x00000028       0x5c c:/program files (x86)/cypress/psoc creator/4.0/psoc creator/import/gnu/arm/4.9.3/bin/../lib/gcc/arm-none-eabi/4.9.3/armv7-m/crtbegin.o
 .text.vListInitialise
                0x00000084       0x40 .\CortexM3\ARM_GCC_493\Debug\list.o
                0x00000084                vListInitialise
 .text.vListInitialiseItem
                0x000000c4       0x18 .\CortexM3\ARM_GCC_493\Debug\list.o
                0x000000c4                vListInitialiseItem
 .text.vListInsertEnd
                0x000000dc       0x48 .\CortexM3\ARM_GCC_493\Debug\list.o
                0x000000dc                vListInsertEnd
 .text.vListInsert
                0x00000124       0x70 .\CortexM3\ARM_GCC_493\Debug\list.o
                0x00000124                vListInsert
 .text.uxListRemove
                0x00000194       0x54 .\CortexM3\ARM_GCC_493\Debug\list.o
                0x00000194                uxListRemove
 .text.xQueueGenericReset
                0x000001e8       0xb4 .\CortexM3\ARM_GCC_493\Debug\queue.o
                0x000001e8                xQueueGenericReset
 .text.xQueueGenericCreate
                0x0000029c       0x58 .\CortexM3\ARM_GCC_493\Debug\queue.o
                0x0000029c                xQueueGenericCreate
 .text.prvInitialiseNewQueue
                0x000002f4       0x3c .\CortexM3\ARM_GCC_493\Debug\queue.o
 .text.prvInitialiseMutex
                0x00000330       0x34 .\CortexM3\ARM_GCC_493\Debug\queue.o
 .text.xQueueCreateMutex
                0x00000364       0x30 .\CortexM3\ARM_GCC_493\Debug\queue.o
                0x00000364                xQueueCreateMutex
 .text.xQueueGenericSend
                0x00000394      0x15c .\CortexM3\ARM_GCC_493\Debug\queue.o
                0x00000394                xQueueGenericSend
 .text.xQueueGenericSendFromISR
                0x000004f0       0xb4 .\CortexM3\ARM_GCC_493\Debug\queue.o
                0x000004f0                xQueueGenericSendFromISR
 .text.xQueueReceive
                0x000005a4      0x14c .\CortexM3\ARM_GCC_493\Debug\queue.o
                0x000005a4                xQueueReceive
 .text.xQueueSemaphoreTake
                0x000006f0      0x198 .\CortexM3\ARM_GCC_493\Debug\queue.o
                0x000006f0                xQueueSemaphoreTake
 .text.xQueueReceiveFromISR
                0x00000888       0xac .\CortexM3\ARM_GCC_493\Debug\queue.o
                0x00000888                xQueueReceiveFromISR
 .text.prvGetDisinheritPriorityAfterTimeout
                0x00000934       0x30 .\CortexM3\ARM_GCC_493\Debug\queue.o
 .text.prvCopyDataToQueue
                0x00000964       0xd8 .\CortexM3\ARM_GCC_493\Debug\queue.o
 .text.prvCopyDataFromQueue
                0x00000a3c       0x4c .\CortexM3\ARM_GCC_493\Debug\queue.o
 .text.prvUnlockQueue
                0x00000a88       0xa4 .\CortexM3\ARM_GCC_493\Debug\queue.o
 .text.prvIsQueueEmpty
                0x00000b2c       0x2c .\CortexM3\ARM_GCC_493\Debug\queue.o
 .text.prvIsQueueFull
                0x00000b58       0x30 .\CortexM3\ARM_GCC_493\Debug\queue.o
 .text.xTaskCreate
                0x00000b88       0x84 .\CortexM3\ARM_GCC_493\Debug\tasks.o
                0x00000b88                xTaskCreate
 .text.prvInitialiseNewTask
                0x00000c0c       0xec .\CortexM3\ARM_GCC_493\Debug\tasks.o
 .text.prvAddNewTaskToReadyList
                0x00000cf8       0xd8 .\CortexM3\ARM_GCC_493\Debug\tasks.o
 .text.vTaskDelay
                0x00000dd0       0x44 .\CortexM3\ARM_GCC_493\Debug\tasks.o
                0x00000dd0                vTaskDelay
 .text.vTaskStartScheduler
                0x00000e14       0x6c .\CortexM3\ARM_GCC_493\Debug\tasks.o
                0x00000e14                vTaskStartScheduler
 .text.vTaskSuspendAll
                0x00000e80       0x1c .\CortexM3\ARM_GCC_493\Debug\tasks.o
                0x00000e80                vTaskSuspendAll
 .text.xTaskResumeAll
                0x00000e9c      0x120 .\CortexM3\ARM_GCC_493\Debug\tasks.o
                0x00000e9c                xTaskResumeAll
 .text.xTaskIncrementTick
                0x00000fbc      0x154 .\CortexM3\ARM_GCC_493\Debug\tasks.o
                0x00000fbc                xTaskIncrementTick
 .text.vTaskSwitchContext
                0x00001110       0xd4 .\CortexM3\ARM_GCC_493\Debug\tasks.o
                0x00001110                vTaskSwitchContext
 .text.vTaskPlaceOnEventList
                0x000011e4       0x2c .\CortexM3\ARM_GCC_493\Debug\tasks.o
                0x000011e4                vTaskPlaceOnEventList
 .text.xTaskRemoveFromEventList
                0x00001210       0xac .\CortexM3\ARM_GCC_493\Debug\tasks.o
                0x00001210                xTaskRemoveFromEventList
 .text.vTaskInternalSetTimeOutState
                0x000012bc       0x2c .\CortexM3\ARM_GCC_493\Debug\tasks.o
                0x000012bc                vTaskInternalSetTimeOutState
 .text.xTaskCheckForTimeOut
                0x000012e8       0x8c .\CortexM3\ARM_GCC_493\Debug\tasks.o
                0x000012e8                xTaskCheckForTimeOut
 .text.vTaskMissedYield
                0x00001374       0x18 .\CortexM3\ARM_GCC_493\Debug\tasks.o
                0x00001374                vTaskMissedYield
 .text.prvIdleTask
                0x0000138c       0x10 .\CortexM3\ARM_GCC_493\Debug\tasks.o
 .text.prvInitialiseTaskLists
                0x0000139c       0x7c .\CortexM3\ARM_GCC_493\Debug\tasks.o
 .text.prvCheckTasksWaitingTermination
                0x00001418       0x58 .\CortexM3\ARM_GCC_493\Debug\tasks.o
 .text.prvDeleteTCB
                0x00001470       0x20 .\CortexM3\ARM_GCC_493\Debug\tasks.o
 .text.prvResetNextTaskUnblockTime
                0x00001490       0x40 .\CortexM3\ARM_GCC_493\Debug\tasks.o
 .text.xTaskPriorityInherit
                0x000014d0      0x104 .\CortexM3\ARM_GCC_493\Debug\tasks.o
                0x000014d0                xTaskPriorityInherit
 .text.xTaskPriorityDisinherit
                0x000015d4       0xcc .\CortexM3\ARM_GCC_493\Debug\tasks.o
                0x000015d4                xTaskPriorityDisinherit
 .text.vTaskPriorityDisinheritAfterTimeout
                0x000016a0       0xf4 .\CortexM3\ARM_GCC_493\Debug\tasks.o
                0x000016a0                vTaskPriorityDisinheritAfterTimeout
 .text.pvTaskIncrementMutexHeldCount
                0x00001794       0x28 .\CortexM3\ARM_GCC_493\Debug\tasks.o
                0x00001794                pvTaskIncrementMutexHeldCount
 .text.prvAddCurrentTaskToDelayedList
                0x000017bc       0xc8 .\CortexM3\ARM_GCC_493\Debug\tasks.o
 .text.pxPortInitialiseStack
                0x00001884       0x5c .\CortexM3\ARM_GCC_493\Debug\port.o
                0x00001884                pxPortInitialiseStack
 .text.prvTaskExitError
                0x000018e0       0x30 .\CortexM3\ARM_GCC_493\Debug\port.o
 .text.vPortSVCHandler
                0x00001910       0x30 .\CortexM3\ARM_GCC_493\Debug\port.o
                0x00001910                vPortSVCHandler
 .text.prvPortStartFirstTask
                0x00001940       0x20 .\CortexM3\ARM_GCC_493\Debug\port.o
 .text.xPortStartScheduler
                0x00001960       0x40 .\CortexM3\ARM_GCC_493\Debug\port.o
                0x00001960                xPortStartScheduler
 .text.vPortEnterCritical
                0x000019a0       0x30 .\CortexM3\ARM_GCC_493\Debug\port.o
                0x000019a0                vPortEnterCritical
 .text.vPortExitCritical
                0x000019d0       0x30 .\CortexM3\ARM_GCC_493\Debug\port.o
                0x000019d0                vPortExitCritical
 .text.xPortPendSVHandler
                0x00001a00       0x50 .\CortexM3\ARM_GCC_493\Debug\port.o
                0x00001a00                xPortPendSVHandler
 .text.xPortSysTickHandler
                0x00001a50       0x40 .\CortexM3\ARM_GCC_493\Debug\port.o
                0x00001a50                xPortSysTickHandler
 .text.vPortSetupTimerInterrupt
                0x00001a90       0x34 .\CortexM3\ARM_GCC_493\Debug\port.o
                0x00001a90                vPortSetupTimerInterrupt
 .text.pvPortMalloc
                0x00001ac4      0x124 .\CortexM3\ARM_GCC_493\Debug\heap_2.o
                0x00001ac4                pvPortMalloc
 .text.vPortFree
                0x00001be8       0x70 .\CortexM3\ARM_GCC_493\Debug\heap_2.o
                0x00001be8                vPortFree
 .text.prvHeapInit
                0x00001c58       0x50 .\CortexM3\ARM_GCC_493\Debug\heap_2.o
 .text.main     0x00001ca8       0x94 .\CortexM3\ARM_GCC_493\Debug\main.o
                0x00001ca8                main
 .text.receive_data
                0x00001d3c      0x1f8 .\CortexM3\ARM_GCC_493\Debug\main.o
                0x00001d3c                receive_data
 *fill*         0x00001f34        0x4 
 .text.PID_initialise
                0x00001f38       0xc0 .\CortexM3\ARM_GCC_493\Debug\main.o
                0x00001f38                PID_initialise
 .text.prvHardwareSetup
                0x00001ff8       0x68 .\CortexM3\ARM_GCC_493\Debug\main.o
 .text.vApplicationStackOverflowHook
                0x00002060       0x20 .\CortexM3\ARM_GCC_493\Debug\main.o
                0x00002060                vApplicationStackOverflowHook
 .text.vApplicationMallocFailedHook
                0x00002080       0x1c .\CortexM3\ARM_GCC_493\Debug\main.o
                0x00002080                vApplicationMallocFailedHook
 .text.xSerialPortInitMinimal
                0x0000209c       0x74 .\CortexM3\ARM_GCC_493\Debug\Serial.o
                0x0000209c                xSerialPortInitMinimal
 .text.vSerialPutString
                0x00002110       0x50 .\CortexM3\ARM_GCC_493\Debug\Serial.o
                0x00002110                vSerialPutString
 .text.xSerialGetChar
                0x00002160       0x38 .\CortexM3\ARM_GCC_493\Debug\Serial.o
                0x00002160                xSerialGetChar
 .text.xSerialPutChar
                0x00002198       0x54 .\CortexM3\ARM_GCC_493\Debug\Serial.o
                0x00002198                xSerialPutChar
 .text.vUartRxISR
                0x000021ec       0x94 .\CortexM3\ARM_GCC_493\Debug\Serial.o
                0x000021ec                vUartRxISR
 .text.vUartTxISR
                0x00002280       0xb0 .\CortexM3\ARM_GCC_493\Debug\Serial.o
                0x00002280                vUartTxISR
 .text.turn_wheel
                0x00002330       0xb4 .\CortexM3\ARM_GCC_493\Debug\movement.o
                0x00002330                turn_wheel
 .text.mov_update_error
                0x000023e4       0xc4 .\CortexM3\ARM_GCC_493\Debug\movement.o
                0x000023e4                mov_update_error
 .text.mov_get_PID
                0x000024a8      0x1cc .\CortexM3\ARM_GCC_493\Debug\movement.o
                0x000024a8                mov_get_PID
 .text.mov_Adj_Volt
                0x00002674       0x28 .\CortexM3\ARM_GCC_493\Debug\movement.o
                0x00002674                mov_Adj_Volt
 .text.initialise_wheel_data
                0x0000269c       0x48 .\CortexM3\ARM_GCC_493\Debug\movement.o
                0x0000269c                initialise_wheel_data
 .text.update_inc
                0x000026e4       0xb4 .\CortexM3\ARM_GCC_493\Debug\movement.o
                0x000026e4                update_inc
 .text.IntDefaultHandler
                0x00002798       0x14 .\CortexM3\ARM_GCC_493\Debug\Cm3Start.o
                0x00002798                IntDefaultHandler
 .text._sbrk    0x000027ac       0x50 .\CortexM3\ARM_GCC_493\Debug\Cm3Start.o
                0x000027ac                _sbrk
 .text.Start_c  0x000027fc       0x98 .\CortexM3\ARM_GCC_493\Debug\Cm3Start.o
                0x000027fc                Start_c
 .text.initialize_psoc
                0x00002894       0x8c .\CortexM3\ARM_GCC_493\Debug\Cm3Start.o
                0x00002894                initialize_psoc
 .text.CYMEMZERO
                0x00002920       0x1c .\CortexM3\ARM_GCC_493\Debug\FreeRTOS_Demo.a(cyfitter_cfg.o)
 .text.CYCONFIGCPY
                0x0000293c       0x1c .\CortexM3\ARM_GCC_493\Debug\FreeRTOS_Demo.a(cyfitter_cfg.o)
 .text.CyClockStartupError
                0x00002958        0xc .\CortexM3\ARM_GCC_493\Debug\FreeRTOS_Demo.a(cyfitter_cfg.o)
 .text.cfg_write_bytes32
                0x00002964       0x74 .\CortexM3\ARM_GCC_493\Debug\FreeRTOS_Demo.a(cyfitter_cfg.o)
 .text.ClockSetup
                0x000029d8      0x128 .\CortexM3\ARM_GCC_493\Debug\FreeRTOS_Demo.a(cyfitter_cfg.o)
 .text.AnalogSetDefault
                0x00002b00       0x44 .\CortexM3\ARM_GCC_493\Debug\FreeRTOS_Demo.a(cyfitter_cfg.o)
 .text.cyfitter_cfg
                0x00002b44      0x1b4 .\CortexM3\ARM_GCC_493\Debug\FreeRTOS_Demo.a(cyfitter_cfg.o)
                0x00002b44                cyfitter_cfg
 .text.UART_1_Start
                0x00002cf8       0x20 .\CortexM3\ARM_GCC_493\Debug\FreeRTOS_Demo.a(UART_1.o)
                0x00002cf8                UART_1_Start
 .text.UART_1_Init
                0x00002d18       0x58 .\CortexM3\ARM_GCC_493\Debug\FreeRTOS_Demo.a(UART_1.o)
                0x00002d18                UART_1_Init
 .text.UART_1_Enable
                0x00002d70       0x68 .\CortexM3\ARM_GCC_493\Debug\FreeRTOS_Demo.a(UART_1.o)
                0x00002d70                UART_1_Enable
 .text.UART_1_ReadRxStatus
                0x00002dd8       0x40 .\CortexM3\ARM_GCC_493\Debug\FreeRTOS_Demo.a(UART_1.o)
                0x00002dd8                UART_1_ReadRxStatus
 .text.UART_1_GetChar
                0x00002e18       0xbc .\CortexM3\ARM_GCC_493\Debug\FreeRTOS_Demo.a(UART_1.o)
                0x00002e18                UART_1_GetChar
 .text.UART_1_SetTxInterruptMode
                0x00002ed4       0x20 .\CortexM3\ARM_GCC_493\Debug\FreeRTOS_Demo.a(UART_1.o)
                0x00002ed4                UART_1_SetTxInterruptMode
 .text.UART_1_ReadTxStatus
                0x00002ef4       0x18 .\CortexM3\ARM_GCC_493\Debug\FreeRTOS_Demo.a(UART_1.o)
                0x00002ef4                UART_1_ReadTxStatus
 .text.UART_1_PutChar
                0x00002f0c       0x34 .\CortexM3\ARM_GCC_493\Debug\FreeRTOS_Demo.a(UART_1.o)
                0x00002f0c                UART_1_PutChar
 .text.UART_1_RXISR
                0x00002f40       0xd8 .\CortexM3\ARM_GCC_493\Debug\FreeRTOS_Demo.a(UART_1_INT.o)
                0x00002f40                UART_1_RXISR
 .text.isr_UART1_TX_BYTE_COMPLETE_StartEx
                0x00003018       0x24 .\CortexM3\ARM_GCC_493\Debug\FreeRTOS_Demo.a(isr_UART1_TX_BYTE_COMPLETE.o)
                0x00003018                isr_UART1_TX_BYTE_COMPLETE_StartEx
 .text.isr_UART1_TX_BYTE_COMPLETE_SetVector
                0x0000303c       0x24 .\CortexM3\ARM_GCC_493\Debug\FreeRTOS_Demo.a(isr_UART1_TX_BYTE_COMPLETE.o)
                0x0000303c                isr_UART1_TX_BYTE_COMPLETE_SetVector
 .text.isr_UART1_TX_BYTE_COMPLETE_SetPriority
                0x00003060       0x24 .\CortexM3\ARM_GCC_493\Debug\FreeRTOS_Demo.a(isr_UART1_TX_BYTE_COMPLETE.o)
                0x00003060                isr_UART1_TX_BYTE_COMPLETE_SetPriority
 .text.isr_UART1_TX_BYTE_COMPLETE_Enable
                0x00003084       0x18 .\CortexM3\ARM_GCC_493\Debug\FreeRTOS_Demo.a(isr_UART1_TX_BYTE_COMPLETE.o)
                0x00003084                isr_UART1_TX_BYTE_COMPLETE_Enable
 .text.isr_UART1_TX_BYTE_COMPLETE_Disable
                0x0000309c       0x18 .\CortexM3\ARM_GCC_493\Debug\FreeRTOS_Demo.a(isr_UART1_TX_BYTE_COMPLETE.o)
                0x0000309c                isr_UART1_TX_BYTE_COMPLETE_Disable
 .text.isr_UART1_TX_BYTE_COMPLETE_ClearPending
                0x000030b4       0x18 .\CortexM3\ARM_GCC_493\Debug\FreeRTOS_Demo.a(isr_UART1_TX_BYTE_COMPLETE.o)
                0x000030b4                isr_UART1_TX_BYTE_COMPLETE_ClearPending
 .text.isr_UART1_RX_BYTE_RECEIVED_StartEx
                0x000030cc       0x24 .\CortexM3\ARM_GCC_493\Debug\FreeRTOS_Demo.a(isr_UART1_RX_BYTE_RECEIVED.o)
                0x000030cc                isr_UART1_RX_BYTE_RECEIVED_StartEx
 .text.isr_UART1_RX_BYTE_RECEIVED_SetVector
                0x000030f0       0x24 .\CortexM3\ARM_GCC_493\Debug\FreeRTOS_Demo.a(isr_UART1_RX_BYTE_RECEIVED.o)
                0x000030f0                isr_UART1_RX_BYTE_RECEIVED_SetVector
 .text.isr_UART1_RX_BYTE_RECEIVED_SetPriority
                0x00003114       0x24 .\CortexM3\ARM_GCC_493\Debug\FreeRTOS_Demo.a(isr_UART1_RX_BYTE_RECEIVED.o)
                0x00003114                isr_UART1_RX_BYTE_RECEIVED_SetPriority
 .text.isr_UART1_RX_BYTE_RECEIVED_Enable
                0x00003138       0x18 .\CortexM3\ARM_GCC_493\Debug\FreeRTOS_Demo.a(isr_UART1_RX_BYTE_RECEIVED.o)
                0x00003138                isr_UART1_RX_BYTE_RECEIVED_Enable
 .text.isr_UART1_RX_BYTE_RECEIVED_Disable
                0x00003150       0x18 .\CortexM3\ARM_GCC_493\Debug\FreeRTOS_Demo.a(isr_UART1_RX_BYTE_RECEIVED.o)
                0x00003150                isr_UART1_RX_BYTE_RECEIVED_Disable
 .text.isr_UART1_RX_BYTE_RECEIVED_ClearPending
                0x00003168       0x18 .\CortexM3\ARM_GCC_493\Debug\FreeRTOS_Demo.a(isr_UART1_RX_BYTE_RECEIVED.o)
                0x00003168                isr_UART1_RX_BYTE_RECEIVED_ClearPending
 .text.UART_1_IntClock_Start
                0x00003180       0x34 .\CortexM3\ARM_GCC_493\Debug\FreeRTOS_Demo.a(UART_1_IntClock.o)
                0x00003180                UART_1_IntClock_Start
 .text.CyHalt   0x000031b4       0x18 .\CortexM3\ARM_GCC_493\Debug\FreeRTOS_Demo.a(CyLib.o)
                0x000031b4                CyHalt
 .text.CySoftwareReset
                0x000031cc       0x20 .\CortexM3\ARM_GCC_493\Debug\FreeRTOS_Demo.a(CyLib.o)
                0x000031cc                CySoftwareReset
 .text.CyIntSetVector
                0x000031ec       0x50 .\CortexM3\ARM_GCC_493\Debug\FreeRTOS_Demo.a(CyLib.o)
                0x000031ec                CyIntSetVector
 .text.CyIntSetPriority
                0x0000323c       0x44 .\CortexM3\ARM_GCC_493\Debug\FreeRTOS_Demo.a(CyLib.o)
                0x0000323c                CyIntSetPriority
 .text.PWM_M1_Start
                0x00003280       0x20 .\CortexM3\ARM_GCC_493\Debug\FreeRTOS_Demo.a(PWM_M1.o)
                0x00003280                PWM_M1_Start
 .text.PWM_M1_Init
                0x000032a0       0x90 .\CortexM3\ARM_GCC_493\Debug\FreeRTOS_Demo.a(PWM_M1.o)
                0x000032a0                PWM_M1_Init
 .text.PWM_M1_Enable
                0x00003330       0x20 .\CortexM3\ARM_GCC_493\Debug\FreeRTOS_Demo.a(PWM_M1.o)
                0x00003330                PWM_M1_Enable
 .text.PWM_M1_WriteCounter
                0x00003350       0x20 .\CortexM3\ARM_GCC_493\Debug\FreeRTOS_Demo.a(PWM_M1.o)
                0x00003350                PWM_M1_WriteCounter
 .text.PWM_M1_ClearFIFO
                0x00003370       0x1c .\CortexM3\ARM_GCC_493\Debug\FreeRTOS_Demo.a(PWM_M1.o)
                0x00003370                PWM_M1_ClearFIFO
 .text.PWM_M1_WritePeriod
                0x0000338c       0x20 .\CortexM3\ARM_GCC_493\Debug\FreeRTOS_Demo.a(PWM_M1.o)
                0x0000338c                PWM_M1_WritePeriod
 .text.PWM_M1_WriteCompare
                0x000033ac       0x20 .\CortexM3\ARM_GCC_493\Debug\FreeRTOS_Demo.a(PWM_M1.o)
                0x000033ac                PWM_M1_WriteCompare
 .text.PWM_M1_SetInterruptMode
                0x000033cc       0x20 .\CortexM3\ARM_GCC_493\Debug\FreeRTOS_Demo.a(PWM_M1.o)
                0x000033cc                PWM_M1_SetInterruptMode
 .text.PWM_M1_ReadStatusRegister
                0x000033ec       0x18 .\CortexM3\ARM_GCC_493\Debug\FreeRTOS_Demo.a(PWM_M1.o)
                0x000033ec                PWM_M1_ReadStatusRegister
 .text.PWM_M1_ReadCapture
                0x00003404       0x18 .\CortexM3\ARM_GCC_493\Debug\FreeRTOS_Demo.a(PWM_M1.o)
                0x00003404                PWM_M1_ReadCapture
 .text.MClock_Start
                0x0000341c       0x34 .\CortexM3\ARM_GCC_493\Debug\FreeRTOS_Demo.a(MClock.o)
                0x0000341c                MClock_Start
 .text.M1_FWD_Write
                0x00003450       0x3c .\CortexM3\ARM_GCC_493\Debug\FreeRTOS_Demo.a(M1_FWD.o)
                0x00003450                M1_FWD_Write
 .text.M1_BWD_Write
                0x0000348c       0x3c .\CortexM3\ARM_GCC_493\Debug\FreeRTOS_Demo.a(M1_BWD.o)
                0x0000348c                M1_BWD_Write
 .text.PWM_M2_Start
                0x000034c8       0x20 .\CortexM3\ARM_GCC_493\Debug\FreeRTOS_Demo.a(PWM_M2.o)
                0x000034c8                PWM_M2_Start
 .text.PWM_M2_Init
                0x000034e8       0x90 .\CortexM3\ARM_GCC_493\Debug\FreeRTOS_Demo.a(PWM_M2.o)
                0x000034e8                PWM_M2_Init
 .text.PWM_M2_Enable
                0x00003578       0x20 .\CortexM3\ARM_GCC_493\Debug\FreeRTOS_Demo.a(PWM_M2.o)
                0x00003578                PWM_M2_Enable
 .text.PWM_M2_WriteCounter
                0x00003598       0x20 .\CortexM3\ARM_GCC_493\Debug\FreeRTOS_Demo.a(PWM_M2.o)
                0x00003598                PWM_M2_WriteCounter
 .text.PWM_M2_ClearFIFO
                0x000035b8       0x1c .\CortexM3\ARM_GCC_493\Debug\FreeRTOS_Demo.a(PWM_M2.o)
                0x000035b8                PWM_M2_ClearFIFO
 .text.PWM_M2_WritePeriod
                0x000035d4       0x20 .\CortexM3\ARM_GCC_493\Debug\FreeRTOS_Demo.a(PWM_M2.o)
                0x000035d4                PWM_M2_WritePeriod
 .text.PWM_M2_WriteCompare
                0x000035f4       0x20 .\CortexM3\ARM_GCC_493\Debug\FreeRTOS_Demo.a(PWM_M2.o)
                0x000035f4                PWM_M2_WriteCompare
 .text.PWM_M2_SetInterruptMode
                0x00003614       0x20 .\CortexM3\ARM_GCC_493\Debug\FreeRTOS_Demo.a(PWM_M2.o)
                0x00003614                PWM_M2_SetInterruptMode
 .text.PWM_M2_ReadStatusRegister
                0x00003634       0x18 .\CortexM3\ARM_GCC_493\Debug\FreeRTOS_Demo.a(PWM_M2.o)
                0x00003634                PWM_M2_ReadStatusRegister
 .text.PWM_M2_ReadCapture
                0x0000364c       0x18 .\CortexM3\ARM_GCC_493\Debug\FreeRTOS_Demo.a(PWM_M2.o)
                0x0000364c                PWM_M2_ReadCapture
 .text.M2_FWD_Write
                0x00003664       0x3c .\CortexM3\ARM_GCC_493\Debug\FreeRTOS_Demo.a(M2_FWD.o)
                0x00003664                M2_FWD_Write
 .text.M2_BWD_Write
                0x000036a0       0x3c .\CortexM3\ARM_GCC_493\Debug\FreeRTOS_Demo.a(M2_BWD.o)
                0x000036a0                M2_BWD_Write
 .text.Standby_Write
                0x000036dc       0x3c .\CortexM3\ARM_GCC_493\Debug\FreeRTOS_Demo.a(Standby.o)
                0x000036dc                Standby_Write
 .text.M1QuadDec_Init
                0x00003718       0x24 .\CortexM3\ARM_GCC_493\Debug\FreeRTOS_Demo.a(M1QuadDec.o)
                0x00003718                M1QuadDec_Init
 .text.M1QuadDec_Enable
                0x0000373c       0x44 .\CortexM3\ARM_GCC_493\Debug\FreeRTOS_Demo.a(M1QuadDec.o)
                0x0000373c                M1QuadDec_Enable
 .text.M1QuadDec_Start
                0x00003780       0x38 .\CortexM3\ARM_GCC_493\Debug\FreeRTOS_Demo.a(M1QuadDec.o)
                0x00003780                M1QuadDec_Start
 .text.M1QuadDec_GetCounter
                0x000037b8       0x48 .\CortexM3\ARM_GCC_493\Debug\FreeRTOS_Demo.a(M1QuadDec.o)
                0x000037b8                M1QuadDec_GetCounter
 .text.M1QuadDec_SetCounter
                0x00003800       0x34 .\CortexM3\ARM_GCC_493\Debug\FreeRTOS_Demo.a(M1QuadDec.o)
                0x00003800                M1QuadDec_SetCounter
 .text.M1QuadDec_GetEvents
                0x00003834       0x20 .\CortexM3\ARM_GCC_493\Debug\FreeRTOS_Demo.a(M1QuadDec.o)
                0x00003834                M1QuadDec_GetEvents
 .text.M1QuadDec_SetInterruptMask
                0x00003854       0x28 .\CortexM3\ARM_GCC_493\Debug\FreeRTOS_Demo.a(M1QuadDec.o)
                0x00003854                M1QuadDec_SetInterruptMask
 .text.M1QuadDec_ISR
                0x0000387c       0x60 .\CortexM3\ARM_GCC_493\Debug\FreeRTOS_Demo.a(M1QuadDec_INT.o)
                0x0000387c                M1QuadDec_ISR
 .text.M1Clock_Start
                0x000038dc       0x34 .\CortexM3\ARM_GCC_493\Debug\FreeRTOS_Demo.a(M1Clock.o)
                0x000038dc                M1Clock_Start
 .text.M2QuadDec_Init
                0x00003910       0x24 .\CortexM3\ARM_GCC_493\Debug\FreeRTOS_Demo.a(M2QuadDec.o)
                0x00003910                M2QuadDec_Init
 .text.M2QuadDec_Enable
                0x00003934       0x44 .\CortexM3\ARM_GCC_493\Debug\FreeRTOS_Demo.a(M2QuadDec.o)
                0x00003934                M2QuadDec_Enable
 .text.M2QuadDec_Start
                0x00003978       0x38 .\CortexM3\ARM_GCC_493\Debug\FreeRTOS_Demo.a(M2QuadDec.o)
                0x00003978                M2QuadDec_Start
 .text.M2QuadDec_GetCounter
                0x000039b0       0x48 .\CortexM3\ARM_GCC_493\Debug\FreeRTOS_Demo.a(M2QuadDec.o)
                0x000039b0                M2QuadDec_GetCounter
 .text.M2QuadDec_SetCounter
                0x000039f8       0x34 .\CortexM3\ARM_GCC_493\Debug\FreeRTOS_Demo.a(M2QuadDec.o)
                0x000039f8                M2QuadDec_SetCounter
 .text.M2QuadDec_GetEvents
                0x00003a2c       0x20 .\CortexM3\ARM_GCC_493\Debug\FreeRTOS_Demo.a(M2QuadDec.o)
                0x00003a2c                M2QuadDec_GetEvents
 .text.M2QuadDec_SetInterruptMask
                0x00003a4c       0x28 .\CortexM3\ARM_GCC_493\Debug\FreeRTOS_Demo.a(M2QuadDec.o)
                0x00003a4c                M2QuadDec_SetInterruptMask
 .text.M2QuadDec_ISR
                0x00003a74       0x60 .\CortexM3\ARM_GCC_493\Debug\FreeRTOS_Demo.a(M2QuadDec_INT.o)
                0x00003a74                M2QuadDec_ISR
 .text.M1QuadDec_Cnt16_Init
                0x00003ad4       0x80 .\CortexM3\ARM_GCC_493\Debug\FreeRTOS_Demo.a(M1QuadDec_Cnt16.o)
                0x00003ad4                M1QuadDec_Cnt16_Init
 .text.M1QuadDec_Cnt16_Enable
                0x00003b54       0x20 .\CortexM3\ARM_GCC_493\Debug\FreeRTOS_Demo.a(M1QuadDec_Cnt16.o)
                0x00003b54                M1QuadDec_Cnt16_Enable
 .text.M1QuadDec_Cnt16_Start
                0x00003b74       0x20 .\CortexM3\ARM_GCC_493\Debug\FreeRTOS_Demo.a(M1QuadDec_Cnt16.o)
                0x00003b74                M1QuadDec_Cnt16_Start
 .text.M1QuadDec_Cnt16_SetInterruptMode
                0x00003b94       0x20 .\CortexM3\ARM_GCC_493\Debug\FreeRTOS_Demo.a(M1QuadDec_Cnt16.o)
                0x00003b94                M1QuadDec_Cnt16_SetInterruptMode
 .text.M1QuadDec_Cnt16_ReadStatusRegister
                0x00003bb4       0x18 .\CortexM3\ARM_GCC_493\Debug\FreeRTOS_Demo.a(M1QuadDec_Cnt16.o)
                0x00003bb4                M1QuadDec_Cnt16_ReadStatusRegister
 .text.M1QuadDec_Cnt16_WriteCounter
                0x00003bcc       0x20 .\CortexM3\ARM_GCC_493\Debug\FreeRTOS_Demo.a(M1QuadDec_Cnt16.o)
                0x00003bcc                M1QuadDec_Cnt16_WriteCounter
 .text.M1QuadDec_Cnt16_ReadCounter
                0x00003bec       0x20 .\CortexM3\ARM_GCC_493\Debug\FreeRTOS_Demo.a(M1QuadDec_Cnt16.o)
                0x00003bec                M1QuadDec_Cnt16_ReadCounter
 .text.M1QuadDec_Cnt16_ReadCapture
                0x00003c0c       0x18 .\CortexM3\ARM_GCC_493\Debug\FreeRTOS_Demo.a(M1QuadDec_Cnt16.o)
                0x00003c0c                M1QuadDec_Cnt16_ReadCapture
 .text.M1QuadDec_Cnt16_WritePeriod
                0x00003c24       0x20 .\CortexM3\ARM_GCC_493\Debug\FreeRTOS_Demo.a(M1QuadDec_Cnt16.o)
                0x00003c24                M1QuadDec_Cnt16_WritePeriod
 .text.M1QuadDec_Cnt16_WriteCompare
                0x00003c44       0x20 .\CortexM3\ARM_GCC_493\Debug\FreeRTOS_Demo.a(M1QuadDec_Cnt16.o)
                0x00003c44                M1QuadDec_Cnt16_WriteCompare
 .text.M1QuadDec_Cnt16_ClearFIFO
                0x00003c64       0x1c .\CortexM3\ARM_GCC_493\Debug\FreeRTOS_Demo.a(M1QuadDec_Cnt16.o)
                0x00003c64                M1QuadDec_Cnt16_ClearFIFO
 .text.M2QuadDec_Cnt16_Init
                0x00003c80       0x80 .\CortexM3\ARM_GCC_493\Debug\FreeRTOS_Demo.a(M2QuadDec_Cnt16.o)
                0x00003c80                M2QuadDec_Cnt16_Init
 .text.M2QuadDec_Cnt16_Enable
                0x00003d00       0x20 .\CortexM3\ARM_GCC_493\Debug\FreeRTOS_Demo.a(M2QuadDec_Cnt16.o)
                0x00003d00                M2QuadDec_Cnt16_Enable
 .text.M2QuadDec_Cnt16_Start
                0x00003d20       0x20 .\CortexM3\ARM_GCC_493\Debug\FreeRTOS_Demo.a(M2QuadDec_Cnt16.o)
                0x00003d20                M2QuadDec_Cnt16_Start
 .text.M2QuadDec_Cnt16_SetInterruptMode
                0x00003d40       0x20 .\CortexM3\ARM_GCC_493\Debug\FreeRTOS_Demo.a(M2QuadDec_Cnt16.o)
                0x00003d40                M2QuadDec_Cnt16_SetInterruptMode
 .text.M2QuadDec_Cnt16_ReadStatusRegister
                0x00003d60       0x18 .\CortexM3\ARM_GCC_493\Debug\FreeRTOS_Demo.a(M2QuadDec_Cnt16.o)
                0x00003d60                M2QuadDec_Cnt16_ReadStatusRegister
 .text.M2QuadDec_Cnt16_WriteCounter
                0x00003d78       0x20 .\CortexM3\ARM_GCC_493\Debug\FreeRTOS_Demo.a(M2QuadDec_Cnt16.o)
                0x00003d78                M2QuadDec_Cnt16_WriteCounter
 .text.M2QuadDec_Cnt16_ReadCounter
                0x00003d98       0x20 .\CortexM3\ARM_GCC_493\Debug\FreeRTOS_Demo.a(M2QuadDec_Cnt16.o)
                0x00003d98                M2QuadDec_Cnt16_ReadCounter
 .text.M2QuadDec_Cnt16_ReadCapture
                0x00003db8       0x18 .\CortexM3\ARM_GCC_493\Debug\FreeRTOS_Demo.a(M2QuadDec_Cnt16.o)
                0x00003db8                M2QuadDec_Cnt16_ReadCapture
 .text.M2QuadDec_Cnt16_WritePeriod
                0x00003dd0       0x20 .\CortexM3\ARM_GCC_493\Debug\FreeRTOS_Demo.a(M2QuadDec_Cnt16.o)
                0x00003dd0                M2QuadDec_Cnt16_WritePeriod
 .text.M2QuadDec_Cnt16_WriteCompare
                0x00003df0       0x20 .\CortexM3\ARM_GCC_493\Debug\FreeRTOS_Demo.a(M2QuadDec_Cnt16.o)
                0x00003df0                M2QuadDec_Cnt16_WriteCompare
 .text.M2QuadDec_Cnt16_ClearFIFO
                0x00003e10       0x1c .\CortexM3\ARM_GCC_493\Debug\FreeRTOS_Demo.a(M2QuadDec_Cnt16.o)
                0x00003e10                M2QuadDec_Cnt16_ClearFIFO
 .text.Timer_1_Init
                0x00003e2c       0x4c .\CortexM3\ARM_GCC_493\Debug\FreeRTOS_Demo.a(Timer_1.o)
                0x00003e2c                Timer_1_Init
 .text.Timer_1_Enable
                0x00003e78       0x20 .\CortexM3\ARM_GCC_493\Debug\FreeRTOS_Demo.a(Timer_1.o)
                0x00003e78                Timer_1_Enable
 .text.Timer_1_Start
                0x00003e98       0x20 .\CortexM3\ARM_GCC_493\Debug\FreeRTOS_Demo.a(Timer_1.o)
                0x00003e98                Timer_1_Start
 .text.Timer_1_SetInterruptMode
                0x00003eb8       0x20 .\CortexM3\ARM_GCC_493\Debug\FreeRTOS_Demo.a(Timer_1.o)
                0x00003eb8                Timer_1_SetInterruptMode
 .text.Timer_1_ReadStatusRegister
                0x00003ed8       0x18 .\CortexM3\ARM_GCC_493\Debug\FreeRTOS_Demo.a(Timer_1.o)
                0x00003ed8                Timer_1_ReadStatusRegister
 .text.Timer_1_WritePeriod
                0x00003ef0       0x1c .\CortexM3\ARM_GCC_493\Debug\FreeRTOS_Demo.a(Timer_1.o)
                0x00003ef0                Timer_1_WritePeriod
 .text.Timer_1_ReadCapture
                0x00003f0c       0x18 .\CortexM3\ARM_GCC_493\Debug\FreeRTOS_Demo.a(Timer_1.o)
                0x00003f0c                Timer_1_ReadCapture
 .text.Timer_1_WriteCounter
                0x00003f24       0x1c .\CortexM3\ARM_GCC_493\Debug\FreeRTOS_Demo.a(Timer_1.o)
                0x00003f24                Timer_1_WriteCounter
 .text.Timer_1_ReadCounter
                0x00003f40       0x20 .\CortexM3\ARM_GCC_493\Debug\FreeRTOS_Demo.a(Timer_1.o)
                0x00003f40                Timer_1_ReadCounter
 .text.Timer_1_ClearFIFO
                0x00003f60       0x1c .\CortexM3\ARM_GCC_493\Debug\FreeRTOS_Demo.a(Timer_1.o)
                0x00003f60                Timer_1_ClearFIFO
 .text.LED_Write
                0x00003f7c       0x3c .\CortexM3\ARM_GCC_493\Debug\FreeRTOS_Demo.a(LED.o)
                0x00003f7c                LED_Write
 .text          0x00003fb8       0x20 .\CortexM3\ARM_GCC_493\Debug\FreeRTOS_Demo.a(CyBootAsmGnu.o)
                0x00003fb8                CyDelayCycles
                0x00003fc8                CyEnterCriticalSection
                0x00003fd0                CyExitCriticalSection
 .text          0x00003fd8      0x370 c:/program files (x86)/cypress/psoc creator/4.0/psoc creator/import/gnu/arm/4.9.3/bin/../lib/gcc/arm-none-eabi/4.9.3/armv7-m\libgcc.a(_arm_addsubdf3.o)
                0x00003fd8                __aeabi_drsub
                0x00003fe0                __aeabi_dsub
                0x00003fe0                __subdf3
                0x00003fe4                __aeabi_dadd
                0x00003fe4                __adddf3
                0x0000425c                __floatunsidf
                0x0000425c                __aeabi_ui2d
                0x0000427c                __floatsidf
                0x0000427c                __aeabi_i2d
                0x000042a0                __aeabi_f2d
                0x000042a0                __extendsfdf2
                0x000042dc                __floatundidf
                0x000042dc                __aeabi_ul2d
                0x000042ec                __floatdidf
                0x000042ec                __aeabi_l2d
 .text          0x00004348      0x424 c:/program files (x86)/cypress/psoc creator/4.0/psoc creator/import/gnu/arm/4.9.3/bin/../lib/gcc/arm-none-eabi/4.9.3/armv7-m\libgcc.a(_arm_muldivdf3.o)
                0x00004348                __aeabi_dmul
                0x00004348                __muldf3
                0x0000459c                __divdf3
                0x0000459c                __aeabi_ddiv
 .text          0x0000476c       0x50 c:/program files (x86)/cypress/psoc creator/4.0/psoc creator/import/gnu/arm/4.9.3/bin/../lib/gcc/arm-none-eabi/4.9.3/armv7-m\libgcc.a(_arm_fixdfsi.o)
                0x0000476c                __aeabi_d2iz
                0x0000476c                __fixdfsi
 .text.__errno  0x000047bc        0xc c:/program files (x86)/cypress/psoc creator/4.0/psoc creator/import/gnu/arm/4.9.3/bin/../lib/gcc/arm-none-eabi/4.9.3/../../../../arm-none-eabi/lib/armv7-m\libg_nano.a(lib_a-errno.o)
                0x000047bc                __errno
 .text.__libc_init_array
                0x000047c8       0x4c c:/program files (x86)/cypress/psoc creator/4.0/psoc creator/import/gnu/arm/4.9.3/bin/../lib/gcc/arm-none-eabi/4.9.3/../../../../arm-none-eabi/lib/armv7-m\libg_nano.a(lib_a-init.o)
                0x000047c8                __libc_init_array
 .text.memcpy   0x00004814       0x16 c:/program files (x86)/cypress/psoc creator/4.0/psoc creator/import/gnu/arm/4.9.3/bin/../lib/gcc/arm-none-eabi/4.9.3/../../../../arm-none-eabi/lib/armv7-m\libg_nano.a(lib_a-memcpy.o)
                0x00004814                memcpy
 .text.memset   0x0000482a       0x10 c:/program files (x86)/cypress/psoc creator/4.0/psoc creator/import/gnu/arm/4.9.3/bin/../lib/gcc/arm-none-eabi/4.9.3/../../../../arm-none-eabi/lib/armv7-m\libg_nano.a(lib_a-memset.o)
                0x0000482a                memset
 *fill*         0x0000483a        0x2 
 .text.sprintf  0x0000483c       0x48 c:/program files (x86)/cypress/psoc creator/4.0/psoc creator/import/gnu/arm/4.9.3/bin/../lib/gcc/arm-none-eabi/4.9.3/../../../../arm-none-eabi/lib/armv7-m\libg_nano.a(lib_a-sprintf.o)
                0x0000483c                siprintf
                0x0000483c                sprintf
 .text.__ssputs_r
                0x00004884       0xb2 c:/program files (x86)/cypress/psoc creator/4.0/psoc creator/import/gnu/arm/4.9.3/bin/../lib/gcc/arm-none-eabi/4.9.3/../../../../arm-none-eabi/lib/armv7-m\libg_nano.a(lib_a-nano-svfprintf.o)
                0x00004884                __ssputs_r
 *fill*         0x00004936        0x2 
 .text._svfprintf_r
                0x00004938      0x1e4 c:/program files (x86)/cypress/psoc creator/4.0/psoc creator/import/gnu/arm/4.9.3/bin/../lib/gcc/arm-none-eabi/4.9.3/../../../../arm-none-eabi/lib/armv7-m\libg_nano.a(lib_a-nano-svfprintf.o)
                0x00004938                _svfiprintf_r
                0x00004938                _svfprintf_r
 .text._printf_common
                0x00004b1c       0xea c:/program files (x86)/cypress/psoc creator/4.0/psoc creator/import/gnu/arm/4.9.3/bin/../lib/gcc/arm-none-eabi/4.9.3/../../../../arm-none-eabi/lib/armv7-m\libg_nano.a(lib_a-nano-vfprintf_i.o)
                0x00004b1c                _printf_common
 *fill*         0x00004c06        0x2 
 .text._printf_i
                0x00004c08      0x240 c:/program files (x86)/cypress/psoc creator/4.0/psoc creator/import/gnu/arm/4.9.3/bin/../lib/gcc/arm-none-eabi/4.9.3/../../../../arm-none-eabi/lib/armv7-m\libg_nano.a(lib_a-nano-vfprintf_i.o)
                0x00004c08                _printf_i
 .text.memchr   0x00004e48       0x1c c:/program files (x86)/cypress/psoc creator/4.0/psoc creator/import/gnu/arm/4.9.3/bin/../lib/gcc/arm-none-eabi/4.9.3/../../../../arm-none-eabi/lib/armv7-m\libg_nano.a(lib_a-memchr.o)
                0x00004e48                memchr
 .text.memmove  0x00004e64       0x36 c:/program files (x86)/cypress/psoc creator/4.0/psoc creator/import/gnu/arm/4.9.3/bin/../lib/gcc/arm-none-eabi/4.9.3/../../../../arm-none-eabi/lib/armv7-m\libg_nano.a(lib_a-memmove.o)
                0x00004e64                memmove
 *fill*         0x00004e9a        0x2 
 .text._free_r  0x00004e9c       0x88 c:/program files (x86)/cypress/psoc creator/4.0/psoc creator/import/gnu/arm/4.9.3/bin/../lib/gcc/arm-none-eabi/4.9.3/../../../../arm-none-eabi/lib/armv7-m\libg_nano.a(lib_a-nano-freer.o)
                0x00004e9c                _free_r
 .text._malloc_r
                0x00004f24       0xac c:/program files (x86)/cypress/psoc creator/4.0/psoc creator/import/gnu/arm/4.9.3/bin/../lib/gcc/arm-none-eabi/4.9.3/../../../../arm-none-eabi/lib/armv7-m\libg_nano.a(lib_a-nano-mallocr.o)
                0x00004f24                _malloc_r
 .text._realloc_r
                0x00004fd0       0x4c c:/program files (x86)/cypress/psoc creator/4.0/psoc creator/import/gnu/arm/4.9.3/bin/../lib/gcc/arm-none-eabi/4.9.3/../../../../arm-none-eabi/lib/armv7-m\libg_nano.a(lib_a-nano-reallocr.o)
                0x00004fd0                _realloc_r
 .text._sbrk_r  0x0000501c       0x20 c:/program files (x86)/cypress/psoc creator/4.0/psoc creator/import/gnu/arm/4.9.3/bin/../lib/gcc/arm-none-eabi/4.9.3/../../../../arm-none-eabi/lib/armv7-m\libg_nano.a(lib_a-sbrkr.o)
                0x0000501c                _sbrk_r
 .text._malloc_usable_size_r
                0x0000503c       0x14 c:/program files (x86)/cypress/psoc creator/4.0/psoc creator/import/gnu/arm/4.9.3/bin/../lib/gcc/arm-none-eabi/4.9.3/../../../../arm-none-eabi/lib/armv7-m\libg_nano.a(lib_a-nano-msizer.o)
                0x0000503c                _malloc_usable_size_r
 *(.plt)
 *(.gnu.warning)
 *(.glue_7t)
 .glue_7t       0x00000000        0x0 linker stubs
 *(.glue_7)
 .glue_7        0x00000000        0x0 linker stubs
 *(.vfp11_veneer)
 .vfp11_veneer  0x00000000        0x0 linker stubs
 *(.bootloader)
 *(.ARM.extab* .gnu.linkonce.armextab.*)
 *(.gcc_except_table)

.v4_bx          0x00005050        0x0
 .v4_bx         0x00000000        0x0 linker stubs

.iplt           0x00005050        0x0
 .iplt          0x00000000        0x0 c:/program files (x86)/cypress/psoc creator/4.0/psoc creator/import/gnu/arm/4.9.3/bin/../lib/gcc/arm-none-eabi/4.9.3/armv7-m/crtbegin.o

.eh_frame_hdr
 *(.eh_frame_hdr)

.eh_frame       0x00005050        0x4
 *(.eh_frame)
 .eh_frame      0x00005050        0x0 c:/program files (x86)/cypress/psoc creator/4.0/psoc creator/import/gnu/arm/4.9.3/bin/../lib/gcc/arm-none-eabi/4.9.3/armv7-m/crtbegin.o
 .eh_frame      0x00005050        0x4 c:/program files (x86)/cypress/psoc creator/4.0/psoc creator/import/gnu/arm/4.9.3/bin/../lib/gcc/arm-none-eabi/4.9.3/armv7-m/crtend.o
                0x00005054                PROVIDE (__exidx_start, .)

.ARM.exidx
 *(.ARM.exidx* .gnu.linkonce.armexidx.*)
                0x00005054                __exidx_end = .

.rodata         0x00005054      0x144
 *(.rodata .rodata.* .gnu.linkonce.r.*)
 .rodata        0x00005054        0x8 .\CortexM3\ARM_GCC_493\Debug\tasks.o
 .rodata        0x0000505c       0x94 .\CortexM3\ARM_GCC_493\Debug\main.o
 .rodata        0x000050f0       0x3c .\CortexM3\ARM_GCC_493\Debug\FreeRTOS_Demo.a(cyfitter_cfg.o)
 .rodata.str1.1
                0x0000512c        0x2 c:/program files (x86)/cypress/psoc creator/4.0/psoc creator/import/gnu/arm/4.9.3/bin/../lib/gcc/arm-none-eabi/4.9.3/../../../../arm-none-eabi/lib/armv7-m\libg_nano.a(lib_a-impure.o)
 .rodata.str1.1
                0x0000512e       0x11 c:/program files (x86)/cypress/psoc creator/4.0/psoc creator/import/gnu/arm/4.9.3/bin/../lib/gcc/arm-none-eabi/4.9.3/../../../../arm-none-eabi/lib/armv7-m\libg_nano.a(lib_a-nano-svfprintf.o)
 .rodata.str1.1
                0x0000513f       0x22 c:/program files (x86)/cypress/psoc creator/4.0/psoc creator/import/gnu/arm/4.9.3/bin/../lib/gcc/arm-none-eabi/4.9.3/../../../../arm-none-eabi/lib/armv7-m\libg_nano.a(lib_a-nano-vfprintf_i.o)
                0x00005164                . = ALIGN (0x4)
 *fill*         0x00005161        0x3 
 *(.init)
 .init          0x00005164        0x4 c:/program files (x86)/cypress/psoc creator/4.0/psoc creator/import/gnu/arm/4.9.3/bin/../lib/gcc/arm-none-eabi/4.9.3/armv7-m/crti.o
                0x00005164                _init
 .init          0x00005168        0x8 c:/program files (x86)/cypress/psoc creator/4.0/psoc creator/import/gnu/arm/4.9.3/bin/../lib/gcc/arm-none-eabi/4.9.3/armv7-m/crtn.o
                0x00005170                . = ALIGN (0x4)
                0x00005170                __preinit_array_start = .
 *(.preinit_array)
                0x00005170                __preinit_array_end = .
                0x00005170                . = ALIGN (0x4)
                0x00005170                __init_array_start = .
 *(SORT(.init_array.*))
 *(.init_array)
 .init_array    0x00005170        0x4 c:/program files (x86)/cypress/psoc creator/4.0/psoc creator/import/gnu/arm/4.9.3/bin/../lib/gcc/arm-none-eabi/4.9.3/armv7-m/crtbegin.o
 .init_array    0x00005174        0x4 .\CortexM3\ARM_GCC_493\Debug\Cm3Start.o
                0x00005178                __init_array_end = .
                0x00005178                . = ALIGN (0x4)
 *(.fini)
 .fini          0x00005178        0x4 c:/program files (x86)/cypress/psoc creator/4.0/psoc creator/import/gnu/arm/4.9.3/bin/../lib/gcc/arm-none-eabi/4.9.3/armv7-m/crti.o
                0x00005178                _fini
 .fini          0x0000517c        0x8 c:/program files (x86)/cypress/psoc creator/4.0/psoc creator/import/gnu/arm/4.9.3/bin/../lib/gcc/arm-none-eabi/4.9.3/armv7-m/crtn.o
                0x00005184                . = ALIGN (0x4)
                0x00005184                __fini_array_start = .
 *(.fini_array)
 .fini_array    0x00005184        0x4 c:/program files (x86)/cypress/psoc creator/4.0/psoc creator/import/gnu/arm/4.9.3/bin/../lib/gcc/arm-none-eabi/4.9.3/armv7-m/crtbegin.o
 *(SORT(.fini_array.*))
                0x00005188                __fini_array_end = .
                0x00005188                . = ALIGN (0x4)
 *crtbegin.o(.ctors)
 *(EXCLUDE_FILE(*crtend.o) .ctors)
 *(SORT(.ctors.*))
 *crtend.o(.ctors)
                0x00005188                . = ALIGN (0x4)
 *crtbegin.o(.dtors)
 *(EXCLUDE_FILE(*crtend.o) .dtors)
 *(SORT(.dtors.*))
 *crtend.o(.dtors)
                0x00005188                . = ALIGN (0x4)
                0x00005188                __cy_regions = .
                0x00005188        0x4 LONG 0x5198 __cy_region_init_ram
                0x0000518c        0x4 LONG 0x1fff8108 __cy_region_start_data
                0x00005190        0x4 LONG 0x78 __cy_region_init_size_ram
                0x00005194        0x4 LONG 0x8620 __cy_region_zero_size_ram
                0x00005198                __cy_regions_end = .
                0x00005198                . = ALIGN (0x8)
                0x00005198                _etext = .

.cy_checksum_exclude
                0x00005198        0x0
 *(.cy_checksum_exclude)

.ramvectors     0x1fff8000      0x100
                0x1fff8000                __cy_region_start_ram = .
 *(.ramvectors)
 .ramvectors    0x1fff8000      0x100 .\CortexM3\ARM_GCC_493\Debug\Cm3Start.o
                0x1fff8000                CyRamVectors

.noinit         0x1fff8100        0x5
 *(.noinit)
 .noinit        0x1fff8100        0x4 .\CortexM3\ARM_GCC_493\Debug\Cm3Start.o
 .noinit        0x1fff8104        0x1 .\CortexM3\ARM_GCC_493\Debug\FreeRTOS_Demo.a(CyLib.o)
                0x1fff8104                CyResetStatus

.data           0x1fff8108       0x78 load address 0x00005198
                0x1fff8108                __cy_region_start_data = .
 *(.jcr)
 .jcr           0x1fff8108        0x0 c:/program files (x86)/cypress/psoc creator/4.0/psoc creator/import/gnu/arm/4.9.3/bin/../lib/gcc/arm-none-eabi/4.9.3/armv7-m/crtbegin.o
 .jcr           0x1fff8108        0x4 c:/program files (x86)/cypress/psoc creator/4.0/psoc creator/import/gnu/arm/4.9.3/bin/../lib/gcc/arm-none-eabi/4.9.3/armv7-m/crtend.o
 *(.got.plt)
 *(.got)
 *(.shdata)
 *(.data .data.* .gnu.linkonce.d.*)
 .data          0x1fff810c        0x4 .\CortexM3\ARM_GCC_493\Debug\port.o
 .data          0x1fff8110        0x4 .\CortexM3\ARM_GCC_493\Debug\heap_2.o
 .data          0x1fff8114        0x4 .\CortexM3\ARM_GCC_493\Debug\Cm3Start.o
 .data.impure_data
                0x1fff8118       0x60 c:/program files (x86)/cypress/psoc creator/4.0/psoc creator/import/gnu/arm/4.9.3/bin/../lib/gcc/arm-none-eabi/4.9.3/../../../../arm-none-eabi/lib/armv7-m\libg_nano.a(lib_a-impure.o)
 .data._impure_ptr
                0x1fff8178        0x4 c:/program files (x86)/cypress/psoc creator/4.0/psoc creator/import/gnu/arm/4.9.3/bin/../lib/gcc/arm-none-eabi/4.9.3/../../../../arm-none-eabi/lib/armv7-m\libg_nano.a(lib_a-impure.o)
                0x1fff8178                _impure_ptr
                0x1fff8180                . = ALIGN (0x8)
 *fill*         0x1fff817c        0x4 
 *(.ram)
                0x1fff8180                _edata = .

.igot.plt       0x1fff8180        0x0 load address 0x00005210
 .igot.plt      0x00000000        0x0 c:/program files (x86)/cypress/psoc creator/4.0/psoc creator/import/gnu/arm/4.9.3/bin/../lib/gcc/arm-none-eabi/4.9.3/armv7-m/crtbegin.o

.bss            0x1fff8180     0x8620 load address 0x00005210
                0x1fff8180                PROVIDE (__bss_start__, .)
 *(.shbss)
 *(.bss .bss.* .gnu.linkonce.b.*)
 .bss           0x1fff8180       0x1c c:/program files (x86)/cypress/psoc creator/4.0/psoc creator/import/gnu/arm/4.9.3/bin/../lib/gcc/arm-none-eabi/4.9.3/armv7-m/crtbegin.o
 .bss           0x1fff819c      0x104 .\CortexM3\ARM_GCC_493\Debug\tasks.o
                0x1fff819c                pxCurrentTCB
 .bss           0x1fff82a0     0x8014 .\CortexM3\ARM_GCC_493\Debug\heap_2.o
 .bss           0x200002b4        0xc .\CortexM3\ARM_GCC_493\Debug\main.o
                0x200002b8                gatekeeper
                0x200002bc                queue_handle
 .bss           0x200002c0        0x8 .\CortexM3\ARM_GCC_493\Debug\Serial.o
 .bss           0x200002c8        0xa .\CortexM3\ARM_GCC_493\Debug\FreeRTOS_Demo.a(UART_1.o)
                0x200002c8                UART_1_initVar
                0x200002c9                UART_1_errorStatus
                0x200002ca                UART_1_rxBufferRead
                0x200002cc                UART_1_rxBufferWrite
                0x200002ce                UART_1_rxBufferLoopDetect
                0x200002cf                UART_1_rxBufferOverflow
 .bss           0x200002d2        0x1 .\CortexM3\ARM_GCC_493\Debug\FreeRTOS_Demo.a(PWM_M1.o)
                0x200002d2                PWM_M1_initVar
 .bss           0x200002d3        0x1 .\CortexM3\ARM_GCC_493\Debug\FreeRTOS_Demo.a(PWM_M2.o)
                0x200002d3                PWM_M2_initVar
 .bss           0x200002d4        0x1 .\CortexM3\ARM_GCC_493\Debug\FreeRTOS_Demo.a(M1QuadDec.o)
                0x200002d4                M1QuadDec_initVar
 *fill*         0x200002d5        0x3 
 .bss           0x200002d8        0x4 .\CortexM3\ARM_GCC_493\Debug\FreeRTOS_Demo.a(M1QuadDec_INT.o)
                0x200002d8                M1QuadDec_count32SoftPart
 .bss           0x200002dc        0x1 .\CortexM3\ARM_GCC_493\Debug\FreeRTOS_Demo.a(M2QuadDec.o)
                0x200002dc                M2QuadDec_initVar
 *fill*         0x200002dd        0x3 
 .bss           0x200002e0        0x4 .\CortexM3\ARM_GCC_493\Debug\FreeRTOS_Demo.a(M2QuadDec_INT.o)
                0x200002e0                M2QuadDec_count32SoftPart
 .bss           0x200002e4        0x1 .\CortexM3\ARM_GCC_493\Debug\FreeRTOS_Demo.a(M1QuadDec_Cnt16.o)
                0x200002e4                M1QuadDec_Cnt16_initVar
 .bss           0x200002e5        0x1 .\CortexM3\ARM_GCC_493\Debug\FreeRTOS_Demo.a(M2QuadDec_Cnt16.o)
                0x200002e5                M2QuadDec_Cnt16_initVar
 .bss           0x200002e6        0x1 .\CortexM3\ARM_GCC_493\Debug\FreeRTOS_Demo.a(Timer_1.o)
                0x200002e6                Timer_1_initVar
 *fill*         0x200002e7        0x1 
 .bss.__malloc_sbrk_start
                0x200002e8        0x4 c:/program files (x86)/cypress/psoc creator/4.0/psoc creator/import/gnu/arm/4.9.3/bin/../lib/gcc/arm-none-eabi/4.9.3/../../../../arm-none-eabi/lib/armv7-m\libg_nano.a(lib_a-nano-mallocr.o)
                0x200002e8                __malloc_sbrk_start
 .bss.__malloc_free_list
                0x200002ec        0x4 c:/program files (x86)/cypress/psoc creator/4.0/psoc creator/import/gnu/arm/4.9.3/bin/../lib/gcc/arm-none-eabi/4.9.3/../../../../arm-none-eabi/lib/armv7-m\libg_nano.a(lib_a-nano-mallocr.o)
                0x200002ec                __malloc_free_list
 *(COMMON)
 COMMON         0x200002f0       0xa8 .\CortexM3\ARM_GCC_493\Debug\main.o
                0x200002f0                right_wheel
                0x20000318                k
                0x20000330                rx_receive
                0x20000334                buffer
                0x20000374                left_wheel
 COMMON         0x20000398      0x400 .\CortexM3\ARM_GCC_493\Debug\FreeRTOS_Demo.a(UART_1.o)
                0x20000398                UART_1_rxBuffer
 COMMON         0x20000798        0x4 c:/program files (x86)/cypress/psoc creator/4.0/psoc creator/import/gnu/arm/4.9.3/bin/../lib/gcc/arm-none-eabi/4.9.3/../../../../arm-none-eabi/lib/armv7-m\libg_nano.a(lib_a-reent.o)
                0x20000798                errno
                0x200007a0                . = ALIGN (0x8)
 *fill*         0x2000079c        0x4 
 *(.ram.b)
                0x200007a0                _end = .
                0x200007a0                __end = .
                0x200007a0                PROVIDE (end, .)
                0x200007a0                PROVIDE (__bss_end__, .)
                0x00005198                __cy_region_init_ram = LOADADDR (.data)
                0x00000078                __cy_region_init_size_ram = (_edata - ADDR (.data))
                0x00008620                __cy_region_zero_size_ram = (_end - _edata)

.heap           0x200007a0        0x0 load address 0x00005210
                0x200007a0                . = _end
                0x200007a0                . = (. + 0x0)
                0x200007a0                __cy_heap_limit = .

.stack          0x20007c00      0x400
                0x20007c00                __cy_stack_limit = .
                0x20008000                . = (. + 0x400)
 *fill*         0x20007c00      0x400 
                0x00000001                ASSERT ((__cy_stack_limit >= __cy_heap_limit), region RAM overflowed with stack)
                0x00000000                cy_checksum_exclude_size = (CY_APPL_LOADABLE == 0x1)?SIZEOF (.cy_checksum_exclude):0x0
                0x00000001                ASSERT ((cy_checksum_exclude_size <= CY_CHECKSUM_EXCLUDE_SIZE), CY_BOOT: Section .cy_checksum_exclude size exceedes specified limit.)

.cyloadermeta
 *(.cyloadermeta)

.cyloadablemeta
 *(.cyloadablemeta)

.cyconfigecc    0x80000000      0xdec
 *(.cyconfigecc)
 .cyconfigecc   0x80000000      0xdec .\CortexM3\ARM_GCC_493\Debug\cymetadata.o
                0x80000000                cy_meta_configecc

.cycustnvl      0x90000000        0x4
 *(.cycustnvl)
 .cycustnvl     0x90000000        0x4 .\CortexM3\ARM_GCC_493\Debug\cymetadata.o
                0x90000000                cy_meta_custnvl

.cywolatch      0x90100000        0x4
 *(.cywolatch)
 .cywolatch     0x90100000        0x4 .\CortexM3\ARM_GCC_493\Debug\cymetadata.o
                0x90100000                cy_meta_wonvl

.cyeeprom       0x90200000        0x0
 *(.cyeeprom)
                0x00000001                ASSERT ((. <= ((0x90200000 + ee_offset) + ee_size)), .cyeeprom data will not fit in EEPROM)

.cyflashprotect
                0x90400000      0x100
 *(.cyflashprotect)
 .cyflashprotect
                0x90400000      0x100 .\CortexM3\ARM_GCC_493\Debug\cymetadata.o
                0x90400000                cy_meta_flashprotect

.cymeta         0x90500000        0xc
 *(.cymeta)
 .cymeta        0x90500000        0xc .\CortexM3\ARM_GCC_493\Debug\cymetadata.o
                0x90500000                cy_metadata

.rel.dyn        0x00005210        0x0 load address 0x9050000c
 .rel.iplt      0x00000000        0x0 c:/program files (x86)/cypress/psoc creator/4.0/psoc creator/import/gnu/arm/4.9.3/bin/../lib/gcc/arm-none-eabi/4.9.3/armv7-m/crtbegin.o

.stab
 *(.stab)

.stabstr
 *(.stabstr)

.debug
 *(.debug)

.line
 *(.line)

.debug_srcinfo
 *(.debug_srcinfo)

.debug_sfnames
 *(.debug_sfnames)

.debug_aranges  0x00000000     0x12c0
 *(.debug_aranges)
 .debug_aranges
                0x00000000       0x18 .\CortexM3\ARM_GCC_493\Debug\croutine.o
 .debug_aranges
                0x00000018       0x40 .\CortexM3\ARM_GCC_493\Debug\list.o
 .debug_aranges
                0x00000058      0x110 .\CortexM3\ARM_GCC_493\Debug\queue.o
 .debug_aranges
                0x00000168      0x1b8 .\CortexM3\ARM_GCC_493\Debug\tasks.o
 .debug_aranges
                0x00000320       0x70 .\CortexM3\ARM_GCC_493\Debug\port.o
 .debug_aranges
                0x00000390       0x40 .\CortexM3\ARM_GCC_493\Debug\heap_2.o
 .debug_aranges
                0x000003d0       0x30 .\CortexM3\ARM_GCC_493\Debug\IntQueueTimer.o
 .debug_aranges
                0x00000400       0x48 .\CortexM3\ARM_GCC_493\Debug\main.o
 .debug_aranges
                0x00000448       0x48 .\CortexM3\ARM_GCC_493\Debug\Serial.o
 .debug_aranges
                0x00000490       0x48 .\CortexM3\ARM_GCC_493\Debug\movement.o
 .debug_aranges
                0x000004d8       0x38 .\CortexM3\ARM_GCC_493\Debug\comtest.o
 .debug_aranges
                0x00000510       0x18 .\CortexM3\ARM_GCC_493\Debug\cymetadata.o
 .debug_aranges
                0x00000528       0x48 .\CortexM3\ARM_GCC_493\Debug\Cm3Start.o
 .debug_aranges
                0x00000570       0x60 .\CortexM3\ARM_GCC_493\Debug\FreeRTOS_Demo.a(cyfitter_cfg.o)
 .debug_aranges
                0x000005d0       0xf0 .\CortexM3\ARM_GCC_493\Debug\FreeRTOS_Demo.a(UART_1.o)
 .debug_aranges
                0x000006c0       0x20 .\CortexM3\ARM_GCC_493\Debug\FreeRTOS_Demo.a(UART_1_INT.o)
 .debug_aranges
                0x000006e0       0x80 .\CortexM3\ARM_GCC_493\Debug\FreeRTOS_Demo.a(isr_UART1_TX_BYTE_COMPLETE.o)
 .debug_aranges
                0x00000760       0x80 .\CortexM3\ARM_GCC_493\Debug\FreeRTOS_Demo.a(isr_UART1_RX_BYTE_RECEIVED.o)
 .debug_aranges
                0x000007e0       0x70 .\CortexM3\ARM_GCC_493\Debug\FreeRTOS_Demo.a(UART_1_IntClock.o)
 .debug_aranges
                0x00000850      0x2a0 .\CortexM3\ARM_GCC_493\Debug\FreeRTOS_Demo.a(CyLib.o)
 .debug_aranges
                0x00000af0       0x98 .\CortexM3\ARM_GCC_493\Debug\FreeRTOS_Demo.a(cyPm.o)
 .debug_aranges
                0x00000b88       0x98 .\CortexM3\ARM_GCC_493\Debug\FreeRTOS_Demo.a(PWM_M1.o)
 .debug_aranges
                0x00000c20       0x70 .\CortexM3\ARM_GCC_493\Debug\FreeRTOS_Demo.a(MClock.o)
 .debug_aranges
                0x00000c90       0x38 .\CortexM3\ARM_GCC_493\Debug\FreeRTOS_Demo.a(M1_FWD.o)
 .debug_aranges
                0x00000cc8       0x38 .\CortexM3\ARM_GCC_493\Debug\FreeRTOS_Demo.a(M1_BWD.o)
 .debug_aranges
                0x00000d00       0x98 .\CortexM3\ARM_GCC_493\Debug\FreeRTOS_Demo.a(PWM_M2.o)
 .debug_aranges
                0x00000d98       0x38 .\CortexM3\ARM_GCC_493\Debug\FreeRTOS_Demo.a(M2_FWD.o)
 .debug_aranges
                0x00000dd0       0x38 .\CortexM3\ARM_GCC_493\Debug\FreeRTOS_Demo.a(M2_BWD.o)
 .debug_aranges
                0x00000e08       0x38 .\CortexM3\ARM_GCC_493\Debug\FreeRTOS_Demo.a(Standby.o)
 .debug_aranges
                0x00000e40       0x60 .\CortexM3\ARM_GCC_493\Debug\FreeRTOS_Demo.a(M1QuadDec.o)
 .debug_aranges
                0x00000ea0       0x20 .\CortexM3\ARM_GCC_493\Debug\FreeRTOS_Demo.a(M1QuadDec_INT.o)
 .debug_aranges
                0x00000ec0       0x70 .\CortexM3\ARM_GCC_493\Debug\FreeRTOS_Demo.a(M1Clock.o)
 .debug_aranges
                0x00000f30       0x60 .\CortexM3\ARM_GCC_493\Debug\FreeRTOS_Demo.a(M2QuadDec.o)
 .debug_aranges
                0x00000f90       0x20 .\CortexM3\ARM_GCC_493\Debug\FreeRTOS_Demo.a(M2QuadDec_INT.o)
 .debug_aranges
                0x00000fb0       0x98 .\CortexM3\ARM_GCC_493\Debug\FreeRTOS_Demo.a(M1QuadDec_Cnt16.o)
 .debug_aranges
                0x00001048       0x98 .\CortexM3\ARM_GCC_493\Debug\FreeRTOS_Demo.a(M2QuadDec_Cnt16.o)
 .debug_aranges
                0x000010e0       0x90 .\CortexM3\ARM_GCC_493\Debug\FreeRTOS_Demo.a(Timer_1.o)
 .debug_aranges
                0x00001170       0x38 .\CortexM3\ARM_GCC_493\Debug\FreeRTOS_Demo.a(LED.o)
 .debug_aranges
                0x000011a8       0x20 .\CortexM3\ARM_GCC_493\Debug\FreeRTOS_Demo.a(CyBootAsmGnu.o)
 .debug_aranges
                0x000011c8       0x80 .\CortexM3\ARM_GCC_493\Debug\FreeRTOS_Demo.a(CyFlash.o)
 .debug_aranges
                0x00001248       0x78 .\CortexM3\ARM_GCC_493\Debug\FreeRTOS_Demo.a(CySpc.o)

.debug_pubnames
 *(.debug_pubnames)

.debug_info     0x00000000     0x9167
 *(.debug_info .gnu.linkonce.wi.*)
 .debug_info    0x00000000       0xa7 .\CortexM3\ARM_GCC_493\Debug\croutine.o
 .debug_info    0x000000a7      0x2e1 .\CortexM3\ARM_GCC_493\Debug\list.o
 .debug_info    0x00000388     0x102e .\CortexM3\ARM_GCC_493\Debug\queue.o
 .debug_info    0x000013b6     0x16f5 .\CortexM3\ARM_GCC_493\Debug\tasks.o
 .debug_info    0x00002aab      0x314 .\CortexM3\ARM_GCC_493\Debug\port.o
 .debug_info    0x00002dbf      0x31f .\CortexM3\ARM_GCC_493\Debug\heap_2.o
 .debug_info    0x000030de      0x165 .\CortexM3\ARM_GCC_493\Debug\IntQueueTimer.o
 .debug_info    0x00003243      0x469 .\CortexM3\ARM_GCC_493\Debug\main.o
 .debug_info    0x000036ac      0x3e1 .\CortexM3\ARM_GCC_493\Debug\Serial.o
 .debug_info    0x00003a8d      0x365 .\CortexM3\ARM_GCC_493\Debug\movement.o
 .debug_info    0x00003df2      0x245 .\CortexM3\ARM_GCC_493\Debug\comtest.o
 .debug_info    0x00004037      0x13f .\CortexM3\ARM_GCC_493\Debug\cymetadata.o
 .debug_info    0x00004176      0x319 .\CortexM3\ARM_GCC_493\Debug\Cm3Start.o
 .debug_info    0x0000448f      0x44b .\CortexM3\ARM_GCC_493\Debug\FreeRTOS_Demo.a(cyfitter_cfg.o)
 .debug_info    0x000048da      0x5f1 .\CortexM3\ARM_GCC_493\Debug\FreeRTOS_Demo.a(UART_1.o)
 .debug_info    0x00004ecb      0x154 .\CortexM3\ARM_GCC_493\Debug\FreeRTOS_Demo.a(UART_1_INT.o)
 .debug_info    0x0000501f      0x23a .\CortexM3\ARM_GCC_493\Debug\FreeRTOS_Demo.a(isr_UART1_TX_BYTE_COMPLETE.o)
 .debug_info    0x00005259      0x23a .\CortexM3\ARM_GCC_493\Debug\FreeRTOS_Demo.a(isr_UART1_RX_BYTE_RECEIVED.o)
 .debug_info    0x00005493      0x25d .\CortexM3\ARM_GCC_493\Debug\FreeRTOS_Demo.a(UART_1_IntClock.o)
 .debug_info    0x000056f0      0xe4a .\CortexM3\ARM_GCC_493\Debug\FreeRTOS_Demo.a(CyLib.o)
 .debug_info    0x0000653a      0x561 .\CortexM3\ARM_GCC_493\Debug\FreeRTOS_Demo.a(cyPm.o)
 .debug_info    0x00006a9b      0x2a0 .\CortexM3\ARM_GCC_493\Debug\FreeRTOS_Demo.a(PWM_M1.o)
 .debug_info    0x00006d3b      0x25d .\CortexM3\ARM_GCC_493\Debug\FreeRTOS_Demo.a(MClock.o)
 .debug_info    0x00006f98      0x11e .\CortexM3\ARM_GCC_493\Debug\FreeRTOS_Demo.a(M1_FWD.o)
 .debug_info    0x000070b6      0x11e .\CortexM3\ARM_GCC_493\Debug\FreeRTOS_Demo.a(M1_BWD.o)
 .debug_info    0x000071d4      0x2a0 .\CortexM3\ARM_GCC_493\Debug\FreeRTOS_Demo.a(PWM_M2.o)
 .debug_info    0x00007474      0x11e .\CortexM3\ARM_GCC_493\Debug\FreeRTOS_Demo.a(M2_FWD.o)
 .debug_info    0x00007592      0x11e .\CortexM3\ARM_GCC_493\Debug\FreeRTOS_Demo.a(M2_BWD.o)
 .debug_info    0x000076b0      0x11e .\CortexM3\ARM_GCC_493\Debug\FreeRTOS_Demo.a(Standby.o)
 .debug_info    0x000077ce      0x22d .\CortexM3\ARM_GCC_493\Debug\FreeRTOS_Demo.a(M1QuadDec.o)
 .debug_info    0x000079fb       0xeb .\CortexM3\ARM_GCC_493\Debug\FreeRTOS_Demo.a(M1QuadDec_INT.o)
 .debug_info    0x00007ae6      0x25d .\CortexM3\ARM_GCC_493\Debug\FreeRTOS_Demo.a(M1Clock.o)
 .debug_info    0x00007d43      0x22d .\CortexM3\ARM_GCC_493\Debug\FreeRTOS_Demo.a(M2QuadDec.o)
 .debug_info    0x00007f70       0xeb .\CortexM3\ARM_GCC_493\Debug\FreeRTOS_Demo.a(M2QuadDec_INT.o)
 .debug_info    0x0000805b      0x28a .\CortexM3\ARM_GCC_493\Debug\FreeRTOS_Demo.a(M1QuadDec_Cnt16.o)
 .debug_info    0x000082e5      0x28a .\CortexM3\ARM_GCC_493\Debug\FreeRTOS_Demo.a(M2QuadDec_Cnt16.o)
 .debug_info    0x0000856f      0x254 .\CortexM3\ARM_GCC_493\Debug\FreeRTOS_Demo.a(Timer_1.o)
 .debug_info    0x000087c3      0x11e .\CortexM3\ARM_GCC_493\Debug\FreeRTOS_Demo.a(LED.o)
 .debug_info    0x000088e1       0xc9 .\CortexM3\ARM_GCC_493\Debug\FreeRTOS_Demo.a(CyBootAsmGnu.o)
 .debug_info    0x000089aa      0x36a .\CortexM3\ARM_GCC_493\Debug\FreeRTOS_Demo.a(CyFlash.o)
 .debug_info    0x00008d14      0x453 .\CortexM3\ARM_GCC_493\Debug\FreeRTOS_Demo.a(CySpc.o)

.debug_abbrev   0x00000000     0x2db7
 *(.debug_abbrev)
 .debug_abbrev  0x00000000       0x4b .\CortexM3\ARM_GCC_493\Debug\croutine.o
 .debug_abbrev  0x0000004b       0xd8 .\CortexM3\ARM_GCC_493\Debug\list.o
 .debug_abbrev  0x00000123      0x278 .\CortexM3\ARM_GCC_493\Debug\queue.o
 .debug_abbrev  0x0000039b      0x291 .\CortexM3\ARM_GCC_493\Debug\tasks.o
 .debug_abbrev  0x0000062c      0x1ca .\CortexM3\ARM_GCC_493\Debug\port.o
 .debug_abbrev  0x000007f6      0x177 .\CortexM3\ARM_GCC_493\Debug\heap_2.o
 .debug_abbrev  0x0000096d       0xd0 .\CortexM3\ARM_GCC_493\Debug\IntQueueTimer.o
 .debug_abbrev  0x00000a3d      0x1ec .\CortexM3\ARM_GCC_493\Debug\main.o
 .debug_abbrev  0x00000c29      0x140 .\CortexM3\ARM_GCC_493\Debug\Serial.o
 .debug_abbrev  0x00000d69       0xeb .\CortexM3\ARM_GCC_493\Debug\movement.o
 .debug_abbrev  0x00000e54       0xd4 .\CortexM3\ARM_GCC_493\Debug\comtest.o
 .debug_abbrev  0x00000f28       0x77 .\CortexM3\ARM_GCC_493\Debug\cymetadata.o
 .debug_abbrev  0x00000f9f      0x1b6 .\CortexM3\ARM_GCC_493\Debug\Cm3Start.o
 .debug_abbrev  0x00001155      0x1b7 .\CortexM3\ARM_GCC_493\Debug\FreeRTOS_Demo.a(cyfitter_cfg.o)
 .debug_abbrev  0x0000130c      0x15f .\CortexM3\ARM_GCC_493\Debug\FreeRTOS_Demo.a(UART_1.o)
 .debug_abbrev  0x0000146b       0x8a .\CortexM3\ARM_GCC_493\Debug\FreeRTOS_Demo.a(UART_1_INT.o)
 .debug_abbrev  0x000014f5      0x172 .\CortexM3\ARM_GCC_493\Debug\FreeRTOS_Demo.a(isr_UART1_TX_BYTE_COMPLETE.o)
 .debug_abbrev  0x00001667      0x172 .\CortexM3\ARM_GCC_493\Debug\FreeRTOS_Demo.a(isr_UART1_RX_BYTE_RECEIVED.o)
 .debug_abbrev  0x000017d9      0x11d .\CortexM3\ARM_GCC_493\Debug\FreeRTOS_Demo.a(UART_1_IntClock.o)
 .debug_abbrev  0x000018f6      0x217 .\CortexM3\ARM_GCC_493\Debug\FreeRTOS_Demo.a(CyLib.o)
 .debug_abbrev  0x00001b0d      0x161 .\CortexM3\ARM_GCC_493\Debug\FreeRTOS_Demo.a(cyPm.o)
 .debug_abbrev  0x00001c6e      0x12e .\CortexM3\ARM_GCC_493\Debug\FreeRTOS_Demo.a(PWM_M1.o)
 .debug_abbrev  0x00001d9c      0x11d .\CortexM3\ARM_GCC_493\Debug\FreeRTOS_Demo.a(MClock.o)
 .debug_abbrev  0x00001eb9       0x90 .\CortexM3\ARM_GCC_493\Debug\FreeRTOS_Demo.a(M1_FWD.o)
 .debug_abbrev  0x00001f49       0x90 .\CortexM3\ARM_GCC_493\Debug\FreeRTOS_Demo.a(M1_BWD.o)
 .debug_abbrev  0x00001fd9      0x12e .\CortexM3\ARM_GCC_493\Debug\FreeRTOS_Demo.a(PWM_M2.o)
 .debug_abbrev  0x00002107       0x90 .\CortexM3\ARM_GCC_493\Debug\FreeRTOS_Demo.a(M2_FWD.o)
 .debug_abbrev  0x00002197       0x90 .\CortexM3\ARM_GCC_493\Debug\FreeRTOS_Demo.a(M2_BWD.o)
 .debug_abbrev  0x00002227       0x90 .\CortexM3\ARM_GCC_493\Debug\FreeRTOS_Demo.a(Standby.o)
 .debug_abbrev  0x000022b7      0x11a .\CortexM3\ARM_GCC_493\Debug\FreeRTOS_Demo.a(M1QuadDec.o)
 .debug_abbrev  0x000023d1       0x78 .\CortexM3\ARM_GCC_493\Debug\FreeRTOS_Demo.a(M1QuadDec_INT.o)
 .debug_abbrev  0x00002449      0x11d .\CortexM3\ARM_GCC_493\Debug\FreeRTOS_Demo.a(M1Clock.o)
 .debug_abbrev  0x00002566      0x11a .\CortexM3\ARM_GCC_493\Debug\FreeRTOS_Demo.a(M2QuadDec.o)
 .debug_abbrev  0x00002680       0x78 .\CortexM3\ARM_GCC_493\Debug\FreeRTOS_Demo.a(M2QuadDec_INT.o)
 .debug_abbrev  0x000026f8      0x12c .\CortexM3\ARM_GCC_493\Debug\FreeRTOS_Demo.a(M1QuadDec_Cnt16.o)
 .debug_abbrev  0x00002824      0x12c .\CortexM3\ARM_GCC_493\Debug\FreeRTOS_Demo.a(M2QuadDec_Cnt16.o)
 .debug_abbrev  0x00002950      0x11b .\CortexM3\ARM_GCC_493\Debug\FreeRTOS_Demo.a(Timer_1.o)
 .debug_abbrev  0x00002a6b       0x90 .\CortexM3\ARM_GCC_493\Debug\FreeRTOS_Demo.a(LED.o)
 .debug_abbrev  0x00002afb       0x14 .\CortexM3\ARM_GCC_493\Debug\FreeRTOS_Demo.a(CyBootAsmGnu.o)
 .debug_abbrev  0x00002b0f      0x13c .\CortexM3\ARM_GCC_493\Debug\FreeRTOS_Demo.a(CyFlash.o)
 .debug_abbrev  0x00002c4b      0x16c .\CortexM3\ARM_GCC_493\Debug\FreeRTOS_Demo.a(CySpc.o)

.debug_line     0x00000000     0x553f
 *(.debug_line)
 .debug_line    0x00000000      0x13a .\CortexM3\ARM_GCC_493\Debug\croutine.o
 .debug_line    0x0000013a      0x240 .\CortexM3\ARM_GCC_493\Debug\list.o
 .debug_line    0x0000037a      0x758 .\CortexM3\ARM_GCC_493\Debug\queue.o
 .debug_line    0x00000ad2      0xa83 .\CortexM3\ARM_GCC_493\Debug\tasks.o
 .debug_line    0x00001555      0x2c8 .\CortexM3\ARM_GCC_493\Debug\port.o
 .debug_line    0x0000181d      0x2e4 .\CortexM3\ARM_GCC_493\Debug\heap_2.o
 .debug_line    0x00001b01      0x1db .\CortexM3\ARM_GCC_493\Debug\IntQueueTimer.o
 .debug_line    0x00001cdc      0x2ea .\CortexM3\ARM_GCC_493\Debug\main.o
 .debug_line    0x00001fc6      0x2ba .\CortexM3\ARM_GCC_493\Debug\Serial.o
 .debug_line    0x00002280      0x22e .\CortexM3\ARM_GCC_493\Debug\movement.o
 .debug_line    0x000024ae      0x237 .\CortexM3\ARM_GCC_493\Debug\comtest.o
 .debug_line    0x000026e5       0x51 .\CortexM3\ARM_GCC_493\Debug\cymetadata.o
 .debug_line    0x00002736      0x1dc .\CortexM3\ARM_GCC_493\Debug\Cm3Start.o
 .debug_line    0x00002912      0x21f .\CortexM3\ARM_GCC_493\Debug\FreeRTOS_Demo.a(cyfitter_cfg.o)
 .debug_line    0x00002b31      0x30c .\CortexM3\ARM_GCC_493\Debug\FreeRTOS_Demo.a(UART_1.o)
 .debug_line    0x00002e3d       0x8a .\CortexM3\ARM_GCC_493\Debug\FreeRTOS_Demo.a(UART_1_INT.o)
 .debug_line    0x00002ec7      0x165 .\CortexM3\ARM_GCC_493\Debug\FreeRTOS_Demo.a(isr_UART1_TX_BYTE_COMPLETE.o)
 .debug_line    0x0000302c      0x165 .\CortexM3\ARM_GCC_493\Debug\FreeRTOS_Demo.a(isr_UART1_RX_BYTE_RECEIVED.o)
 .debug_line    0x00003191      0x1aa .\CortexM3\ARM_GCC_493\Debug\FreeRTOS_Demo.a(UART_1_IntClock.o)
 .debug_line    0x0000333b      0x882 .\CortexM3\ARM_GCC_493\Debug\FreeRTOS_Demo.a(CyLib.o)
 .debug_line    0x00003bbd      0x37f .\CortexM3\ARM_GCC_493\Debug\FreeRTOS_Demo.a(cyPm.o)
 .debug_line    0x00003f3c      0x18a .\CortexM3\ARM_GCC_493\Debug\FreeRTOS_Demo.a(PWM_M1.o)
 .debug_line    0x000040c6      0x1a1 .\CortexM3\ARM_GCC_493\Debug\FreeRTOS_Demo.a(MClock.o)
 .debug_line    0x00004267       0x95 .\CortexM3\ARM_GCC_493\Debug\FreeRTOS_Demo.a(M1_FWD.o)
 .debug_line    0x000042fc       0x95 .\CortexM3\ARM_GCC_493\Debug\FreeRTOS_Demo.a(M1_BWD.o)
 .debug_line    0x00004391      0x18a .\CortexM3\ARM_GCC_493\Debug\FreeRTOS_Demo.a(PWM_M2.o)
 .debug_line    0x0000451b       0x95 .\CortexM3\ARM_GCC_493\Debug\FreeRTOS_Demo.a(M2_FWD.o)
 .debug_line    0x000045b0       0x95 .\CortexM3\ARM_GCC_493\Debug\FreeRTOS_Demo.a(M2_BWD.o)
 .debug_line    0x00004645       0x96 .\CortexM3\ARM_GCC_493\Debug\FreeRTOS_Demo.a(Standby.o)
 .debug_line    0x000046db      0x124 .\CortexM3\ARM_GCC_493\Debug\FreeRTOS_Demo.a(M1QuadDec.o)
 .debug_line    0x000047ff       0x6f .\CortexM3\ARM_GCC_493\Debug\FreeRTOS_Demo.a(M1QuadDec_INT.o)
 .debug_line    0x0000486e      0x1a2 .\CortexM3\ARM_GCC_493\Debug\FreeRTOS_Demo.a(M1Clock.o)
 .debug_line    0x00004a10      0x124 .\CortexM3\ARM_GCC_493\Debug\FreeRTOS_Demo.a(M2QuadDec.o)
 .debug_line    0x00004b34       0x6f .\CortexM3\ARM_GCC_493\Debug\FreeRTOS_Demo.a(M2QuadDec_INT.o)
 .debug_line    0x00004ba3      0x18d .\CortexM3\ARM_GCC_493\Debug\FreeRTOS_Demo.a(M1QuadDec_Cnt16.o)
 .debug_line    0x00004d30      0x18d .\CortexM3\ARM_GCC_493\Debug\FreeRTOS_Demo.a(M2QuadDec_Cnt16.o)
 .debug_line    0x00004ebd      0x170 .\CortexM3\ARM_GCC_493\Debug\FreeRTOS_Demo.a(Timer_1.o)
 .debug_line    0x0000502d       0x92 .\CortexM3\ARM_GCC_493\Debug\FreeRTOS_Demo.a(LED.o)
 .debug_line    0x000050bf       0x66 .\CortexM3\ARM_GCC_493\Debug\FreeRTOS_Demo.a(CyBootAsmGnu.o)
 .debug_line    0x00005125      0x205 .\CortexM3\ARM_GCC_493\Debug\FreeRTOS_Demo.a(CyFlash.o)
 .debug_line    0x0000532a      0x215 .\CortexM3\ARM_GCC_493\Debug\FreeRTOS_Demo.a(CySpc.o)

.debug_frame    0x00000000     0x4c14
 *(.debug_frame)
 .debug_frame   0x00000000       0xd8 .\CortexM3\ARM_GCC_493\Debug\list.o
 .debug_frame   0x000000d8      0x4ec .\CortexM3\ARM_GCC_493\Debug\queue.o
 .debug_frame   0x000005c4      0x818 .\CortexM3\ARM_GCC_493\Debug\tasks.o
 .debug_frame   0x00000ddc      0x16c .\CortexM3\ARM_GCC_493\Debug\port.o
 .debug_frame   0x00000f48       0xd0 .\CortexM3\ARM_GCC_493\Debug\heap_2.o
 .debug_frame   0x00001018       0x64 .\CortexM3\ARM_GCC_493\Debug\IntQueueTimer.o
 .debug_frame   0x0000107c       0xcc .\CortexM3\ARM_GCC_493\Debug\main.o
 .debug_frame   0x00001148      0x100 .\CortexM3\ARM_GCC_493\Debug\Serial.o
 .debug_frame   0x00001248      0x110 .\CortexM3\ARM_GCC_493\Debug\movement.o
 .debug_frame   0x00001358       0xa0 .\CortexM3\ARM_GCC_493\Debug\comtest.o
 .debug_frame   0x000013f8       0xd8 .\CortexM3\ARM_GCC_493\Debug\Cm3Start.o
 .debug_frame   0x000014d0      0x16c .\CortexM3\ARM_GCC_493\Debug\FreeRTOS_Demo.a(cyfitter_cfg.o)
 .debug_frame   0x0000163c      0x428 .\CortexM3\ARM_GCC_493\Debug\FreeRTOS_Demo.a(UART_1.o)
 .debug_frame   0x00001a64       0x38 .\CortexM3\ARM_GCC_493\Debug\FreeRTOS_Demo.a(UART_1_INT.o)
 .debug_frame   0x00001a9c      0x1e8 .\CortexM3\ARM_GCC_493\Debug\FreeRTOS_Demo.a(isr_UART1_TX_BYTE_COMPLETE.o)
 .debug_frame   0x00001c84      0x1e8 .\CortexM3\ARM_GCC_493\Debug\FreeRTOS_Demo.a(isr_UART1_RX_BYTE_RECEIVED.o)
 .debug_frame   0x00001e6c      0x1b4 .\CortexM3\ARM_GCC_493\Debug\FreeRTOS_Demo.a(UART_1_IntClock.o)
 .debug_frame   0x00002020      0xc0c .\CortexM3\ARM_GCC_493\Debug\FreeRTOS_Demo.a(CyLib.o)
 .debug_frame   0x00002c2c      0x234 .\CortexM3\ARM_GCC_493\Debug\FreeRTOS_Demo.a(cyPm.o)
 .debug_frame   0x00002e60      0x25c .\CortexM3\ARM_GCC_493\Debug\FreeRTOS_Demo.a(PWM_M1.o)
 .debug_frame   0x000030bc      0x1b4 .\CortexM3\ARM_GCC_493\Debug\FreeRTOS_Demo.a(MClock.o)
 .debug_frame   0x00003270       0xa8 .\CortexM3\ARM_GCC_493\Debug\FreeRTOS_Demo.a(M1_FWD.o)
 .debug_frame   0x00003318       0xa8 .\CortexM3\ARM_GCC_493\Debug\FreeRTOS_Demo.a(M1_BWD.o)
 .debug_frame   0x000033c0      0x25c .\CortexM3\ARM_GCC_493\Debug\FreeRTOS_Demo.a(PWM_M2.o)
 .debug_frame   0x0000361c       0xa8 .\CortexM3\ARM_GCC_493\Debug\FreeRTOS_Demo.a(M2_FWD.o)
 .debug_frame   0x000036c4       0xa8 .\CortexM3\ARM_GCC_493\Debug\FreeRTOS_Demo.a(M2_BWD.o)
 .debug_frame   0x0000376c       0xa8 .\CortexM3\ARM_GCC_493\Debug\FreeRTOS_Demo.a(Standby.o)
 .debug_frame   0x00003814      0x158 .\CortexM3\ARM_GCC_493\Debug\FreeRTOS_Demo.a(M1QuadDec.o)
 .debug_frame   0x0000396c       0x38 .\CortexM3\ARM_GCC_493\Debug\FreeRTOS_Demo.a(M1QuadDec_INT.o)
 .debug_frame   0x000039a4      0x1b4 .\CortexM3\ARM_GCC_493\Debug\FreeRTOS_Demo.a(M1Clock.o)
 .debug_frame   0x00003b58      0x158 .\CortexM3\ARM_GCC_493\Debug\FreeRTOS_Demo.a(M2QuadDec.o)
 .debug_frame   0x00003cb0       0x38 .\CortexM3\ARM_GCC_493\Debug\FreeRTOS_Demo.a(M2QuadDec_INT.o)
 .debug_frame   0x00003ce8      0x258 .\CortexM3\ARM_GCC_493\Debug\FreeRTOS_Demo.a(M1QuadDec_Cnt16.o)
 .debug_frame   0x00003f40      0x258 .\CortexM3\ARM_GCC_493\Debug\FreeRTOS_Demo.a(M2QuadDec_Cnt16.o)
 .debug_frame   0x00004198      0x230 .\CortexM3\ARM_GCC_493\Debug\FreeRTOS_Demo.a(Timer_1.o)
 .debug_frame   0x000043c8       0xa8 .\CortexM3\ARM_GCC_493\Debug\FreeRTOS_Demo.a(LED.o)
 .debug_frame   0x00004470      0x210 .\CortexM3\ARM_GCC_493\Debug\FreeRTOS_Demo.a(CyFlash.o)
 .debug_frame   0x00004680      0x1f8 .\CortexM3\ARM_GCC_493\Debug\FreeRTOS_Demo.a(CySpc.o)
 .debug_frame   0x00004878       0x20 c:/program files (x86)/cypress/psoc creator/4.0/psoc creator/import/gnu/arm/4.9.3/bin/../lib/gcc/arm-none-eabi/4.9.3/../../../../arm-none-eabi/lib/armv7-m\libg_nano.a(lib_a-errno.o)
 .debug_frame   0x00004898       0x28 c:/program files (x86)/cypress/psoc creator/4.0/psoc creator/import/gnu/arm/4.9.3/bin/../lib/gcc/arm-none-eabi/4.9.3/../../../../arm-none-eabi/lib/armv7-m\libg_nano.a(lib_a-exit.o)
 .debug_frame   0x000048c0       0x2c c:/program files (x86)/cypress/psoc creator/4.0/psoc creator/import/gnu/arm/4.9.3/bin/../lib/gcc/arm-none-eabi/4.9.3/../../../../arm-none-eabi/lib/armv7-m\libg_nano.a(lib_a-init.o)
 .debug_frame   0x000048ec       0x28 c:/program files (x86)/cypress/psoc creator/4.0/psoc creator/import/gnu/arm/4.9.3/bin/../lib/gcc/arm-none-eabi/4.9.3/../../../../arm-none-eabi/lib/armv7-m\libg_nano.a(lib_a-memcpy.o)
 .debug_frame   0x00004914       0x20 c:/program files (x86)/cypress/psoc creator/4.0/psoc creator/import/gnu/arm/4.9.3/bin/../lib/gcc/arm-none-eabi/4.9.3/../../../../arm-none-eabi/lib/armv7-m\libg_nano.a(lib_a-memset.o)
 .debug_frame   0x00004934       0x70 c:/program files (x86)/cypress/psoc creator/4.0/psoc creator/import/gnu/arm/4.9.3/bin/../lib/gcc/arm-none-eabi/4.9.3/../../../../arm-none-eabi/lib/armv7-m\libg_nano.a(lib_a-sprintf.o)
 .debug_frame   0x000049a4       0x8c c:/program files (x86)/cypress/psoc creator/4.0/psoc creator/import/gnu/arm/4.9.3/bin/../lib/gcc/arm-none-eabi/4.9.3/../../../../arm-none-eabi/lib/armv7-m\libg_nano.a(lib_a-nano-svfprintf.o)
 .debug_frame   0x00004a30       0x58 c:/program files (x86)/cypress/psoc creator/4.0/psoc creator/import/gnu/arm/4.9.3/bin/../lib/gcc/arm-none-eabi/4.9.3/../../../../arm-none-eabi/lib/armv7-m\libg_nano.a(lib_a-nano-vfprintf_i.o)
 .debug_frame   0x00004a88       0x28 c:/program files (x86)/cypress/psoc creator/4.0/psoc creator/import/gnu/arm/4.9.3/bin/../lib/gcc/arm-none-eabi/4.9.3/../../../../arm-none-eabi/lib/armv7-m\libg_nano.a(lib_a-memchr.o)
 .debug_frame   0x00004ab0       0x28 c:/program files (x86)/cypress/psoc creator/4.0/psoc creator/import/gnu/arm/4.9.3/bin/../lib/gcc/arm-none-eabi/4.9.3/../../../../arm-none-eabi/lib/armv7-m\libg_nano.a(lib_a-memmove.o)
 .debug_frame   0x00004ad8       0x2c c:/program files (x86)/cypress/psoc creator/4.0/psoc creator/import/gnu/arm/4.9.3/bin/../lib/gcc/arm-none-eabi/4.9.3/../../../../arm-none-eabi/lib/armv7-m\libg_nano.a(lib_a-nano-freer.o)
 .debug_frame   0x00004b04       0x2c c:/program files (x86)/cypress/psoc creator/4.0/psoc creator/import/gnu/arm/4.9.3/bin/../lib/gcc/arm-none-eabi/4.9.3/../../../../arm-none-eabi/lib/armv7-m\libg_nano.a(lib_a-nano-mallocr.o)
 .debug_frame   0x00004b30       0x3c c:/program files (x86)/cypress/psoc creator/4.0/psoc creator/import/gnu/arm/4.9.3/bin/../lib/gcc/arm-none-eabi/4.9.3/../../../../arm-none-eabi/lib/armv7-m\libg_nano.a(lib_a-nano-reallocr.o)
 .debug_frame   0x00004b6c       0x2c c:/program files (x86)/cypress/psoc creator/4.0/psoc creator/import/gnu/arm/4.9.3/bin/../lib/gcc/arm-none-eabi/4.9.3/../../../../arm-none-eabi/lib/armv7-m\libg_nano.a(lib_a-sbrkr.o)
 .debug_frame   0x00004b98       0x20 c:/program files (x86)/cypress/psoc creator/4.0/psoc creator/import/gnu/arm/4.9.3/bin/../lib/gcc/arm-none-eabi/4.9.3/../../../../arm-none-eabi/lib/armv7-m\libg_nano.a(lib_a-nano-msizer.o)
 .debug_frame   0x00004bb8       0x5c c:/program files (x86)/cypress/psoc creator/4.0/psoc creator/import/gnu/arm/4.9.3/bin/../lib/gcc/arm-none-eabi/4.9.3/../../../../arm-none-eabi/lib/armv7-m\libg_nano.a(lib_a-reent.o)

.debug_str      0x00000000     0x45e1
 *(.debug_str)
 .debug_str     0x00000000      0x1a0 .\CortexM3\ARM_GCC_493\Debug\croutine.o
                                0x1e8 (size before relaxing)
 .debug_str     0x000001a0      0x15c .\CortexM3\ARM_GCC_493\Debug\list.o
                                0x337 (size before relaxing)
 .debug_str     0x000002fc      0x5f3 .\CortexM3\ARM_GCC_493\Debug\queue.o
                                0x8c9 (size before relaxing)
 .debug_str     0x000008ef      0xb4c .\CortexM3\ARM_GCC_493\Debug\tasks.o
                                0xf01 (size before relaxing)
 .debug_str     0x0000143b      0x12b .\CortexM3\ARM_GCC_493\Debug\port.o
                                0x39b (size before relaxing)
 .debug_str     0x00001566      0x181 .\CortexM3\ARM_GCC_493\Debug\heap_2.o
                                0x39f (size before relaxing)
 .debug_str     0x000016e7       0xfe .\CortexM3\ARM_GCC_493\Debug\IntQueueTimer.o
                                0x2e4 (size before relaxing)
 .debug_str     0x000017e5      0x12b .\CortexM3\ARM_GCC_493\Debug\main.o
                                0x3fd (size before relaxing)
 .debug_str     0x00001910       0xed .\CortexM3\ARM_GCC_493\Debug\Serial.o
                                0x394 (size before relaxing)
 .debug_str     0x000019fd       0xb3 .\CortexM3\ARM_GCC_493\Debug\movement.o
                                0x30c (size before relaxing)
 .debug_str     0x00001ab0       0xc7 .\CortexM3\ARM_GCC_493\Debug\comtest.o
                                0x319 (size before relaxing)
 .debug_str     0x00001b77       0x75 .\CortexM3\ARM_GCC_493\Debug\cymetadata.o
                                0x223 (size before relaxing)
 .debug_str     0x00001bec      0x11b .\CortexM3\ARM_GCC_493\Debug\Cm3Start.o
                                0x304 (size before relaxing)
 .debug_str     0x00001d07      0x18c .\CortexM3\ARM_GCC_493\Debug\FreeRTOS_Demo.a(cyfitter_cfg.o)
                                0x365 (size before relaxing)
 .debug_str     0x00001e93      0x368 .\CortexM3\ARM_GCC_493\Debug\FreeRTOS_Demo.a(UART_1.o)
                                0x543 (size before relaxing)
 .debug_str     0x000021fb       0x57 .\CortexM3\ARM_GCC_493\Debug\FreeRTOS_Demo.a(UART_1_INT.o)
                                0x28f (size before relaxing)
 .debug_str     0x00002252      0x224 .\CortexM3\ARM_GCC_493\Debug\FreeRTOS_Demo.a(isr_UART1_TX_BYTE_COMPLETE.o)
                                0x3f9 (size before relaxing)
 .debug_str     0x00002476      0x20c .\CortexM3\ARM_GCC_493\Debug\FreeRTOS_Demo.a(isr_UART1_RX_BYTE_RECEIVED.o)
                                0x3f9 (size before relaxing)
 .debug_str     0x00002682      0x1c8 .\CortexM3\ARM_GCC_493\Debug\FreeRTOS_Demo.a(UART_1_IntClock.o)
                                0x387 (size before relaxing)
 .debug_str     0x0000284a      0x7df .\CortexM3\ARM_GCC_493\Debug\FreeRTOS_Demo.a(CyLib.o)
                                0xa17 (size before relaxing)
 .debug_str     0x00003029      0x365 .\CortexM3\ARM_GCC_493\Debug\FreeRTOS_Demo.a(cyPm.o)
                                0x564 (size before relaxing)
 .debug_str     0x0000338e      0x1a9 .\CortexM3\ARM_GCC_493\Debug\FreeRTOS_Demo.a(PWM_M1.o)
                                0x371 (size before relaxing)
 .debug_str     0x00003537      0x10b .\CortexM3\ARM_GCC_493\Debug\FreeRTOS_Demo.a(MClock.o)
                                0x31b (size before relaxing)
 .debug_str     0x00003642       0x6b .\CortexM3\ARM_GCC_493\Debug\FreeRTOS_Demo.a(M1_FWD.o)
                                0x220 (size before relaxing)
 .debug_str     0x000036ad       0x60 .\CortexM3\ARM_GCC_493\Debug\FreeRTOS_Demo.a(M1_BWD.o)
                                0x220 (size before relaxing)
 .debug_str     0x0000370d      0x178 .\CortexM3\ARM_GCC_493\Debug\FreeRTOS_Demo.a(PWM_M2.o)
                                0x371 (size before relaxing)
 .debug_str     0x00003885       0x60 .\CortexM3\ARM_GCC_493\Debug\FreeRTOS_Demo.a(M2_FWD.o)
                                0x220 (size before relaxing)
 .debug_str     0x000038e5       0x60 .\CortexM3\ARM_GCC_493\Debug\FreeRTOS_Demo.a(M2_BWD.o)
                                0x220 (size before relaxing)
 .debug_str     0x00003945       0x65 .\CortexM3\ARM_GCC_493\Debug\FreeRTOS_Demo.a(Standby.o)
                                0x225 (size before relaxing)
 .debug_str     0x000039aa      0x111 .\CortexM3\ARM_GCC_493\Debug\FreeRTOS_Demo.a(M1QuadDec.o)
                                0x306 (size before relaxing)
 .debug_str     0x00003abb       0x48 .\CortexM3\ARM_GCC_493\Debug\FreeRTOS_Demo.a(M1QuadDec_INT.o)
                                0x21b (size before relaxing)
 .debug_str     0x00003b03      0x117 .\CortexM3\ARM_GCC_493\Debug\FreeRTOS_Demo.a(M1Clock.o)
                                0x327 (size before relaxing)
 .debug_str     0x00003c1a      0x102 .\CortexM3\ARM_GCC_493\Debug\FreeRTOS_Demo.a(M2QuadDec.o)
                                0x306 (size before relaxing)
 .debug_str     0x00003d1c       0x48 .\CortexM3\ARM_GCC_493\Debug\FreeRTOS_Demo.a(M2QuadDec_INT.o)
                                0x21b (size before relaxing)
 .debug_str     0x00003d64      0x232 .\CortexM3\ARM_GCC_493\Debug\FreeRTOS_Demo.a(M1QuadDec_Cnt16.o)
                                0x416 (size before relaxing)
 .debug_str     0x00003f96      0x223 .\CortexM3\ARM_GCC_493\Debug\FreeRTOS_Demo.a(M2QuadDec_Cnt16.o)
                                0x416 (size before relaxing)
 .debug_str     0x000041b9      0x17a .\CortexM3\ARM_GCC_493\Debug\FreeRTOS_Demo.a(Timer_1.o)
                                0x35f (size before relaxing)
 .debug_str     0x00004333       0x51 .\CortexM3\ARM_GCC_493\Debug\FreeRTOS_Demo.a(LED.o)
                                0x211 (size before relaxing)
 .debug_str     0x00004384      0x13e .\CortexM3\ARM_GCC_493\Debug\FreeRTOS_Demo.a(CyFlash.o)
                                0x323 (size before relaxing)
 .debug_str     0x000044c2      0x11f .\CortexM3\ARM_GCC_493\Debug\FreeRTOS_Demo.a(CySpc.o)
                                0x320 (size before relaxing)

.debug_loc
 *(.debug_loc)

.debug_macinfo
 *(.debug_macinfo)

.debug_ranges   0x00000000     0x1010
 *(.debug_ranges)
 .debug_ranges  0x00000000       0x30 .\CortexM3\ARM_GCC_493\Debug\list.o
 .debug_ranges  0x00000030      0x100 .\CortexM3\ARM_GCC_493\Debug\queue.o
 .debug_ranges  0x00000130      0x1a8 .\CortexM3\ARM_GCC_493\Debug\tasks.o
 .debug_ranges  0x000002d8       0x60 .\CortexM3\ARM_GCC_493\Debug\port.o
 .debug_ranges  0x00000338       0x30 .\CortexM3\ARM_GCC_493\Debug\heap_2.o
 .debug_ranges  0x00000368       0x20 .\CortexM3\ARM_GCC_493\Debug\IntQueueTimer.o
 .debug_ranges  0x00000388       0x38 .\CortexM3\ARM_GCC_493\Debug\main.o
 .debug_ranges  0x000003c0       0x38 .\CortexM3\ARM_GCC_493\Debug\Serial.o
 .debug_ranges  0x000003f8       0x38 .\CortexM3\ARM_GCC_493\Debug\movement.o
 .debug_ranges  0x00000430       0x28 .\CortexM3\ARM_GCC_493\Debug\comtest.o
 .debug_ranges  0x00000458       0x38 .\CortexM3\ARM_GCC_493\Debug\Cm3Start.o
 .debug_ranges  0x00000490       0x50 .\CortexM3\ARM_GCC_493\Debug\FreeRTOS_Demo.a(cyfitter_cfg.o)
 .debug_ranges  0x000004e0       0xe0 .\CortexM3\ARM_GCC_493\Debug\FreeRTOS_Demo.a(UART_1.o)
 .debug_ranges  0x000005c0       0x10 .\CortexM3\ARM_GCC_493\Debug\FreeRTOS_Demo.a(UART_1_INT.o)
 .debug_ranges  0x000005d0       0x70 .\CortexM3\ARM_GCC_493\Debug\FreeRTOS_Demo.a(isr_UART1_TX_BYTE_COMPLETE.o)
 .debug_ranges  0x00000640       0x70 .\CortexM3\ARM_GCC_493\Debug\FreeRTOS_Demo.a(isr_UART1_RX_BYTE_RECEIVED.o)
 .debug_ranges  0x000006b0       0x60 .\CortexM3\ARM_GCC_493\Debug\FreeRTOS_Demo.a(UART_1_IntClock.o)
 .debug_ranges  0x00000710      0x290 .\CortexM3\ARM_GCC_493\Debug\FreeRTOS_Demo.a(CyLib.o)
 .debug_ranges  0x000009a0       0x88 .\CortexM3\ARM_GCC_493\Debug\FreeRTOS_Demo.a(cyPm.o)
 .debug_ranges  0x00000a28       0x88 .\CortexM3\ARM_GCC_493\Debug\FreeRTOS_Demo.a(PWM_M1.o)
 .debug_ranges  0x00000ab0       0x60 .\CortexM3\ARM_GCC_493\Debug\FreeRTOS_Demo.a(MClock.o)
 .debug_ranges  0x00000b10       0x28 .\CortexM3\ARM_GCC_493\Debug\FreeRTOS_Demo.a(M1_FWD.o)
 .debug_ranges  0x00000b38       0x28 .\CortexM3\ARM_GCC_493\Debug\FreeRTOS_Demo.a(M1_BWD.o)
 .debug_ranges  0x00000b60       0x88 .\CortexM3\ARM_GCC_493\Debug\FreeRTOS_Demo.a(PWM_M2.o)
 .debug_ranges  0x00000be8       0x28 .\CortexM3\ARM_GCC_493\Debug\FreeRTOS_Demo.a(M2_FWD.o)
 .debug_ranges  0x00000c10       0x28 .\CortexM3\ARM_GCC_493\Debug\FreeRTOS_Demo.a(M2_BWD.o)
 .debug_ranges  0x00000c38       0x28 .\CortexM3\ARM_GCC_493\Debug\FreeRTOS_Demo.a(Standby.o)
 .debug_ranges  0x00000c60       0x50 .\CortexM3\ARM_GCC_493\Debug\FreeRTOS_Demo.a(M1QuadDec.o)
 .debug_ranges  0x00000cb0       0x10 .\CortexM3\ARM_GCC_493\Debug\FreeRTOS_Demo.a(M1QuadDec_INT.o)
 .debug_ranges  0x00000cc0       0x60 .\CortexM3\ARM_GCC_493\Debug\FreeRTOS_Demo.a(M1Clock.o)
 .debug_ranges  0x00000d20       0x50 .\CortexM3\ARM_GCC_493\Debug\FreeRTOS_Demo.a(M2QuadDec.o)
 .debug_ranges  0x00000d70       0x10 .\CortexM3\ARM_GCC_493\Debug\FreeRTOS_Demo.a(M2QuadDec_INT.o)
 .debug_ranges  0x00000d80       0x88 .\CortexM3\ARM_GCC_493\Debug\FreeRTOS_Demo.a(M1QuadDec_Cnt16.o)
 .debug_ranges  0x00000e08       0x88 .\CortexM3\ARM_GCC_493\Debug\FreeRTOS_Demo.a(M2QuadDec_Cnt16.o)
 .debug_ranges  0x00000e90       0x80 .\CortexM3\ARM_GCC_493\Debug\FreeRTOS_Demo.a(Timer_1.o)
 .debug_ranges  0x00000f10       0x28 .\CortexM3\ARM_GCC_493\Debug\FreeRTOS_Demo.a(LED.o)
 .debug_ranges  0x00000f38       0x70 .\CortexM3\ARM_GCC_493\Debug\FreeRTOS_Demo.a(CyFlash.o)
 .debug_ranges  0x00000fa8       0x68 .\CortexM3\ARM_GCC_493\Debug\FreeRTOS_Demo.a(CySpc.o)

.comment        0x00000000       0x70
 .comment       0x00000000       0x70 .\CortexM3\ARM_GCC_493\Debug\croutine.o
                                 0x71 (size before relaxing)
 .comment       0x00000000       0x71 .\CortexM3\ARM_GCC_493\Debug\list.o
 .comment       0x00000000       0x71 .\CortexM3\ARM_GCC_493\Debug\queue.o
 .comment       0x00000000       0x71 .\CortexM3\ARM_GCC_493\Debug\tasks.o
 .comment       0x00000000       0x71 .\CortexM3\ARM_GCC_493\Debug\port.o
 .comment       0x00000000       0x71 .\CortexM3\ARM_GCC_493\Debug\heap_2.o
 .comment       0x00000000       0x71 .\CortexM3\ARM_GCC_493\Debug\IntQueueTimer.o
 .comment       0x00000000       0x71 .\CortexM3\ARM_GCC_493\Debug\main.o
 .comment       0x00000000       0x71 .\CortexM3\ARM_GCC_493\Debug\Serial.o
 .comment       0x00000000       0x71 .\CortexM3\ARM_GCC_493\Debug\movement.o
 .comment       0x00000000       0x71 .\CortexM3\ARM_GCC_493\Debug\comtest.o
 .comment       0x00000000       0x71 .\CortexM3\ARM_GCC_493\Debug\cymetadata.o
 .comment       0x00000000       0x71 .\CortexM3\ARM_GCC_493\Debug\Cm3Start.o
 .comment       0x00000000       0x71 .\CortexM3\ARM_GCC_493\Debug\FreeRTOS_Demo.a(cyfitter_cfg.o)
 .comment       0x00000000       0x71 .\CortexM3\ARM_GCC_493\Debug\FreeRTOS_Demo.a(UART_1.o)
 .comment       0x00000000       0x71 .\CortexM3\ARM_GCC_493\Debug\FreeRTOS_Demo.a(UART_1_INT.o)
 .comment       0x00000000       0x71 .\CortexM3\ARM_GCC_493\Debug\FreeRTOS_Demo.a(isr_UART1_TX_BYTE_COMPLETE.o)
 .comment       0x00000000       0x71 .\CortexM3\ARM_GCC_493\Debug\FreeRTOS_Demo.a(isr_UART1_RX_BYTE_RECEIVED.o)
 .comment       0x00000000       0x71 .\CortexM3\ARM_GCC_493\Debug\FreeRTOS_Demo.a(UART_1_IntClock.o)
 .comment       0x00000000       0x71 .\CortexM3\ARM_GCC_493\Debug\FreeRTOS_Demo.a(CyLib.o)
 .comment       0x00000000       0x71 .\CortexM3\ARM_GCC_493\Debug\FreeRTOS_Demo.a(cyPm.o)
 .comment       0x00000000       0x71 .\CortexM3\ARM_GCC_493\Debug\FreeRTOS_Demo.a(PWM_M1.o)
 .comment       0x00000000       0x71 .\CortexM3\ARM_GCC_493\Debug\FreeRTOS_Demo.a(MClock.o)
 .comment       0x00000000       0x71 .\CortexM3\ARM_GCC_493\Debug\FreeRTOS_Demo.a(M1_FWD.o)
 .comment       0x00000000       0x71 .\CortexM3\ARM_GCC_493\Debug\FreeRTOS_Demo.a(M1_BWD.o)
 .comment       0x00000000       0x71 .\CortexM3\ARM_GCC_493\Debug\FreeRTOS_Demo.a(PWM_M2.o)
 .comment       0x00000000       0x71 .\CortexM3\ARM_GCC_493\Debug\FreeRTOS_Demo.a(M2_FWD.o)