Archive member included because of file (symbol)

.\CortexM3\ARM_GCC_493\Debug\FreeRTOS_Demo.a(cyfitter_cfg.o)
                              .\CortexM3\ARM_GCC_493\Debug\Cm3Start.o (cyfitter_cfg)
.\CortexM3\ARM_GCC_493\Debug\FreeRTOS_Demo.a(UART_1.o)
                              .\CortexM3\ARM_GCC_493\Debug\main.o (UART_1_Start)
.\CortexM3\ARM_GCC_493\Debug\FreeRTOS_Demo.a(isr_UART1_TX_BYTE_COMPLETE.o)
                              .\CortexM3\ARM_GCC_493\Debug\Serial.o (isr_UART1_TX_BYTE_COMPLETE_StartEx)
.\CortexM3\ARM_GCC_493\Debug\FreeRTOS_Demo.a(isr_UART1_RX_BYTE_RECEIVED.o)
                              .\CortexM3\ARM_GCC_493\Debug\Serial.o (isr_UART1_RX_BYTE_RECEIVED_StartEx)
.\CortexM3\ARM_GCC_493\Debug\FreeRTOS_Demo.a(UART_1_IntClock.o)
                              .\CortexM3\ARM_GCC_493\Debug\FreeRTOS_Demo.a(UART_1.o) (UART_1_IntClock_Start)
.\CortexM3\ARM_GCC_493\Debug\FreeRTOS_Demo.a(CyLib.o)
                              .\CortexM3\ARM_GCC_493\Debug\Cm3Start.o (CyResetStatus)
.\CortexM3\ARM_GCC_493\Debug\FreeRTOS_Demo.a(cyPm.o)
                              .\CortexM3\ARM_GCC_493\Debug\FreeRTOS_Demo.a(CyLib.o) (CyPmReadStatus)
.\CortexM3\ARM_GCC_493\Debug\FreeRTOS_Demo.a(PWM_M1.o)
                              .\CortexM3\ARM_GCC_493\Debug\main.o (PWM_M1_Start)
.\CortexM3\ARM_GCC_493\Debug\FreeRTOS_Demo.a(MClock.o)
                              .\CortexM3\ARM_GCC_493\Debug\main.o (MClock_Start)
.\CortexM3\ARM_GCC_493\Debug\FreeRTOS_Demo.a(M1_FWD.o)
                              .\CortexM3\ARM_GCC_493\Debug\movement.o (M1_FWD_Write)
.\CortexM3\ARM_GCC_493\Debug\FreeRTOS_Demo.a(M1_BWD.o)
                              .\CortexM3\ARM_GCC_493\Debug\movement.o (M1_BWD_Write)
.\CortexM3\ARM_GCC_493\Debug\FreeRTOS_Demo.a(PWM_M2.o)
                              .\CortexM3\ARM_GCC_493\Debug\main.o (PWM_M2_Start)
.\CortexM3\ARM_GCC_493\Debug\FreeRTOS_Demo.a(M2_FWD.o)
                              .\CortexM3\ARM_GCC_493\Debug\movement.o (M2_FWD_Write)
.\CortexM3\ARM_GCC_493\Debug\FreeRTOS_Demo.a(M2_BWD.o)
                              .\CortexM3\ARM_GCC_493\Debug\movement.o (M2_BWD_Write)
.\CortexM3\ARM_GCC_493\Debug\FreeRTOS_Demo.a(Standby.o)
                              .\CortexM3\ARM_GCC_493\Debug\movement.o (Standby_Write)
.\CortexM3\ARM_GCC_493\Debug\FreeRTOS_Demo.a(M1QuadDec.o)
                              .\CortexM3\ARM_GCC_493\Debug\main.o (M1QuadDec_Enable)
.\CortexM3\ARM_GCC_493\Debug\FreeRTOS_Demo.a(M1QuadDec_INT.o)
                              .\CortexM3\ARM_GCC_493\Debug\FreeRTOS_Demo.a(M1QuadDec.o) (M1QuadDec_count32SoftPart)
.\CortexM3\ARM_GCC_493\Debug\FreeRTOS_Demo.a(M1Clock.o)
                              .\CortexM3\ARM_GCC_493\Debug\main.o (M1Clock_Start)
.\CortexM3\ARM_GCC_493\Debug\FreeRTOS_Demo.a(M2QuadDec.o)
                              .\CortexM3\ARM_GCC_493\Debug\main.o (M2QuadDec_Enable)
.\CortexM3\ARM_GCC_493\Debug\FreeRTOS_Demo.a(M2QuadDec_INT.o)
                              .\CortexM3\ARM_GCC_493\Debug\FreeRTOS_Demo.a(M2QuadDec.o) (M2QuadDec_count32SoftPart)
.\CortexM3\ARM_GCC_493\Debug\FreeRTOS_Demo.a(M1QuadDec_Cnt16.o)
                              .\CortexM3\ARM_GCC_493\Debug\FreeRTOS_Demo.a(M1QuadDec.o) (M1QuadDec_Cnt16_WriteCounter)
.\CortexM3\ARM_GCC_493\Debug\FreeRTOS_Demo.a(M2QuadDec_Cnt16.o)
                              .\CortexM3\ARM_GCC_493\Debug\FreeRTOS_Demo.a(M2QuadDec.o) (M2QuadDec_Cnt16_WriteCounter)
.\CortexM3\ARM_GCC_493\Debug\FreeRTOS_Demo.a(Timer_1.o)
                              .\CortexM3\ARM_GCC_493\Debug\main.o (Timer_1_Start)
.\CortexM3\ARM_GCC_493\Debug\FreeRTOS_Demo.a(LED.o)
                              .\CortexM3\ARM_GCC_493\Debug\main.o (LED_Write)
.\CortexM3\ARM_GCC_493\Debug\FreeRTOS_Demo.a(CyBootAsmGnu.o)
                              .\CortexM3\ARM_GCC_493\Debug\FreeRTOS_Demo.a(cyfitter_cfg.o) (CyDelayCycles)
.\CortexM3\ARM_GCC_493\Debug\FreeRTOS_Demo.a(CyFlash.o)
                              .\CortexM3\ARM_GCC_493\Debug\FreeRTOS_Demo.a(cyPm.o) (CyFlash_SetWaitCycles)
.\CortexM3\ARM_GCC_493\Debug\FreeRTOS_Demo.a(CySpc.o)
                              .\CortexM3\ARM_GCC_493\Debug\FreeRTOS_Demo.a(CyFlash.o) (CySpcStart)
c:/program files (x86)/cypress/psoc creator/4.0/psoc creator/import/gnu/arm/4.9.3/bin/../lib/gcc/arm-none-eabi/4.9.3/armv7-m\libgcc.a(_arm_addsubdf3.o)
                              .\CortexM3\ARM_GCC_493\Debug\movement.o (__aeabi_dadd)
c:/program files (x86)/cypress/psoc creator/4.0/psoc creator/import/gnu/arm/4.9.3/bin/../lib/gcc/arm-none-eabi/4.9.3/armv7-m\libgcc.a(_arm_muldivdf3.o)
                              .\CortexM3\ARM_GCC_493\Debug\movement.o (__aeabi_dmul)
c:/program files (x86)/cypress/psoc creator/4.0/psoc creator/import/gnu/arm/4.9.3/bin/../lib/gcc/arm-none-eabi/4.9.3/armv7-m\libgcc.a(_arm_fixdfsi.o)
                              .\CortexM3\ARM_GCC_493\Debug\movement.o (__aeabi_d2iz)
[...]
Memory Configuration

Name             Origin             Length             Attributes
rom              0x00000000         0x00040000         xr
ram              0x1fff8000         0x00010000         xrw
*default*        0x00000000         0xffffffff

Linker script and memory map

LOAD c:/program files (x86)/cypress/psoc creator/4.0/psoc creator/import/gnu/arm/4.9.3/bin/../lib/gcc/arm-none-eabi/4.9.3/armv7-m/crti.o
LOAD c:/program files (x86)/cypress/psoc creator/4.0/psoc creator/import/gnu/arm/4.9.3/bin/../lib/gcc/arm-none-eabi/4.9.3/armv7-m/crtbegin.o
LOAD c:/program files (x86)/cypress/psoc creator/4.0/psoc creator/import/gnu/arm/4.9.3/bin/../lib/gcc/arm-none-eabi/4.9.3/../../../../arm-none-eabi/lib/armv7-m/crt0.o
START GROUP
LOAD .\CortexM3\ARM_GCC_493\Debug\croutine.o
LOAD .\CortexM3\ARM_GCC_493\Debug\list.o
LOAD .\CortexM3\ARM_GCC_493\Debug\queue.o
LOAD .\CortexM3\ARM_GCC_493\Debug\tasks.o
LOAD .\CortexM3\ARM_GCC_493\Debug\port.o
LOAD .\CortexM3\ARM_GCC_493\Debug\heap_2.o
LOAD .\CortexM3\ARM_GCC_493\Debug\IntQueueTimer.o
LOAD .\CortexM3\ARM_GCC_493\Debug\main.o
LOAD .\CortexM3\ARM_GCC_493\Debug\Serial.o
LOAD .\CortexM3\ARM_GCC_493\Debug\movement.o
LOAD .\CortexM3\ARM_GCC_493\Debug\comtest.o
LOAD .\CortexM3\ARM_GCC_493\Debug\cymetadata.o
LOAD .\CortexM3\ARM_GCC_493\Debug\Cm3Start.o
LOAD .\CortexM3\ARM_GCC_493\Debug\FreeRTOS_Demo.a
LOAD C:\Program Files (x86)\Cypress\PSoC Creator\4.0\PSoC Creator\psoc\content\cycomponentlibrary\CyComponentLibrary.cylib\CortexM3\ARM_GCC_493\Debug\CyComponentLibrary.a
END GROUP
START GROUP
LOAD c:/program files (x86)/cypress/psoc creator/4.0/psoc creator/import/gnu/arm/4.9.3/bin/../lib/gcc/arm-none-eabi/4.9.3/armv7-m\libgcc.a
LOAD c:/program files (x86)/cypress/psoc creator/4.0/psoc creator/import/gnu/arm/4.9.3/bin/../lib/gcc/arm-none-eabi/4.9.3/../../../../arm-none-eabi/lib/armv7-m\libg_nano.a
LOAD c:/program files (x86)/cypress/psoc creator/4.0/psoc creator/import/gnu/arm/4.9.3/bin/../lib/gcc/arm-none-eabi/4.9.3/../../../../arm-none-eabi/lib/armv7-m\libc_nano.a
END GROUP
START GROUP
LOAD c:/program files (x86)/cypress/psoc creator/4.0/psoc creator/import/gnu/arm/4.9.3/bin/../lib/gcc/arm-none-eabi/4.9.3/armv7-m\libgcc.a
LOAD c:/program files (x86)/cypress/psoc creator/4.0/psoc creator/import/gnu/arm/4.9.3/bin/../lib/gcc/arm-none-eabi/4.9.3/../../../../arm-none-eabi/lib/armv7-m\libc_nano.a
END GROUP
LOAD c:/program files (x86)/cypress/psoc creator/4.0/psoc creator/import/gnu/arm/4.9.3/bin/../lib/gcc/arm-none-eabi/4.9.3/armv7-m/crtend.o
LOAD c:/program files (x86)/cypress/psoc creator/4.0/psoc creator/import/gnu/arm/4.9.3/bin/../lib/gcc/arm-none-eabi/4.9.3/armv7-m/crtn.o
START GROUP
LOAD c:/program files (x86)/cypress/psoc creator/4.0/psoc creator/import/gnu/arm/4.9.3/bin/../lib/gcc/arm-none-eabi/4.9.3/armv7-m\libgcc.a
LOAD c:/program files (x86)/cypress/psoc creator/4.0/psoc creator/import/gnu/arm/4.9.3/bin/../lib/gcc/arm-none-eabi/4.9.3/../../../../arm-none-eabi/lib/armv7-m\libc.a
LOAD c:/program files (x86)/cypress/psoc creator/4.0/psoc creator/import/gnu/arm/4.9.3/bin/../lib/gcc/arm-none-eabi/4.9.3/../../../../arm-none-eabi/lib/armv7-m\libnosys.a
END GROUP
                0x00000000                CY_APPL_ORIGIN = 0x0
                0x00000100                CY_FLASH_ROW_SIZE = 0x100
                0x00000020                CY_ECC_ROW_SIZE = 0x20
                0x00000000                CY_EE_IN_BTLDR = 0x0
                0x00000000                CY_APPL_LOADABLE = 0x0
                0x00000800                CY_EE_SIZE = 0x800
                0x00000001                CY_APPL_NUM = 0x1
                0x00000001                CY_APPL_MAX = 0x1
                0x00000040                CY_METADATA_SIZE = 0x40
                0x00000000                CY_APPL_LOADABLE = 0x0
                0x00000000                CY_CHECKSUM_EXCLUDE_SIZE = ALIGN (0x0, CY_FLASH_ROW_SIZE)
                0x20000398                PROVIDE (__cy_heap_start, _end)
                0x00000001                PROVIDE (__cy_region_num, ((__cy_regions_end - __cy_regions) / 0x10))
                0x20008000                PROVIDE (__cy_stack, (ORIGIN (ram) + 0x10000))
                0x20007c00                PROVIDE (__cy_heap_end, (__cy_stack - 0x400))

.cybootloader   0x00000000        0x0
 *(.cybootloader)
                0x00000000                appl1_start = CY_APPL_ORIGIN?CY_APPL_ORIGIN:ALIGN (CY_FLASH_ROW_SIZE)
                0x0001ff00                appl2_start = (appl1_start + ALIGN ((((0x40000 - appl1_start) - (0x2 * CY_FLASH_ROW_SIZE)) / 0x2), CY_FLASH_ROW_SIZE))
                0x00000000                appl_start = (CY_APPL_NUM == 0x1)?appl1_start:appl2_start
                0x00000000                ecc_offset = ((appl_start / CY_FLASH_ROW_SIZE) * CY_ECC_ROW_SIZE)
                0x00000000                ee_offset = (CY_APPL_LOADABLE && ! (CY_EE_IN_BTLDR))?((CY_EE_SIZE / CY_APPL_MAX) * (CY_APPL_NUM - 0x1)):0x0
                0x00000800                ee_size = (CY_APPL_LOADABLE && ! (CY_EE_IN_BTLDR))?(CY_EE_SIZE / CY_APPL_MAX):CY_EE_SIZE
                0x00000000                PROVIDE (CY_ECC_OFFSET, ecc_offset)

.text           0x00000000     0x4f60
 CREATE_OBJECT_SYMBOLS
                0x00000000                PROVIDE (__cy_interrupt_vector, RomVectors)
 *(.romvectors)
 .romvectors    0x00000000       0x10 .\CortexM3\ARM_GCC_493\Debug\Cm3Start.o
                0x00000000                RomVectors
                0x00000001                ASSERT ((. != __cy_interrupt_vector), No interrupt vector)
                0x00000001                ASSERT (CY_APPL_ORIGIN?(SIZEOF (.cybootloader) <= CY_APPL_ORIGIN):0x1, Wrong image location)
                0x00000010                PROVIDE (__cy_reset, Reset)
 *(.text.Reset)
 .text.Reset    0x00000010       0x18 .\CortexM3\ARM_GCC_493\Debug\Cm3Start.o
                0x00000010                Reset
                0x00000001                ASSERT ((. != __cy_reset), No reset code)
 *(.dma_init)
                0x00000001                ASSERT ((((appl_start + .) <= 0x10000) || 0x1), DMA Init must be within the first 64k of flash)
 *(.text .text.* .gnu.linkonce.t.*)
 .text          0x00000028       0x5c c:/program files (x86)/cypress/psoc creator/4.0/psoc creator/import/gnu/arm/4.9.3/bin/../lib/gcc/arm-none-eabi/4.9.3/armv7-m/crtbegin.o
 .text.vListInitialise
                0x00000084       0x40 .\CortexM3\ARM_GCC_493\Debug\list.o
                0x00000084                vListInitialise
 .text.vListInitialiseItem
                0x000000c4       0x18 .\CortexM3\ARM_GCC_493\Debug\list.o
                0x000000c4                vListInitialiseItem
 .text.vListInsertEnd
                0x000000dc       0x48 .\CortexM3\ARM_GCC_493\Debug\list.o
                0x000000dc                vListInsertEnd
 .text.vListInsert
                0x00000124       0x70 .\CortexM3\ARM_GCC_493\Debug\list.o
                0x00000124                vListInsert
 .text.uxListRemove
                0x00000194       0x54 .\CortexM3\ARM_GCC_493\Debug\list.o
                0x00000194                uxListRemove
 .text.xQueueGenericReset
                0x000001e8       0xb4 .\CortexM3\ARM_GCC_493\Debug\queue.o
                0x000001e8                xQueueGenericReset
 .text.xQueueGenericCreate
                0x0000029c       0x58 .\CortexM3\ARM_GCC_493\Debug\queue.o
                0x0000029c                xQueueGenericCreate
 .text.prvInitialiseNewQueue
                0x000002f4       0x3c .\CortexM3\ARM_GCC_493\Debug\queue.o
 .text.prvInitialiseMutex
                0x00000330       0x34 .\CortexM3\ARM_GCC_493\Debug\queue.o
 .text.xQueueCreateMutex
                0x00000364       0x30 .\CortexM3\ARM_GCC_493\Debug\queue.o
                0x00000364                xQueueCreateMutex
 .text.xQueueGenericSend
                0x00000394      0x15c .\CortexM3\ARM_GCC_493\Debug\queue.o
                0x00000394                xQueueGenericSend
 .text.xQueueGenericSendFromISR
                0x000004f0       0xb4 .\CortexM3\ARM_GCC_493\Debug\queue.o
                0x000004f0                xQueueGenericSendFromISR
 .text.xQueueReceive
                0x000005a4      0x14c .\CortexM3\ARM_GCC_493\Debug\queue.o
                0x000005a4                xQueueReceive
 .text.xQueueSemaphoreTake
                0x000006f0      0x198 .\CortexM3\ARM_GCC_493\Debug\queue.o
                0x000006f0                xQueueSemaphoreTake
 .text.xQueueReceiveFromISR
                0x00000888       0xac .\CortexM3\ARM_GCC_493\Debug\queue.o
                0x00000888                xQueueReceiveFromISR
 .text.prvGetDisinheritPriorityAfterTimeout
                0x00000934       0x30 .\CortexM3\ARM_GCC_493\Debug\queue.o
 .text.prvCopyDataToQueue
                0x00000964       0xd8 .\CortexM3\ARM_GCC_493\Debug\queue.o
 .text.prvCopyDataFromQueue
                0x00000a3c       0x4c .\CortexM3\ARM_GCC_493\Debug\queue.o
 .text.prvUnlockQueue
                0x00000a88       0xa4 .\CortexM3\ARM_GCC_493\Debug\queue.o
 .text.prvIsQueueEmpty
                0x00000b2c       0x2c .\CortexM3\ARM_GCC_493\Debug\queue.o
 .text.prvIsQueueFull
                0x00000b58       0x30 .\CortexM3\ARM_GCC_493\Debug\queue.o
 .text.xTaskCreate
                0x00000b88       0x84 .\CortexM3\ARM_GCC_493\Debug\tasks.o
                0x00000b88                xTaskCreate
 .text.prvInitialiseNewTask
                0x00000c0c       0xec .\CortexM3\ARM_GCC_493\Debug\tasks.o
 .text.prvAddNewTaskToReadyList
                0x00000cf8       0xd8 .\CortexM3\ARM_GCC_493\Debug\tasks.o
 .text.vTaskDelay
                0x00000dd0       0x44 .\CortexM3\ARM_GCC_493\Debug\tasks.o
                0x00000dd0                vTaskDelay
 .text.vTaskStartScheduler
                0x00000e14       0x6c .\CortexM3\ARM_GCC_493\Debug\tasks.o
                0x00000e14                vTaskStartScheduler
 .text.vTaskSuspendAll
                0x00000e80       0x1c .\CortexM3\ARM_GCC_493\Debug\tasks.o
                0x00000e80                vTaskSuspendAll
 .text.xTaskResumeAll
                0x00000e9c      0x120 .\CortexM3\ARM_GCC_493\Debug\tasks.o
                0x00000e9c                xTaskResumeAll
 .text.xTaskIncrementTick
                0x00000fbc      0x154 .\CortexM3\ARM_GCC_493\Debug\tasks.o
                0x00000fbc                xTaskIncrementTick
 .text.vTaskSwitchContext
                0x00001110       0xd4 .\CortexM3\ARM_GCC_493\Debug\tasks.o
                0x00001110                vTaskSwitchContext
 .text.vTaskPlaceOnEventList
                0x000011e4       0x2c .\CortexM3\ARM_GCC_493\Debug\tasks.o
                0x000011e4                vTaskPlaceOnEventList
 .text.xTaskRemoveFromEventList
                0x00001210       0xac .\CortexM3\ARM_GCC_493\Debug\tasks.o
                0x00001210                xTaskRemoveFromEventList
 .text.vTaskInternalSetTimeOutState
                0x000012bc       0x2c .\CortexM3\ARM_GCC_493\Debug\tasks.o
                0x000012bc                vTaskInternalSetTimeOutState
 .text.xTaskCheckForTimeOut
                0x000012e8       0x8c .\CortexM3\ARM_GCC_493\Debug\tasks.o
                0x000012e8                xTaskCheckForTimeOut
 .text.vTaskMissedYield
                0x00001374       0x18 .\CortexM3\ARM_GCC_493\Debug\tasks.o
                0x00001374                vTaskMissedYield
 .text.prvIdleTask
                0x0000138c       0x10 .\CortexM3\ARM_GCC_493\Debug\tasks.o
 .text.prvInitialiseTaskLists
                0x0000139c       0x7c .\CortexM3\ARM_GCC_493\Debug\tasks.o
 .text.prvCheckTasksWaitingTermination
                0x00001418       0x58 .\CortexM3\ARM_GCC_493\Debug\tasks.o
 .text.prvDeleteTCB
                0x00001470       0x20 .\CortexM3\ARM_GCC_493\Debug\tasks.o
 .text.prvResetNextTaskUnblockTime
                0x00001490       0x40 .\CortexM3\ARM_GCC_493\Debug\tasks.o
 .text.xTaskPriorityInherit
                0x000014d0      0x104 .\CortexM3\ARM_GCC_493\Debug\tasks.o
                0x000014d0                xTaskPriorityInherit
 .text.xTaskPriorityDisinherit
                0x000015d4       0xcc .\CortexM3\ARM_GCC_493\Debug\tasks.o
                0x000015d4                xTaskPriorityDisinherit
 .text.vTaskPriorityDisinheritAfterTimeout
                0x000016a0       0xf4 .\CortexM3\ARM_GCC_493\Debug\tasks.o
                0x000016a0                vTaskPriorityDisinheritAfterTimeout
 .text.pvTaskIncrementMutexHeldCount
                0x00001794       0x28 .\CortexM3\ARM_GCC_493\Debug\tasks.o
                0x00001794                pvTaskIncrementMutexHeldCount
 .text.prvAddCurrentTaskToDelayedList
                0x000017bc       0xc8 .\CortexM3\ARM_GCC_493\Debug\tasks.o
 .text.pxPortInitialiseStack
                0x00001884       0x5c .\CortexM3\ARM_GCC_493\Debug\port.o
                0x00001884                pxPortInitialiseStack
 .text.prvTaskExitError
                0x000018e0       0x30 .\CortexM3\ARM_GCC_493\Debug\port.o
 .text.vPortSVCHandler
                0x00001910       0x30 .\CortexM3\ARM_GCC_493\Debug\port.o
                0x00001910                vPortSVCHandler
 .text.prvPortStartFirstTask
                0x00001940       0x20 .\CortexM3\ARM_GCC_493\Debug\port.o
 .text.xPortStartScheduler
                0x00001960       0x40 .\CortexM3\ARM_GCC_493\Debug\port.o
                0x00001960                xPortStartScheduler
 .text.vPortEnterCritical
                0x000019a0       0x30 .\CortexM3\ARM_GCC_493\Debug\port.o
                0x000019a0                vPortEnterCritical
 .text.vPortExitCritical
                0x000019d0       0x30 .\CortexM3\ARM_GCC_493\Debug\port.o
                0x000019d0                vPortExitCritical
 .text.xPortPendSVHandler
                0x00001a00       0x50 .\CortexM3\ARM_GCC_493\Debug\port.o
                0x00001a00                xPortPendSVHandler
 .text.xPortSysTickHandler
                0x00001a50       0x40 .\CortexM3\ARM_GCC_493\Debug\port.o
                0x00001a50                xPortSysTickHandler
 .text.vPortSetupTimerInterrupt
                0x00001a90       0x34 .\CortexM3\ARM_GCC_493\Debug\port.o
                0x00001a90                vPortSetupTimerInterrupt
 .text.pvPortMalloc
                0x00001ac4      0x124 .\CortexM3\ARM_GCC_493\Debug\heap_2.o
                0x00001ac4                pvPortMalloc
 .text.vPortFree
                0x00001be8       0x70 .\CortexM3\ARM_GCC_493\Debug\heap_2.o
                0x00001be8                vPortFree
 .text.prvHeapInit
                0x00001c58       0x50 .\CortexM3\ARM_GCC_493\Debug\heap_2.o
 .text.main     0x00001ca8       0x80 .\CortexM3\ARM_GCC_493\Debug\main.o
                0x00001ca8                main
 .text.receive_data
                0x00001d28      0x190 .\CortexM3\ARM_GCC_493\Debug\main.o
                0x00001d28                receive_data
 .text.PID_initialise
                0x00001eb8      0x108 .\CortexM3\ARM_GCC_493\Debug\main.o
                0x00001eb8                PID_initialise
 .text.prvHardwareSetup
                0x00001fc0       0x68 .\CortexM3\ARM_GCC_493\Debug\main.o
 .text.vApplicationStackOverflowHook
                0x00002028       0x20 .\CortexM3\ARM_GCC_493\Debug\main.o
                0x00002028                vApplicationStackOverflowHook
 .text.vApplicationMallocFailedHook
                0x00002048       0x1c .\CortexM3\ARM_GCC_493\Debug\main.o
                0x00002048                vApplicationMallocFailedHook
 .text.xSerialPortInitMinimal
                0x00002064       0x74 .\CortexM3\ARM_GCC_493\Debug\Serial.o
                0x00002064                xSerialPortInitMinimal
 .text.vSerialPutString
                0x000020d8       0x50 .\CortexM3\ARM_GCC_493\Debug\Serial.o
                0x000020d8                vSerialPutString
 .text.xSerialGetChar
                0x00002128       0x38 .\CortexM3\ARM_GCC_493\Debug\Serial.o
                0x00002128                xSerialGetChar
 .text.xSerialPutChar
                0x00002160       0x54 .\CortexM3\ARM_GCC_493\Debug\Serial.o
                0x00002160                xSerialPutChar
 .text.vUartRxISR
                0x000021b4       0x94 .\CortexM3\ARM_GCC_493\Debug\Serial.o
                0x000021b4                vUartRxISR
 .text.vUartTxISR
                0x00002248       0xb0 .\CortexM3\ARM_GCC_493\Debug\Serial.o
                0x00002248                vUartTxISR
 .text.turn_wheel
                0x000022f8       0xb4 .\CortexM3\ARM_GCC_493\Debug\movement.o
                0x000022f8                turn_wheel
 .text.mov_update_error
                0x000023ac       0xc4 .\CortexM3\ARM_GCC_493\Debug\movement.o
                0x000023ac                mov_update_error
 .text.mov_get_PID
                0x00002470      0x1cc .\CortexM3\ARM_GCC_493\Debug\movement.o
                0x00002470                mov_get_PID
 .text.mov_Adj_Volt
                0x0000263c       0x28 .\CortexM3\ARM_GCC_493\Debug\movement.o
                0x0000263c                mov_Adj_Volt
 .text.initialise_wheel_data
                0x00002664       0x48 .\CortexM3\ARM_GCC_493\Debug\movement.o
                0x00002664                initialise_wheel_data
 .text.update_inc
                0x000026ac       0xb4 .\CortexM3\ARM_GCC_493\Debug\movement.o
                0x000026ac                update_inc
 .text.update_k
                0x00002760       0xd8 .\CortexM3\ARM_GCC_493\Debug\movement.o
                0x00002760                update_k
 .text.IntDefaultHandler
                0x00002838       0x14 .\CortexM3\ARM_GCC_493\Debug\Cm3Start.o
                0x00002838                IntDefaultHandler
 .text._sbrk    0x0000284c       0x50 .\CortexM3\ARM_GCC_493\Debug\Cm3Start.o
                0x0000284c                _sbrk
 .text.Start_c  0x0000289c       0x98 .\CortexM3\ARM_GCC_493\Debug\Cm3Start.o
                0x0000289c                Start_c
 .text.initialize_psoc
                0x00002934       0x8c .\CortexM3\ARM_GCC_493\Debug\Cm3Start.o
                0x00002934                initialize_psoc
 .text.CYMEMZERO
                0x000029c0       0x1c .\CortexM3\ARM_GCC_493\Debug\FreeRTOS_Demo.a(cyfitter_cfg.o)
 .text.CYCONFIGCPY
                0x000029dc       0x1c .\CortexM3\ARM_GCC_493\Debug\FreeRTOS_Demo.a(cyfitter_cfg.o)
 .text.CyClockStartupError
                0x000029f8        0xc .\CortexM3\ARM_GCC_493\Debug\FreeRTOS_Demo.a(cyfitter_cfg.o)
 .text.cfg_write_bytes32
                0x00002a04       0x74 .\CortexM3\ARM_GCC_493\Debug\FreeRTOS_Demo.a(cyfitter_cfg.o)
 .text.ClockSetup
                0x00002a78      0x128 .\CortexM3\ARM_GCC_493\Debug\FreeRTOS_Demo.a(cyfitter_cfg.o)
 .text.AnalogSetDefault
                0x00002ba0       0x44 .\CortexM3\ARM_GCC_493\Debug\FreeRTOS_Demo.a(cyfitter_cfg.o)
 .text.cyfitter_cfg
                0x00002be4      0x1ac .\CortexM3\ARM_GCC_493\Debug\FreeRTOS_Demo.a(cyfitter_cfg.o)
                0x00002be4                cyfitter_cfg
 .text.UART_1_Start
                0x00002d90       0x20 .\CortexM3\ARM_GCC_493\Debug\FreeRTOS_Demo.a(UART_1.o)
                0x00002d90                UART_1_Start
 .text.UART_1_Init
                0x00002db0       0x40 .\CortexM3\ARM_GCC_493\Debug\FreeRTOS_Demo.a(UART_1.o)
                0x00002db0                UART_1_Init
 .text.UART_1_Enable
                0x00002df0       0x5c .\CortexM3\ARM_GCC_493\Debug\FreeRTOS_Demo.a(UART_1.o)
                0x00002df0                UART_1_Enable
 .text.UART_1_ReadRxStatus
                0x00002e4c       0x24 .\CortexM3\ARM_GCC_493\Debug\FreeRTOS_Demo.a(UART_1.o)
                0x00002e4c                UART_1_ReadRxStatus
 .text.UART_1_GetChar
                0x00002e70       0x44 .\CortexM3\ARM_GCC_493\Debug\FreeRTOS_Demo.a(UART_1.o)
                0x00002e70                UART_1_GetChar
 .text.UART_1_SetTxInterruptMode
                0x00002eb4       0x20 .\CortexM3\ARM_GCC_493\Debug\FreeRTOS_Demo.a(UART_1.o)
                0x00002eb4                UART_1_SetTxInterruptMode
 .text.UART_1_ReadTxStatus
                0x00002ed4       0x18 .\CortexM3\ARM_GCC_493\Debug\FreeRTOS_Demo.a(UART_1.o)
                0x00002ed4                UART_1_ReadTxStatus
 .text.UART_1_PutChar
                0x00002eec       0x34 .\CortexM3\ARM_GCC_493\Debug\FreeRTOS_Demo.a(UART_1.o)
                0x00002eec                UART_1_PutChar
 .text.isr_UART1_TX_BYTE_COMPLETE_StartEx
                0x00002f20       0x24 .\CortexM3\ARM_GCC_493\Debug\FreeRTOS_Demo.a(isr_UART1_TX_BYTE_COMPLETE.o)
                0x00002f20                isr_UART1_TX_BYTE_COMPLETE_StartEx
 .text.isr_UART1_TX_BYTE_COMPLETE_SetVector
                0x00002f44       0x24 .\CortexM3\ARM_GCC_493\Debug\FreeRTOS_Demo.a(isr_UART1_TX_BYTE_COMPLETE.o)
                0x00002f44                isr_UART1_TX_BYTE_COMPLETE_SetVector
 .text.isr_UART1_TX_BYTE_COMPLETE_SetPriority
                0x00002f68       0x24 .\CortexM3\ARM_GCC_493\Debug\FreeRTOS_Demo.a(isr_UART1_TX_BYTE_COMPLETE.o)
                0x00002f68                isr_UART1_TX_BYTE_COMPLETE_SetPriority
 .text.isr_UART1_TX_BYTE_COMPLETE_Enable
                0x00002f8c       0x18 .\CortexM3\ARM_GCC_493\Debug\FreeRTOS_Demo.a(isr_UART1_TX_BYTE_COMPLETE.o)
                0x00002f8c                isr_UART1_TX_BYTE_COMPLETE_Enable
 .text.isr_UART1_TX_BYTE_COMPLETE_Disable
                0x00002fa4       0x18 .\CortexM3\ARM_GCC_493\Debug\FreeRTOS_Demo.a(isr_UART1_TX_BYTE_COMPLETE.o)
                0x00002fa4                isr_UART1_TX_BYTE_COMPLETE_Disable
 .text.isr_UART1_TX_BYTE_COMPLETE_ClearPending
                0x00002fbc       0x18 .\CortexM3\ARM_GCC_493\Debug\FreeRTOS_Demo.a(isr_UART1_TX_BYTE_COMPLETE.o)
                0x00002fbc                isr_UART1_TX_BYTE_COMPLETE_ClearPending
 .text.isr_UART1_RX_BYTE_RECEIVED_StartEx
                0x00002fd4       0x24 .\CortexM3\ARM_GCC_493\Debug\FreeRTOS_Demo.a(isr_UART1_RX_BYTE_RECEIVED.o)
                0x00002fd4                isr_UART1_RX_BYTE_RECEIVED_StartEx
 .text.isr_UART1_RX_BYTE_RECEIVED_SetVector
                0x00002ff8       0x24 .\CortexM3\ARM_GCC_493\Debug\FreeRTOS_Demo.a(isr_UART1_RX_BYTE_RECEIVED.o)
                0x00002ff8                isr_UART1_RX_BYTE_RECEIVED_SetVector
 .text.isr_UART1_RX_BYTE_RECEIVED_SetPriority
                0x0000301c       0x24 .\CortexM3\ARM_GCC_493\Debug\FreeRTOS_Demo.a(isr_UART1_RX_BYTE_RECEIVED.o)
                0x0000301c                isr_UART1_RX_BYTE_RECEIVED_SetPriority
 .text.isr_UART1_RX_BYTE_RECEIVED_Enable
                0x00003040       0x18 .\CortexM3\ARM_GCC_493\Debug\FreeRTOS_Demo.a(isr_UART1_RX_BYTE_RECEIVED.o)
                0x00003040                isr_UART1_RX_BYTE_RECEIVED_Enable
 .text.isr_UART1_RX_BYTE_RECEIVED_Disable
                0x00003058       0x18 .\CortexM3\ARM_GCC_493\Debug\FreeRTOS_Demo.a(isr_UART1_RX_BYTE_RECEIVED.o)
                0x00003058                isr_UART1_RX_BYTE_RECEIVED_Disable
 .text.isr_UART1_RX_BYTE_RECEIVED_ClearPending
                0x00003070       0x18 .\CortexM3\ARM_GCC_493\Debug\FreeRTOS_Demo.a(isr_UART1_RX_BYTE_RECEIVED.o)
                0x00003070                isr_UART1_RX_BYTE_RECEIVED_ClearPending
 .text.UART_1_IntClock_Start
                0x00003088       0x34 .\CortexM3\ARM_GCC_493\Debug\FreeRTOS_Demo.a(UART_1_IntClock.o)
                0x00003088                UART_1_IntClock_Start
 .text.CyHalt   0x000030bc       0x18 .\CortexM3\ARM_GCC_493\Debug\FreeRTOS_Demo.a(CyLib.o)
                0x000030bc                CyHalt
 .text.CySoftwareReset
                0x000030d4       0x20 .\CortexM3\ARM_GCC_493\Debug\FreeRTOS_Demo.a(CyLib.o)
                0x000030d4                CySoftwareReset
 .text.CyIntSetVector
                0x000030f4       0x50 .\CortexM3\ARM_GCC_493\Debug\FreeRTOS_Demo.a(CyLib.o)
                0x000030f4                CyIntSetVector
 .text.CyIntSetPriority
                0x00003144       0x44 .\CortexM3\ARM_GCC_493\Debug\FreeRTOS_Demo.a(CyLib.o)
                0x00003144                CyIntSetPriority
 .text.PWM_M1_Start
                0x00003188       0x20 .\CortexM3\ARM_GCC_493\Debug\FreeRTOS_Demo.a(PWM_M1.o)
                0x00003188                PWM_M1_Start
 .text.PWM_M1_Init
                0x000031a8       0x90 .\CortexM3\ARM_GCC_493\Debug\FreeRTOS_Demo.a(PWM_M1.o)
                0x000031a8                PWM_M1_Init
 .text.PWM_M1_Enable
                0x00003238       0x20 .\CortexM3\ARM_GCC_493\Debug\FreeRTOS_Demo.a(PWM_M1.o)
                0x00003238                PWM_M1_Enable
 .text.PWM_M1_WriteCounter
                0x00003258       0x20 .\CortexM3\ARM_GCC_493\Debug\FreeRTOS_Demo.a(PWM_M1.o)
                0x00003258                PWM_M1_WriteCounter
 .text.PWM_M1_ClearFIFO
                0x00003278       0x1c .\CortexM3\ARM_GCC_493\Debug\FreeRTOS_Demo.a(PWM_M1.o)
                0x00003278                PWM_M1_ClearFIFO
 .text.PWM_M1_WritePeriod
                0x00003294       0x20 .\CortexM3\ARM_GCC_493\Debug\FreeRTOS_Demo.a(PWM_M1.o)
                0x00003294                PWM_M1_WritePeriod
 .text.PWM_M1_WriteCompare
                0x000032b4       0x20 .\CortexM3\ARM_GCC_493\Debug\FreeRTOS_Demo.a(PWM_M1.o)
                0x000032b4                PWM_M1_WriteCompare
 .text.PWM_M1_SetInterruptMode
                0x000032d4       0x20 .\CortexM3\ARM_GCC_493\Debug\FreeRTOS_Demo.a(PWM_M1.o)
                0x000032d4                PWM_M1_SetInterruptMode
 .text.PWM_M1_ReadStatusRegister
                0x000032f4       0x18 .\CortexM3\ARM_GCC_493\Debug\FreeRTOS_Demo.a(PWM_M1.o)
                0x000032f4                PWM_M1_ReadStatusRegister
 .text.PWM_M1_ReadCapture
                0x0000330c       0x18 .\CortexM3\ARM_GCC_493\Debug\FreeRTOS_Demo.a(PWM_M1.o)
                0x0000330c                PWM_M1_ReadCapture
 .text.MClock_Start
                0x00003324       0x34 .\CortexM3\ARM_GCC_493\Debug\FreeRTOS_Demo.a(MClock.o)
                0x00003324                MClock_Start
 .text.M1_FWD_Write
                0x00003358       0x3c .\CortexM3\ARM_GCC_493\Debug\FreeRTOS_Demo.a(M1_FWD.o)
                0x00003358                M1_FWD_Write
 .text.M1_BWD_Write
                0x00003394       0x3c .\CortexM3\ARM_GCC_493\Debug\FreeRTOS_Demo.a(M1_BWD.o)
                0x00003394                M1_BWD_Write
 .text.PWM_M2_Start
                0x000033d0       0x20 .\CortexM3\ARM_GCC_493\Debug\FreeRTOS_Demo.a(PWM_M2.o)
                0x000033d0                PWM_M2_Start
 .text.PWM_M2_Init
                0x000033f0       0x94 .\CortexM3\ARM_GCC_493\Debug\FreeRTOS_Demo.a(PWM_M2.o)
                0x000033f0                PWM_M2_Init
 .text.PWM_M2_Enable
                0x00003484       0x20 .\CortexM3\ARM_GCC_493\Debug\FreeRTOS_Demo.a(PWM_M2.o)
                0x00003484                PWM_M2_Enable
 .text.PWM_M2_WriteCounter
                0x000034a4       0x20 .\CortexM3\ARM_GCC_493\Debug\FreeRTOS_Demo.a(PWM_M2.o)
                0x000034a4                PWM_M2_WriteCounter
 .text.PWM_M2_ClearFIFO
                0x000034c4       0x1c .\CortexM3\ARM_GCC_493\Debug\FreeRTOS_Demo.a(PWM_M2.o)
                0x000034c4                PWM_M2_ClearFIFO
 .text.PWM_M2_WritePeriod
                0x000034e0       0x20 .\CortexM3\ARM_GCC_493\Debug\FreeRTOS_Demo.a(PWM_M2.o)
                0x000034e0                PWM_M2_WritePeriod
 .text.PWM_M2_WriteCompare
                0x00003500       0x20 .\CortexM3\ARM_GCC_493\Debug\FreeRTOS_Demo.a(PWM_M2.o)
                0x00003500                PWM_M2_WriteCompare
 .text.PWM_M2_SetInterruptMode
                0x00003520       0x20 .\CortexM3\ARM_GCC_493\Debug\FreeRTOS_Demo.a(PWM_M2.o)
                0x00003520                PWM_M2_SetInterruptMode
 .text.PWM_M2_ReadStatusRegister
                0x00003540       0x18 .\CortexM3\ARM_GCC_493\Debug\FreeRTOS_Demo.a(PWM_M2.o)
                0x00003540                PWM_M2_ReadStatusRegister
 .text.PWM_M2_ReadCapture
                0x00003558       0x18 .\CortexM3\ARM_GCC_493\Debug\FreeRTOS_Demo.a(PWM_M2.o)
                0x00003558                PWM_M2_ReadCapture
 .text.M2_FWD_Write
                0x00003570       0x3c .\CortexM3\ARM_GCC_493\Debug\FreeRTOS_Demo.a(M2_FWD.o)
                0x00003570                M2_FWD_Write
 .text.M2_BWD_Write
                0x000035ac       0x3c .\CortexM3\ARM_GCC_493\Debug\FreeRTOS_Demo.a(M2_BWD.o)
                0x000035ac                M2_BWD_Write
 .text.Standby_Write
                0x000035e8       0x3c .\CortexM3\ARM_GCC_493\Debug\FreeRTOS_Demo.a(Standby.o)
                0x000035e8                Standby_Write
 .text.M1QuadDec_Init
                0x00003624       0x24 .\CortexM3\ARM_GCC_493\Debug\FreeRTOS_Demo.a(M1QuadDec.o)
                0x00003624                M1QuadDec_Init
 .text.M1QuadDec_Enable
                0x00003648       0x44 .\CortexM3\ARM_GCC_493\Debug\FreeRTOS_Demo.a(M1QuadDec.o)
                0x00003648                M1QuadDec_Enable
 .text.M1QuadDec_Start
                0x0000368c       0x38 .\CortexM3\ARM_GCC_493\Debug\FreeRTOS_Demo.a(M1QuadDec.o)
                0x0000368c                M1QuadDec_Start
 .text.M1QuadDec_GetCounter
                0x000036c4       0x48 .\CortexM3\ARM_GCC_493\Debug\FreeRTOS_Demo.a(M1QuadDec.o)
                0x000036c4                M1QuadDec_GetCounter
 .text.M1QuadDec_SetCounter
                0x0000370c       0x34 .\CortexM3\ARM_GCC_493\Debug\FreeRTOS_Demo.a(M1QuadDec.o)
                0x0000370c                M1QuadDec_SetCounter
 .text.M1QuadDec_GetEvents
                0x00003740       0x20 .\CortexM3\ARM_GCC_493\Debug\FreeRTOS_Demo.a(M1QuadDec.o)
                0x00003740                M1QuadDec_GetEvents
 .text.M1QuadDec_SetInterruptMask
                0x00003760       0x28 .\CortexM3\ARM_GCC_493\Debug\FreeRTOS_Demo.a(M1QuadDec.o)
                0x00003760                M1QuadDec_SetInterruptMask
 .text.M1QuadDec_ISR
                0x00003788       0x60 .\CortexM3\ARM_GCC_493\Debug\FreeRTOS_Demo.a(M1QuadDec_INT.o)
                0x00003788                M1QuadDec_ISR
 .text.M1Clock_Start
                0x000037e8       0x34 .\CortexM3\ARM_GCC_493\Debug\FreeRTOS_Demo.a(M1Clock.o)
                0x000037e8                M1Clock_Start
 .text.M2QuadDec_Init
                0x0000381c       0x24 .\CortexM3\ARM_GCC_493\Debug\FreeRTOS_Demo.a(M2QuadDec.o)
                0x0000381c                M2QuadDec_Init
 .text.M2QuadDec_Enable
                0x00003840       0x44 .\CortexM3\ARM_GCC_493\Debug\FreeRTOS_Demo.a(M2QuadDec.o)
                0x00003840                M2QuadDec_Enable
 .text.M2QuadDec_Start
                0x00003884       0x38 .\CortexM3\ARM_GCC_493\Debug\FreeRTOS_Demo.a(M2QuadDec.o)
                0x00003884                M2QuadDec_Start
 .text.M2QuadDec_GetCounter
                0x000038bc       0x48 .\CortexM3\ARM_GCC_493\Debug\FreeRTOS_Demo.a(M2QuadDec.o)
                0x000038bc                M2QuadDec_GetCounter
 .text.M2QuadDec_SetCounter
                0x00003904       0x34 .\CortexM3\ARM_GCC_493\Debug\FreeRTOS_Demo.a(M2QuadDec.o)
                0x00003904                M2QuadDec_SetCounter
 .text.M2QuadDec_GetEvents
                0x00003938       0x20 .\CortexM3\ARM_GCC_493\Debug\FreeRTOS_Demo.a(M2QuadDec.o)
                0x00003938                M2QuadDec_GetEvents
 .text.M2QuadDec_SetInterruptMask
                0x00003958       0x28 .\CortexM3\ARM_GCC_493\Debug\FreeRTOS_Demo.a(M2QuadDec.o)
                0x00003958                M2QuadDec_SetInterruptMask
 .text.M2QuadDec_ISR
                0x00003980       0x60 .\CortexM3\ARM_GCC_493\Debug\FreeRTOS_Demo.a(M2QuadDec_INT.o)
                0x00003980                M2QuadDec_ISR
 .text.M1QuadDec_Cnt16_Init
                0x000039e0       0x80 .\CortexM3\ARM_GCC_493\Debug\FreeRTOS_Demo.a(M1QuadDec_Cnt16.o)
                0x000039e0                M1QuadDec_Cnt16_Init
 .text.M1QuadDec_Cnt16_Enable
                0x00003a60       0x20 .\CortexM3\ARM_GCC_493\Debug\FreeRTOS_Demo.a(M1QuadDec_Cnt16.o)
                0x00003a60                M1QuadDec_Cnt16_Enable
 .text.M1QuadDec_Cnt16_Start
                0x00003a80       0x20 .\CortexM3\ARM_GCC_493\Debug\FreeRTOS_Demo.a(M1QuadDec_Cnt16.o)
                0x00003a80                M1QuadDec_Cnt16_Start
 .text.M1QuadDec_Cnt16_SetInterruptMode
                0x00003aa0       0x20 .\CortexM3\ARM_GCC_493\Debug\FreeRTOS_Demo.a(M1QuadDec_Cnt16.o)
                0x00003aa0                M1QuadDec_Cnt16_SetInterruptMode
 .text.M1QuadDec_Cnt16_ReadStatusRegister
                0x00003ac0       0x18 .\CortexM3\ARM_GCC_493\Debug\FreeRTOS_Demo.a(M1QuadDec_Cnt16.o)
                0x00003ac0                M1QuadDec_Cnt16_ReadStatusRegister
 .text.M1QuadDec_Cnt16_WriteCounter
                0x00003ad8       0x20 .\CortexM3\ARM_GCC_493\Debug\FreeRTOS_Demo.a(M1QuadDec_Cnt16.o)
                0x00003ad8                M1QuadDec_Cnt16_WriteCounter
 .text.M1QuadDec_Cnt16_ReadCounter
                0x00003af8       0x20 .\CortexM3\ARM_GCC_493\Debug\FreeRTOS_Demo.a(M1QuadDec_Cnt16.o)
                0x00003af8                M1QuadDec_Cnt16_ReadCounter
 .text.M1QuadDec_Cnt16_ReadCapture
                0x00003b18       0x18 .\CortexM3\ARM_GCC_493\Debug\FreeRTOS_Demo.a(M1QuadDec_Cnt16.o)
                0x00003b18                M1QuadDec_Cnt16_ReadCapture
 .text.M1QuadDec_Cnt16_WritePeriod
                0x00003b30       0x20 .\CortexM3\ARM_GCC_493\Debug\FreeRTOS_Demo.a(M1QuadDec_Cnt16.o)
                0x00003b30                M1QuadDec_Cnt16_WritePeriod
 .text.M1QuadDec_Cnt16_WriteCompare
                0x00003b50       0x20 .\CortexM3\ARM_GCC_493\Debug\FreeRTOS_Demo.a(M1QuadDec_Cnt16.o)
                0x00003b50                M1QuadDec_Cnt16_WriteCompare
 .text.M1QuadDec_Cnt16_ClearFIFO
                0x00003b70       0x1c .\CortexM3\ARM_GCC_493\Debug\FreeRTOS_Demo.a(M1QuadDec_Cnt16.o)
                0x00003b70                M1QuadDec_Cnt16_ClearFIFO
 .text.M2QuadDec_Cnt16_Init
                0x00003b8c       0x80 .\CortexM3\ARM_GCC_493\Debug\FreeRTOS_Demo.a(M2QuadDec_Cnt16.o)
                0x00003b8c                M2QuadDec_Cnt16_Init
 .text.M2QuadDec_Cnt16_Enable
                0x00003c0c       0x20 .\CortexM3\ARM_GCC_493\Debug\FreeRTOS_Demo.a(M2QuadDec_Cnt16.o)
                0x00003c0c                M2QuadDec_Cnt16_Enable
 .text.M2QuadDec_Cnt16_Start
                0x00003c2c       0x20 .\CortexM3\ARM_GCC_493\Debug\FreeRTOS_Demo.a(M2QuadDec_Cnt16.o)
                0x00003c2c                M2QuadDec_Cnt16_Start
 .text.M2QuadDec_Cnt16_SetInterruptMode
                0x00003c4c       0x20 .\CortexM3\ARM_GCC_493\Debug\FreeRTOS_Demo.a(M2QuadDec_Cnt16.o)
                0x00003c4c                M2QuadDec_Cnt16_SetInterruptMode
 .text.M2QuadDec_Cnt16_ReadStatusRegister
                0x00003c6c       0x18 .\CortexM3\ARM_GCC_493\Debug\FreeRTOS_Demo.a(M2QuadDec_Cnt16.o)
                0x00003c6c                M2QuadDec_Cnt16_ReadStatusRegister
 .text.M2QuadDec_Cnt16_WriteCounter
                0x00003c84       0x20 .\CortexM3\ARM_GCC_493\Debug\FreeRTOS_Demo.a(M2QuadDec_Cnt16.o)
                0x00003c84                M2QuadDec_Cnt16_WriteCounter
 .text.M2QuadDec_Cnt16_ReadCounter
                0x00003ca4       0x20 .\CortexM3\ARM_GCC_493\Debug\FreeRTOS_Demo.a(M2QuadDec_Cnt16.o)
                0x00003ca4                M2QuadDec_Cnt16_ReadCounter
 .text.M2QuadDec_Cnt16_ReadCapture
                0x00003cc4       0x18 .\CortexM3\ARM_GCC_493\Debug\FreeRTOS_Demo.a(M2QuadDec_Cnt16.o)
                0x00003cc4                M2QuadDec_Cnt16_ReadCapture
 .text.M2QuadDec_Cnt16_WritePeriod
                0x00003cdc       0x20 .\CortexM3\ARM_GCC_493\Debug\FreeRTOS_Demo.a(M2QuadDec_Cnt16.o)
                0x00003cdc                M2QuadDec_Cnt16_WritePeriod
 .text.M2QuadDec_Cnt16_WriteCompare
                0x00003cfc       0x20 .\CortexM3\ARM_GCC_493\Debug\FreeRTOS_Demo.a(M2QuadDec_Cnt16.o)
                0x00003cfc                M2QuadDec_Cnt16_WriteCompare
 .text.M2QuadDec_Cnt16_ClearFIFO
                0x00003d1c       0x1c .\CortexM3\ARM_GCC_493\Debug\FreeRTOS_Demo.a(M2QuadDec_Cnt16.o)
                0x00003d1c                M2QuadDec_Cnt16_ClearFIFO
 .text.Timer_1_Init
                0x00003d38       0x4c .\CortexM3\ARM_GCC_493\Debug\FreeRTOS_Demo.a(Timer_1.o)
                0x00003d38                Timer_1_Init
 .text.Timer_1_Enable
                0x00003d84       0x20 .\CortexM3\ARM_GCC_493\Debug\FreeRTOS_Demo.a(Timer_1.o)
                0x00003d84                Timer_1_Enable
 .text.Timer_1_Start
                0x00003da4       0x20 .\CortexM3\ARM_GCC_493\Debug\FreeRTOS_Demo.a(Timer_1.o)
                0x00003da4                Timer_1_Start
 .text.Timer_1_SetInterruptMode
                0x00003dc4       0x20 .\CortexM3\ARM_GCC_493\Debug\FreeRTOS_Demo.a(Timer_1.o)
                0x00003dc4                Timer_1_SetInterruptMode
 .text.Timer_1_ReadStatusRegister
                0x00003de4       0x18 .\CortexM3\ARM_GCC_493\Debug\FreeRTOS_Demo.a(Timer_1.o)
                0x00003de4                Timer_1_ReadStatusRegister
 .text.Timer_1_WritePeriod
                0x00003dfc       0x1c .\CortexM3\ARM_GCC_493\Debug\FreeRTOS_Demo.a(Timer_1.o)
                0x00003dfc                Timer_1_WritePeriod
 .text.Timer_1_ReadCapture
                0x00003e18       0x18 .\CortexM3\ARM_GCC_493\Debug\FreeRTOS_Demo.a(Timer_1.o)
                0x00003e18                Timer_1_ReadCapture
 .text.Timer_1_WriteCounter
                0x00003e30       0x1c .\CortexM3\ARM_GCC_493\Debug\FreeRTOS_Demo.a(Timer_1.o)
                0x00003e30                Timer_1_WriteCounter
 .text.Timer_1_ReadCounter
                0x00003e4c       0x20 .\CortexM3\ARM_GCC_493\Debug\FreeRTOS_Demo.a(Timer_1.o)
                0x00003e4c                Timer_1_ReadCounter
 .text.Timer_1_ClearFIFO
                0x00003e6c       0x1c .\CortexM3\ARM_GCC_493\Debug\FreeRTOS_Demo.a(Timer_1.o)
                0x00003e6c                Timer_1_ClearFIFO
 .text.LED_Write
                0x00003e88       0x3c .\CortexM3\ARM_GCC_493\Debug\FreeRTOS_Demo.a(LED.o)
                0x00003e88                LED_Write
 *fill*         0x00003ec4        0x4 
 .text          0x00003ec8       0x20 .\CortexM3\ARM_GCC_493\Debug\FreeRTOS_Demo.a(CyBootAsmGnu.o)
                0x00003ec8                CyDelayCycles
                0x00003ed8                CyEnterCriticalSection
                0x00003ee0                CyExitCriticalSection
 .text          0x00003ee8      0x370 c:/program files (x86)/cypress/psoc creator/4.0/psoc creator/import/gnu/arm/4.9.3/bin/../lib/gcc/arm-none-eabi/4.9.3/armv7-m\libgcc.a(_arm_addsubdf3.o)
                0x00003ee8                __aeabi_drsub
                0x00003ef0                __aeabi_dsub
                0x00003ef0                __subdf3
                0x00003ef4                __aeabi_dadd
                0x00003ef4                __adddf3
                0x0000416c                __floatunsidf
                0x0000416c                __aeabi_ui2d
                0x0000418c                __floatsidf
                0x0000418c                __aeabi_i2d
                0x000041b0                __aeabi_f2d
                0x000041b0                __extendsfdf2
                0x000041ec                __floatundidf
                0x000041ec                __aeabi_ul2d
                0x000041fc                __floatdidf
                0x000041fc                __aeabi_l2d
 .text          0x00004258      0x424 c:/program files (x86)/cypress/psoc creator/4.0/psoc creator/import/gnu/arm/4.9.3/bin/../lib/gcc/arm-none-eabi/4.9.3/armv7-m\libgcc.a(_arm_muldivdf3.o)
                0x00004258                __aeabi_dmul
                0x00004258                __muldf3
                0x000044ac                __divdf3
                0x000044ac                __aeabi_ddiv
 .text          0x0000467c       0x50 c:/program files (x86)/cypress/psoc creator/4.0/psoc creator/import/gnu/arm/4.9.3/bin/../lib/gcc/arm-none-eabi/4.9.3/armv7-m\libgcc.a(_arm_fixdfsi.o)
                0x0000467c                __aeabi_d2iz
                0x0000467c                __fixdfsi
 .text.__errno  0x000046cc        0xc c:/program files (x86)/cypress/psoc creator/4.0/psoc creator/import/gnu/arm/4.9.3/bin/../lib/gcc/arm-none-eabi/4.9.3/../../../../arm-none-eabi/lib/armv7-m\libg_nano.a(lib_a-errno.o)
                0x000046cc                __errno
 .text.__libc_init_array
                0x000046d8       0x4c c:/program files (x86)/cypress/psoc creator/4.0/psoc creator/import/gnu/arm/4.9.3/bin/../lib/gcc/arm-none-eabi/4.9.3/../../../../arm-none-eabi/lib/armv7-m\libg_nano.a(lib_a-init.o)
                0x000046d8                __libc_init_array
 .text.memcpy   0x00004724       0x16 c:/program files (x86)/cypress/psoc creator/4.0/psoc creator/import/gnu/arm/4.9.3/bin/../lib/gcc/arm-none-eabi/4.9.3/../../../../arm-none-eabi/lib/armv7-m\libg_nano.a(lib_a-memcpy.o)
                0x00004724                memcpy
 .text.memset   0x0000473a       0x10 c:/program files (x86)/cypress/psoc creator/4.0/psoc creator/import/gnu/arm/4.9.3/bin/../lib/gcc/arm-none-eabi/4.9.3/../../../../arm-none-eabi/lib/armv7-m\libg_nano.a(lib_a-memset.o)
                0x0000473a                memset
 *fill*         0x0000474a        0x2 
 .text.sprintf  0x0000474c       0x48 c:/program files (x86)/cypress/psoc creator/4.0/psoc creator/import/gnu/arm/4.9.3/bin/../lib/gcc/arm-none-eabi/4.9.3/../../../../arm-none-eabi/lib/armv7-m\libg_nano.a(lib_a-sprintf.o)
                0x0000474c                siprintf
                0x0000474c                sprintf
 .text.__ssputs_r
                0x00004794       0xb2 c:/program files (x86)/cypress/psoc creator/4.0/psoc creator/import/gnu/arm/4.9.3/bin/../lib/gcc/arm-none-eabi/4.9.3/../../../../arm-none-eabi/lib/armv7-m\libg_nano.a(lib_a-nano-svfprintf.o)
                0x00004794                __ssputs_r
 *fill*         0x00004846        0x2 
 .text._svfprintf_r
                0x00004848      0x1e4 c:/program files (x86)/cypress/psoc creator/4.0/psoc creator/import/gnu/arm/4.9.3/bin/../lib/gcc/arm-none-eabi/4.9.3/../../../../arm-none-eabi/lib/armv7-m\libg_nano.a(lib_a-nano-svfprintf.o)
                0x00004848                _svfiprintf_r
                0x00004848                _svfprintf_r
 .text._printf_common
                0x00004a2c       0xea c:/program files (x86)/cypress/psoc creator/4.0/psoc creator/import/gnu/arm/4.9.3/bin/../lib/gcc/arm-none-eabi/4.9.3/../../../../arm-none-eabi/lib/armv7-m\libg_nano.a(lib_a-nano-vfprintf_i.o)
                0x00004a2c                _printf_common
 *fill*         0x00004b16        0x2 
 .text._printf_i
                0x00004b18      0x240 c:/program files (x86)/cypress/psoc creator/4.0/psoc creator/import/gnu/arm/4.9.3/bin/../lib/gcc/arm-none-eabi/4.9.3/../../../../arm-none-eabi/lib/armv7-m\libg_nano.a(lib_a-nano-vfprintf_i.o)
                0x00004b18                _printf_i
 .text.memchr   0x00004d58       0x1c c:/program files (x86)/cypress/psoc creator/4.0/psoc creator/import/gnu/arm/4.9.3/bin/../lib/gcc/arm-none-eabi/4.9.3/../../../../arm-none-eabi/lib/armv7-m\libg_nano.a(lib_a-memchr.o)
                0x00004d58                memchr
 .text.memmove  0x00004d74       0x36 c:/program files (x86)/cypress/psoc creator/4.0/psoc creator/import/gnu/arm/4.9.3/bin/../lib/gcc/arm-none-eabi/4.9.3/../../../../arm-none-eabi/lib/armv7-m\libg_nano.a(lib_a-memmove.o)
                0x00004d74                memmove
 *fill*         0x00004daa        0x2 
 .text._free_r  0x00004dac       0x88 c:/program files (x86)/cypress/psoc creator/4.0/psoc creator/import/gnu/arm/4.9.3/bin/../lib/gcc/arm-none-eabi/4.9.3/../../../../arm-none-eabi/lib/armv7-m\libg_nano.a(lib_a-nano-freer.o)
                0x00004dac                _free_r
 .text._malloc_r
                0x00004e34       0xac c:/program files (x86)/cypress/psoc creator/4.0/psoc creator/import/gnu/arm/4.9.3/bin/../lib/gcc/arm-none-eabi/4.9.3/../../../../arm-none-eabi/lib/armv7-m\libg_nano.a(lib_a-nano-mallocr.o)
                0x00004e34                _malloc_r
 .text._realloc_r
                0x00004ee0       0x4c c:/program files (x86)/cypress/psoc creator/4.0/psoc creator/import/gnu/arm/4.9.3/bin/../lib/gcc/arm-none-eabi/4.9.3/../../../../arm-none-eabi/lib/armv7-m\libg_nano.a(lib_a-nano-reallocr.o)
                0x00004ee0                _realloc_r
 .text._sbrk_r  0x00004f2c       0x20 c:/program files (x86)/cypress/psoc creator/4.0/psoc creator/import/gnu/arm/4.9.3/bin/../lib/gcc/arm-none-eabi/4.9.3/../../../../arm-none-eabi/lib/armv7-m\libg_nano.a(lib_a-sbrkr.o)
                0x00004f2c                _sbrk_r
 .text._malloc_usable_size_r
                0x00004f4c       0x14 c:/program files (x86)/cypress/psoc creator/4.0/psoc creator/import/gnu/arm/4.9.3/bin/../lib/gcc/arm-none-eabi/4.9.3/../../../../arm-none-eabi/lib/armv7-m\libg_nano.a(lib_a-nano-msizer.o)
                0x00004f4c                _malloc_usable_size_r
 *(.plt)
 *(.gnu.warning)
 *(.glue_7t)
 .glue_7t       0x00000000        0x0 linker stubs
 *(.glue_7)
 .glue_7        0x00000000        0x0 linker stubs
 *(.vfp11_veneer)
 .vfp11_veneer  0x00000000        0x0 linker stubs
 *(.bootloader)
 *(.ARM.extab* .gnu.linkonce.armextab.*)
 *(.gcc_except_table)

.v4_bx          0x00004f60        0x0
 .v4_bx         0x00000000        0x0 linker stubs

.iplt           0x00004f60        0x0
 .iplt          0x00000000        0x0 c:/program files (x86)/cypress/psoc creator/4.0/psoc creator/import/gnu/arm/4.9.3/bin/../lib/gcc/arm-none-eabi/4.9.3/armv7-m/crtbegin.o

.eh_frame_hdr
 *(.eh_frame_hdr)

.eh_frame       0x00004f60        0x4
 *(.eh_frame)
 .eh_frame      0x00004f60        0x0 c:/program files (x86)/cypress/psoc creator/4.0/psoc creator/import/gnu/arm/4.9.3/bin/../lib/gcc/arm-none-eabi/4.9.3/armv7-m/crtbegin.o
 .eh_frame      0x00004f60        0x4 c:/program files (x86)/cypress/psoc creator/4.0/psoc creator/import/gnu/arm/4.9.3/bin/../lib/gcc/arm-none-eabi/4.9.3/armv7-m/crtend.o
                0x00004f64                PROVIDE (__exidx_start, .)

.ARM.exidx
 *(.ARM.exidx* .gnu.linkonce.armexidx.*)
                0x00004f64                __exidx_end = .

.rodata         0x00004f64      0x14c
 *(.rodata .rodata.* .gnu.linkonce.r.*)
 .rodata        0x00004f64        0x8 .\CortexM3\ARM_GCC_493\Debug\tasks.o
 .rodata        0x00004f6c       0x9c .\CortexM3\ARM_GCC_493\Debug\main.o
 .rodata        0x00005008       0x3c .\CortexM3\ARM_GCC_493\Debug\FreeRTOS_Demo.a(cyfitter_cfg.o)
 .rodata.str1.1
                0x00005044        0x2 c:/program files (x86)/cypress/psoc creator/4.0/psoc creator/import/gnu/arm/4.9.3/bin/../lib/gcc/arm-none-eabi/4.9.3/../../../../arm-none-eabi/lib/armv7-m\libg_nano.a(lib_a-impure.o)
 .rodata.str1.1
                0x00005046       0x11 c:/program files (x86)/cypress/psoc creator/4.0/psoc creator/import/gnu/arm/4.9.3/bin/../lib/gcc/arm-none-eabi/4.9.3/../../../../arm-none-eabi/lib/armv7-m\libg_nano.a(lib_a-nano-svfprintf.o)
 .rodata.str1.1
                0x00005057       0x22 c:/program files (x86)/cypress/psoc creator/4.0/psoc creator/import/gnu/arm/4.9.3/bin/../lib/gcc/arm-none-eabi/4.9.3/../../../../arm-none-eabi/lib/armv7-m\libg_nano.a(lib_a-nano-vfprintf_i.o)
                0x0000507c                . = ALIGN (0x4)
 *fill*         0x00005079        0x3 
 *(.init)
 .init          0x0000507c        0x4 c:/program files (x86)/cypress/psoc creator/4.0/psoc creator/import/gnu/arm/4.9.3/bin/../lib/gcc/arm-none-eabi/4.9.3/armv7-m/crti.o
                0x0000507c                _init
 .init          0x00005080        0x8 c:/program files (x86)/cypress/psoc creator/4.0/psoc creator/import/gnu/arm/4.9.3/bin/../lib/gcc/arm-none-eabi/4.9.3/armv7-m/crtn.o
                0x00005088                . = ALIGN (0x4)
                0x00005088                __preinit_array_start = .
 *(.preinit_array)
                0x00005088                __preinit_array_end = .
                0x00005088                . = ALIGN (0x4)
                0x00005088                __init_array_start = .
 *(SORT(.init_array.*))
 *(.init_array)
 .init_array    0x00005088        0x4 c:/program files (x86)/cypress/psoc creator/4.0/psoc creator/import/gnu/arm/4.9.3/bin/../lib/gcc/arm-none-eabi/4.9.3/armv7-m/crtbegin.o
 .init_array    0x0000508c        0x4 .\CortexM3\ARM_GCC_493\Debug\Cm3Start.o
                0x00005090                __init_array_end = .
                0x00005090                . = ALIGN (0x4)
 *(.fini)
 .fini          0x00005090        0x4 c:/program files (x86)/cypress/psoc creator/4.0/psoc creator/import/gnu/arm/4.9.3/bin/../lib/gcc/arm-none-eabi/4.9.3/armv7-m/crti.o
                0x00005090                _fini
 .fini          0x00005094        0x8 c:/program files (x86)/cypress/psoc creator/4.0/psoc creator/import/gnu/arm/4.9.3/bin/../lib/gcc/arm-none-eabi/4.9.3/armv7-m/crtn.o
                0x0000509c                . = ALIGN (0x4)
                0x0000509c                __fini_array_start = .
 *(.fini_array)
 .fini_array    0x0000509c        0x4 c:/program files (x86)/cypress/psoc creator/4.0/psoc creator/import/gnu/arm/4.9.3/bin/../lib/gcc/arm-none-eabi/4.9.3/armv7-m/crtbegin.o
 *(SORT(.fini_array.*))
                0x000050a0                __fini_array_end = .
                0x000050a0                . = ALIGN (0x4)
 *crtbegin.o(.ctors)
 *(EXCLUDE_FILE(*crtend.o) .ctors)
 *(SORT(.ctors.*))
 *crtend.o(.ctors)
                0x000050a0                . = ALIGN (0x4)
 *crtbegin.o(.dtors)
 *(EXCLUDE_FILE(*crtend.o) .dtors)
 *(SORT(.dtors.*))
 *crtend.o(.dtors)
                0x000050a0                . = ALIGN (0x4)
                0x000050a0                __cy_regions = .
                0x000050a0        0x4 LONG 0x50b0 __cy_region_init_ram
                0x000050a4        0x4 LONG 0x1fff8108 __cy_region_start_data
                0x000050a8        0x4 LONG 0x78 __cy_region_init_size_ram
                0x000050ac        0x4 LONG 0x8218 __cy_region_zero_size_ram
                0x000050b0                __cy_regions_end = .
                0x000050b0                . = ALIGN (0x8)
                0x000050b0                _etext = .

.cy_checksum_exclude
                0x000050b0        0x0
 *(.cy_checksum_exclude)

.ramvectors     0x1fff8000      0x100
                0x1fff8000                __cy_region_start_ram = .
 *(.ramvectors)
 .ramvectors    0x1fff8000      0x100 .\CortexM3\ARM_GCC_493\Debug\Cm3Start.o
                0x1fff8000                CyRamVectors

.noinit         0x1fff8100        0x5
 *(.noinit)
 .noinit        0x1fff8100        0x4 .\CortexM3\ARM_GCC_493\Debug\Cm3Start.o
 .noinit        0x1fff8104        0x1 .\CortexM3\ARM_GCC_493\Debug\FreeRTOS_Demo.a(CyLib.o)
                0x1fff8104                CyResetStatus

.data           0x1fff8108       0x78 load address 0x000050b0
                0x1fff8108                __cy_region_start_data = .
 *(.jcr)
 .jcr           0x1fff8108        0x0 c:/program files (x86)/cypress/psoc creator/4.0/psoc creator/import/gnu/arm/4.9.3/bin/../lib/gcc/arm-none-eabi/4.9.3/armv7-m/crtbegin.o
 .jcr           0x1fff8108        0x4 c:/program files (x86)/cypress/psoc creator/4.0/psoc creator/import/gnu/arm/4.9.3/bin/../lib/gcc/arm-none-eabi/4.9.3/armv7-m/crtend.o
 *(.got.plt)
 *(.got)
 *(.shdata)
 *(.data .data.* .gnu.linkonce.d.*)
 .data          0x1fff810c        0x4 .\CortexM3\ARM_GCC_493\Debug\port.o
 .data          0x1fff8110        0x4 .\CortexM3\ARM_GCC_493\Debug\heap_2.o
 .data          0x1fff8114        0x4 .\CortexM3\ARM_GCC_493\Debug\Cm3Start.o
 .data.impure_data
                0x1fff8118       0x60 c:/program files (x86)/cypress/psoc creator/4.0/psoc creator/import/gnu/arm/4.9.3/bin/../lib/gcc/arm-none-eabi/4.9.3/../../../../arm-none-eabi/lib/armv7-m\libg_nano.a(lib_a-impure.o)
 .data._impure_ptr
                0x1fff8178        0x4 c:/program files (x86)/cypress/psoc creator/4.0/psoc creator/import/gnu/arm/4.9.3/bin/../lib/gcc/arm-none-eabi/4.9.3/../../../../arm-none-eabi/lib/armv7-m\libg_nano.a(lib_a-impure.o)
                0x1fff8178                _impure_ptr
                0x1fff8180                . = ALIGN (0x8)
 *fill*         0x1fff817c        0x4 
 *(.ram)
                0x1fff8180                _edata = .

.igot.plt       0x1fff8180        0x0 load address 0x00005128
 .igot.plt      0x00000000        0x0 c:/program files (x86)/cypress/psoc creator/4.0/psoc creator/import/gnu/arm/4.9.3/bin/../lib/gcc/arm-none-eabi/4.9.3/armv7-m/crtbegin.o

.bss            0x1fff8180     0x8218 load address 0x00005128
                0x1fff8180                PROVIDE (__bss_start__, .)
 *(.shbss)
 *(.bss .bss.* .gnu.linkonce.b.*)
 .bss           0x1fff8180       0x1c c:/program files (x86)/cypress/psoc creator/4.0/psoc creator/import/gnu/arm/4.9.3/bin/../lib/gcc/arm-none-eabi/4.9.3/armv7-m/crtbegin.o
 .bss           0x1fff819c      0x104 .\CortexM3\ARM_GCC_493\Debug\tasks.o
                0x1fff819c                pxCurrentTCB
 .bss           0x1fff82a0     0x8014 .\CortexM3\ARM_GCC_493\Debug\heap_2.o
 .bss           0x200002b4        0xc .\CortexM3\ARM_GCC_493\Debug\main.o
                0x200002b8                gatekeeper
                0x200002bc                queue_handle
 .bss           0x200002c0        0x8 .\CortexM3\ARM_GCC_493\Debug\Serial.o
 .bss           0x200002c8        0x2 .\CortexM3\ARM_GCC_493\Debug\FreeRTOS_Demo.a(UART_1.o)
                0x200002c8                UART_1_initVar
 .bss           0x200002ca        0x1 .\CortexM3\ARM_GCC_493\Debug\FreeRTOS_Demo.a(PWM_M1.o)
                0x200002ca                PWM_M1_initVar
 .bss           0x200002cb        0x1 .\CortexM3\ARM_GCC_493\Debug\FreeRTOS_Demo.a(PWM_M2.o)
                0x200002cb                PWM_M2_initVar
 .bss           0x200002cc        0x1 .\CortexM3\ARM_GCC_493\Debug\FreeRTOS_Demo.a(M1QuadDec.o)
                0x200002cc                M1QuadDec_initVar
 *fill*         0x200002cd        0x3 
 .bss           0x200002d0        0x4 .\CortexM3\ARM_GCC_493\Debug\FreeRTOS_Demo.a(M1QuadDec_INT.o)
                0x200002d0                M1QuadDec_count32SoftPart
 .bss           0x200002d4        0x1 .\CortexM3\ARM_GCC_493\Debug\FreeRTOS_Demo.a(M2QuadDec.o)
                0x200002d4                M2QuadDec_initVar
 *fill*         0x200002d5        0x3 
 .bss           0x200002d8        0x4 .\CortexM3\ARM_GCC_493\Debug\FreeRTOS_Demo.a(M2QuadDec_INT.o)
                0x200002d8                M2QuadDec_count32SoftPart
 .bss           0x200002dc        0x1 .\CortexM3\ARM_GCC_493\Debug\FreeRTOS_Demo.a(M1QuadDec_Cnt16.o)
                0x200002dc                M1QuadDec_Cnt16_initVar
 .bss           0x200002dd        0x1 .\CortexM3\ARM_GCC_493\Debug\FreeRTOS_Demo.a(M2QuadDec_Cnt16.o)
                0x200002dd                M2QuadDec_Cnt16_initVar
 .bss           0x200002de        0x1 .\CortexM3\ARM_GCC_493\Debug\FreeRTOS_Demo.a(Timer_1.o)
                0x200002de                Timer_1_initVar
 *fill*         0x200002df        0x1 
 .bss.__malloc_sbrk_start
                0x200002e0        0x4 c:/program files (x86)/cypress/psoc creator/4.0/psoc creator/import/gnu/arm/4.9.3/bin/../lib/gcc/arm-none-eabi/4.9.3/../../../../arm-none-eabi/lib/armv7-m\libg_nano.a(lib_a-nano-mallocr.o)
                0x200002e0                __malloc_sbrk_start
 .bss.__malloc_free_list
                0x200002e4        0x4 c:/program files (x86)/cypress/psoc creator/4.0/psoc creator/import/gnu/arm/4.9.3/bin/../lib/gcc/arm-none-eabi/4.9.3/../../../../arm-none-eabi/lib/armv7-m\libg_nano.a(lib_a-nano-mallocr.o)
                0x200002e4                __malloc_free_list
 *(COMMON)
 COMMON         0x200002e8       0xa8 .\CortexM3\ARM_GCC_493\Debug\main.o
                0x200002e8                right_wheel
                0x20000310                k
                0x20000328                rx_receive
                0x2000032c                buffer
                0x2000036c                left_wheel
 COMMON         0x20000390        0x4 c:/program files (x86)/cypress/psoc creator/4.0/psoc creator/import/gnu/arm/4.9.3/bin/../lib/gcc/arm-none-eabi/4.9.3/../../../../arm-none-eabi/lib/armv7-m\libg_nano.a(lib_a-reent.o)
                0x20000390                errno
                0x20000398                . = ALIGN (0x8)
 *fill*         0x20000394        0x4 
 *(.ram.b)
                0x20000398                _end = .
                0x20000398                __end = .
                0x20000398                PROVIDE (end, .)
                0x20000398                PROVIDE (__bss_end__, .)
                0x000050b0                __cy_region_init_ram = LOADADDR (.data)
                0x00000078                __cy_region_init_size_ram = (_edata - ADDR (.data))
                0x00008218                __cy_region_zero_size_ram = (_end - _edata)

.heap           0x20000398        0x0 load address 0x00005128
                0x20000398                . = _end
                0x20000398                . = (. + 0x0)
                0x20000398                __cy_heap_limit = .

.stack          0x20007c00      0x400
                0x20007c00                __cy_stack_limit = .
                0x20008000                . = (. + 0x400)
 *fill*         0x20007c00      0x400 
                0x00000001                ASSERT ((__cy_stack_limit >= __cy_heap_limit), region RAM overflowed with stack)
                0x00000000                cy_checksum_exclude_size = (CY_APPL_LOADABLE == 0x1)?SIZEOF (.cy_checksum_exclude):0x0
                0x00000001                ASSERT ((cy_checksum_exclude_size <= CY_CHECKSUM_EXCLUDE_SIZE), CY_BOOT: Section .cy_checksum_exclude size exceedes specified limit.)

.cyloadermeta
 *(.cyloadermeta)

.cyloadablemeta
 *(.cyloadablemeta)

.cyconfigecc    0x80000000      0xe08
 *(.cyconfigecc)
 .cyconfigecc   0x80000000      0xe08 .\CortexM3\ARM_GCC_493\Debug\cymetadata.o
                0x80000000                cy_meta_configecc

.cycustnvl      0x90000000        0x4
 *(.cycustnvl)
 .cycustnvl     0x90000000        0x4 .\CortexM3\ARM_GCC_493\Debug\cymetadata.o
                0x90000000                cy_meta_custnvl

.cywolatch      0x90100000        0x4
 *(.cywolatch)
 .cywolatch     0x90100000        0x4 .\CortexM3\ARM_GCC_493\Debug\cymetadata.o
                0x90100000                cy_meta_wonvl

.cyeeprom       0x90200000        0x0
 *(.cyeeprom)
                0x00000001                ASSERT ((. <= ((0x90200000 + ee_offset) + ee_size)), .cyeeprom data will not fit in EEPROM)

.cyflashprotect
                0x90400000      0x100
 *(.cyflashprotect)
 .cyflashprotect
                0x90400000      0x100 .\CortexM3\ARM_GCC_493\Debug\cymetadata.o
                0x90400000                cy_meta_flashprotect

.cymeta         0x90500000        0xc
 *(.cymeta)
 .cymeta        0x90500000        0xc .\CortexM3\ARM_GCC_493\Debug\cymetadata.o
                0x90500000                cy_metadata

.rel.dyn        0x00005128        0x0 load address 0x9050000c
 .rel.iplt      0x00000000        0x0 c:/program files (x86)/cypress/psoc creator/4.0/psoc creator/import/gnu/arm/4.9.3/bin/../lib/gcc/arm-none-eabi/4.9.3/armv7-m/crtbegin.o

.stab
 *(.stab)

.stabstr
 *(.stabstr)

.debug
 *(.debug)

.line
 *(.line)

.debug_srcinfo
 *(.debug_srcinfo)

.debug_sfnames
 *(.debug_sfnames)

.debug_aranges  0x00000000     0x12a8
 *(.debug_aranges)
 .debug_aranges
                0x00000000       0x18 .\CortexM3\ARM_GCC_493\Debug\croutine.o
 .debug_aranges
                0x00000018       0x40 .\CortexM3\ARM_GCC_493\Debug\list.o
 .debug_aranges
                0x00000058      0x110 .\CortexM3\ARM_GCC_493\Debug\queue.o
 .debug_aranges
                0x00000168      0x1b8 .\CortexM3\ARM_GCC_493\Debug\tasks.o
 .debug_aranges
                0x00000320       0x70 .\CortexM3\ARM_GCC_493\Debug\port.o
 .debug_aranges
                0x00000390       0x40 .\CortexM3\ARM_GCC_493\Debug\heap_2.o
 .debug_aranges
                0x000003d0       0x30 .\CortexM3\ARM_GCC_493\Debug\IntQueueTimer.o
 .debug_aranges
                0x00000400       0x48 .\CortexM3\ARM_GCC_493\Debug\main.o
 .debug_aranges
                0x00000448       0x48 .\CortexM3\ARM_GCC_493\Debug\Serial.o
 .debug_aranges
                0x00000490       0x50 .\CortexM3\ARM_GCC_493\Debug\movement.o
 .debug_aranges
                0x000004e0       0x38 .\CortexM3\ARM_GCC_493\Debug\comtest.o
 .debug_aranges
                0x00000518       0x18 .\CortexM3\ARM_GCC_493\Debug\cymetadata.o
 .debug_aranges
                0x00000530       0x48 .\CortexM3\ARM_GCC_493\Debug\Cm3Start.o
 .debug_aranges
                0x00000578       0x60 .\CortexM3\ARM_GCC_493\Debug\FreeRTOS_Demo.a(cyfitter_cfg.o)
 .debug_aranges
                0x000005d8       0xf0 .\CortexM3\ARM_GCC_493\Debug\FreeRTOS_Demo.a(UART_1.o)
 .debug_aranges
                0x000006c8       0x80 .\CortexM3\ARM_GCC_493\Debug\FreeRTOS_Demo.a(isr_UART1_TX_BYTE_COMPLETE.o)
 .debug_aranges
                0x00000748       0x80 .\CortexM3\ARM_GCC_493\Debug\FreeRTOS_Demo.a(isr_UART1_RX_BYTE_RECEIVED.o)
 .debug_aranges
                0x000007c8       0x70 .\CortexM3\ARM_GCC_493\Debug\FreeRTOS_Demo.a(UART_1_IntClock.o)
 .debug_aranges
                0x00000838      0x2a0 .\CortexM3\ARM_GCC_493\Debug\FreeRTOS_Demo.a(CyLib.o)
 .debug_aranges
                0x00000ad8       0x98 .\CortexM3\ARM_GCC_493\Debug\FreeRTOS_Demo.a(cyPm.o)
 .debug_aranges
                0x00000b70       0x98 .\CortexM3\ARM_GCC_493\Debug\FreeRTOS_Demo.a(PWM_M1.o)
 .debug_aranges
                0x00000c08       0x70 .\CortexM3\ARM_GCC_493\Debug\FreeRTOS_Demo.a(MClock.o)
 .debug_aranges
                0x00000c78       0x38 .\CortexM3\ARM_GCC_493\Debug\FreeRTOS_Demo.a(M1_FWD.o)
 .debug_aranges
                0x00000cb0       0x38 .\CortexM3\ARM_GCC_493\Debug\FreeRTOS_Demo.a(M1_BWD.o)
 .debug_aranges
                0x00000ce8       0x98 .\CortexM3\ARM_GCC_493\Debug\FreeRTOS_Demo.a(PWM_M2.o)
 .debug_aranges
                0x00000d80       0x38 .\CortexM3\ARM_GCC_493\Debug\FreeRTOS_Demo.a(M2_FWD.o)
 .debug_aranges
                0x00000db8       0x38 .\CortexM3\ARM_GCC_493\Debug\FreeRTOS_Demo.a(M2_BWD.o)
 .debug_aranges
                0x00000df0       0x38 .\CortexM3\ARM_GCC_493\Debug\FreeRTOS_Demo.a(Standby.o)
 .debug_aranges
                0x00000e28       0x60 .\CortexM3\ARM_GCC_493\Debug\FreeRTOS_Demo.a(M1QuadDec.o)
 .debug_aranges
                0x00000e88       0x20 .\CortexM3\ARM_GCC_493\Debug\FreeRTOS_Demo.a(M1QuadDec_INT.o)
 .debug_aranges
                0x00000ea8       0x70 .\CortexM3\ARM_GCC_493\Debug\FreeRTOS_Demo.a(M1Clock.o)
 .debug_aranges
                0x00000f18       0x60 .\CortexM3\ARM_GCC_493\Debug\FreeRTOS_Demo.a(M2QuadDec.o)
 .debug_aranges
                0x00000f78       0x20 .\CortexM3\ARM_GCC_493\Debug\FreeRTOS_Demo.a(M2QuadDec_INT.o)
 .debug_aranges
                0x00000f98       0x98 .\CortexM3\ARM_GCC_493\Debug\FreeRTOS_Demo.a(M1QuadDec_Cnt16.o)
 .debug_aranges
                0x00001030       0x98 .\CortexM3\ARM_GCC_493\Debug\FreeRTOS_Demo.a(M2QuadDec_Cnt16.o)
 .debug_aranges
                0x000010c8       0x90 .\CortexM3\ARM_GCC_493\Debug\FreeRTOS_Demo.a(Timer_1.o)
 .debug_aranges
                0x00001158       0x38 .\CortexM3\ARM_GCC_493\Debug\FreeRTOS_Demo.a(LED.o)
 .debug_aranges
                0x00001190       0x20 .\CortexM3\ARM_GCC_493\Debug\FreeRTOS_Demo.a(CyBootAsmGnu.o)
 .debug_aranges
                0x000011b0       0x80 .\CortexM3\ARM_GCC_493\Debug\FreeRTOS_Demo.a(CyFlash.o)
 .debug_aranges
                0x00001230       0x78 .\CortexM3\ARM_GCC_493\Debug\FreeRTOS_Demo.a(CySpc.o)

.debug_pubnames
 *(.debug_pubnames)

.debug_info     0x00000000     0x8fe4
 *(.debug_info .gnu.linkonce.wi.*)
 .debug_info    0x00000000       0xa7 .\CortexM3\ARM_GCC_493\Debug\croutine.o
 .debug_info    0x000000a7      0x2e1 .\CortexM3\ARM_GCC_493\Debug\list.o
 .debug_info    0x00000388     0x102e .\CortexM3\ARM_GCC_493\Debug\queue.o
 .debug_info    0x000013b6     0x16f5 .\CortexM3\ARM_GCC_493\Debug\tasks.o
 .debug_info    0x00002aab      0x314 .\CortexM3\ARM_GCC_493\Debug\port.o
 .debug_info    0x00002dbf      0x31f .\CortexM3\ARM_GCC_493\Debug\heap_2.o
 .debug_info    0x000030de      0x165 .\CortexM3\ARM_GCC_493\Debug\IntQueueTimer.o
 .debug_info    0x00003243      0x488 .\CortexM3\ARM_GCC_493\Debug\main.o
 .debug_info    0x000036cb      0x3e1 .\CortexM3\ARM_GCC_493\Debug\Serial.o
 .debug_info    0x00003aac      0x405 .\CortexM3\ARM_GCC_493\Debug\movement.o
 .debug_info    0x00003eb1      0x245 .\CortexM3\ARM_GCC_493\Debug\comtest.o
 .debug_info    0x000040f6      0x13f .\CortexM3\ARM_GCC_493\Debug\cymetadata.o
 .debug_info    0x00004235      0x319 .\CortexM3\ARM_GCC_493\Debug\Cm3Start.o
 .debug_info    0x0000454e      0x44b .\CortexM3\ARM_GCC_493\Debug\FreeRTOS_Demo.a(cyfitter_cfg.o)
 .debug_info    0x00004999      0x503 .\CortexM3\ARM_GCC_493\Debug\FreeRTOS_Demo.a(UART_1.o)
 .debug_info    0x00004e9c      0x23a .\CortexM3\ARM_GCC_493\Debug\FreeRTOS_Demo.a(isr_UART1_TX_BYTE_COMPLETE.o)
 .debug_info    0x000050d6      0x23a .\CortexM3\ARM_GCC_493\Debug\FreeRTOS_Demo.a(isr_UART1_RX_BYTE_RECEIVED.o)
 .debug_info    0x00005310      0x25d .\CortexM3\ARM_GCC_493\Debug\FreeRTOS_Demo.a(UART_1_IntClock.o)
 .debug_info    0x0000556d      0xe4a .\CortexM3\ARM_GCC_493\Debug\FreeRTOS_Demo.a(CyLib.o)
 .debug_info    0x000063b7      0x561 .\CortexM3\ARM_GCC_493\Debug\FreeRTOS_Demo.a(cyPm.o)
 .debug_info    0x00006918      0x2a0 .\CortexM3\ARM_GCC_493\Debug\FreeRTOS_Demo.a(PWM_M1.o)
 .debug_info    0x00006bb8      0x25d .\CortexM3\ARM_GCC_493\Debug\FreeRTOS_Demo.a(MClock.o)
 .debug_info    0x00006e15      0x11e .\CortexM3\ARM_GCC_493\Debug\FreeRTOS_Demo.a(M1_FWD.o)
 .debug_info    0x00006f33      0x11e .\CortexM3\ARM_GCC_493\Debug\FreeRTOS_Demo.a(M1_BWD.o)
 .debug_info    0x00007051      0x2a0 .\CortexM3\ARM_GCC_493\Debug\FreeRTOS_Demo.a(PWM_M2.o)
 .debug_info    0x000072f1      0x11e .\CortexM3\ARM_GCC_493\Debug\FreeRTOS_Demo.a(M2_FWD.o)
 .debug_info    0x0000740f      0x11e .\CortexM3\ARM_GCC_493\Debug\FreeRTOS_Demo.a(M2_BWD.o)
 .debug_info    0x0000752d      0x11e .\CortexM3\ARM_GCC_493\Debug\FreeRTOS_Demo.a(Standby.o)
 .debug_info    0x0000764b      0x22d .\CortexM3\ARM_GCC_493\Debug\FreeRTOS_Demo.a(M1QuadDec.o)
 .debug_info    0x00007878       0xeb .\CortexM3\ARM_GCC_493\Debug\FreeRTOS_Demo.a(M1QuadDec_INT.o)
 .debug_info    0x00007963      0x25d .\CortexM3\ARM_GCC_493\Debug\FreeRTOS_Demo.a(M1Clock.o)
 .debug_info    0x00007bc0      0x22d .\CortexM3\ARM_GCC_493\Debug\FreeRTOS_Demo.a(M2QuadDec.o)
 .debug_info    0x00007ded       0xeb .\CortexM3\ARM_GCC_493\Debug\FreeRTOS_Demo.a(M2QuadDec_INT.o)
 .debug_info    0x00007ed8      0x28a .\CortexM3\ARM_GCC_493\Debug\FreeRTOS_Demo.a(M1QuadDec_Cnt16.o)
 .debug_info    0x00008162      0x28a .\CortexM3\ARM_GCC_493\Debug\FreeRTOS_Demo.a(M2QuadDec_Cnt16.o)
 .debug_info    0x000083ec      0x254 .\CortexM3\ARM_GCC_493\Debug\FreeRTOS_Demo.a(Timer_1.o)
 .debug_info    0x00008640      0x11e .\CortexM3\ARM_GCC_493\Debug\FreeRTOS_Demo.a(LED.o)
 .debug_info    0x0000875e       0xc9 .\CortexM3\ARM_GCC_493\Debug\FreeRTOS_Demo.a(CyBootAsmGnu.o)
 .debug_info    0x00008827      0x36a .\CortexM3\ARM_GCC_493\Debug\FreeRTOS_Demo.a(CyFlash.o)
 .debug_info    0x00008b91      0x453 .\CortexM3\ARM_GCC_493\Debug\FreeRTOS_Demo.a(CySpc.o)

.debug_abbrev   0x00000000     0x2d31
 *(.debug_abbrev)
 .debug_abbrev  0x00000000       0x4b .\CortexM3\ARM_GCC_493\Debug\croutine.o
 .debug_abbrev  0x0000004b       0xd8 .\CortexM3\ARM_GCC_493\Debug\list.o
 .debug_abbrev  0x00000123      0x278 .\CortexM3\ARM_GCC_493\Debug\queue.o
 .debug_abbrev  0x0000039b      0x291 .\CortexM3\ARM_GCC_493\Debug\tasks.o
 .debug_abbrev  0x0000062c      0x1ca .\CortexM3\ARM_GCC_493\Debug\port.o
 .debug_abbrev  0x000007f6      0x177 .\CortexM3\ARM_GCC_493\Debug\heap_2.o
 .debug_abbrev  0x0000096d       0xd0 .\CortexM3\ARM_GCC_493\Debug\IntQueueTimer.o
 .debug_abbrev  0x00000a3d      0x1ec .\CortexM3\ARM_GCC_493\Debug\main.o
 .debug_abbrev  0x00000c29      0x140 .\CortexM3\ARM_GCC_493\Debug\Serial.o
 .debug_abbrev  0x00000d69       0xeb .\CortexM3\ARM_GCC_493\Debug\movement.o
 .debug_abbrev  0x00000e54       0xd4 .\CortexM3\ARM_GCC_493\Debug\comtest.o
 .debug_abbrev  0x00000f28       0x77 .\CortexM3\ARM_GCC_493\Debug\cymetadata.o
 .debug_abbrev  0x00000f9f      0x1b6 .\CortexM3\ARM_GCC_493\Debug\Cm3Start.o
 .debug_abbrev  0x00001155      0x1b7 .\CortexM3\ARM_GCC_493\Debug\FreeRTOS_Demo.a(cyfitter_cfg.o)
 .debug_abbrev  0x0000130c      0x163 .\CortexM3\ARM_GCC_493\Debug\FreeRTOS_Demo.a(UART_1.o)
 .debug_abbrev  0x0000146f      0x172 .\CortexM3\ARM_GCC_493\Debug\FreeRTOS_Demo.a(isr_UART1_TX_BYTE_COMPLETE.o)
 .debug_abbrev  0x000015e1      0x172 .\CortexM3\ARM_GCC_493\Debug\FreeRTOS_Demo.a(isr_UART1_RX_BYTE_RECEIVED.o)
 .debug_abbrev  0x00001753      0x11d .\CortexM3\ARM_GCC_493\Debug\FreeRTOS_Demo.a(UART_1_IntClock.o)
 .debug_abbrev  0x00001870      0x217 .\CortexM3\ARM_GCC_493\Debug\FreeRTOS_Demo.a(CyLib.o)
 .debug_abbrev  0x00001a87      0x161 .\CortexM3\ARM_GCC_493\Debug\FreeRTOS_Demo.a(cyPm.o)
 .debug_abbrev  0x00001be8      0x12e .\CortexM3\ARM_GCC_493\Debug\FreeRTOS_Demo.a(PWM_M1.o)
 .debug_abbrev  0x00001d16      0x11d .\CortexM3\ARM_GCC_493\Debug\FreeRTOS_Demo.a(MClock.o)
 .debug_abbrev  0x00001e33       0x90 .\CortexM3\ARM_GCC_493\Debug\FreeRTOS_Demo.a(M1_FWD.o)
 .debug_abbrev  0x00001ec3       0x90 .\CortexM3\ARM_GCC_493\Debug\FreeRTOS_Demo.a(M1_BWD.o)
 .debug_abbrev  0x00001f53      0x12e .\CortexM3\ARM_GCC_493\Debug\FreeRTOS_Demo.a(PWM_M2.o)
 .debug_abbrev  0x00002081       0x90 .\CortexM3\ARM_GCC_493\Debug\FreeRTOS_Demo.a(M2_FWD.o)
 .debug_abbrev  0x00002111       0x90 .\CortexM3\ARM_GCC_493\Debug\FreeRTOS_Demo.a(M2_BWD.o)
 .debug_abbrev  0x000021a1       0x90 .\CortexM3\ARM_GCC_493\Debug\FreeRTOS_Demo.a(Standby.o)
 .debug_abbrev  0x00002231      0x11a .\CortexM3\ARM_GCC_493\Debug\FreeRTOS_Demo.a(M1QuadDec.o)
 .debug_abbrev  0x0000234b       0x78 .\CortexM3\ARM_GCC_493\Debug\FreeRTOS_Demo.a(M1QuadDec_INT.o)
 .debug_abbrev  0x000023c3      0x11d .\CortexM3\ARM_GCC_493\Debug\FreeRTOS_Demo.a(M1Clock.o)
 .debug_abbrev  0x000024e0      0x11a .\CortexM3\ARM_GCC_493\Debug\FreeRTOS_Demo.a(M2QuadDec.o)
 .debug_abbrev  0x000025fa       0x78 .\CortexM3\ARM_GCC_493\Debug\FreeRTOS_Demo.a(M2QuadDec_INT.o)
 .debug_abbrev  0x00002672      0x12c .\CortexM3\ARM_GCC_493\Debug\FreeRTOS_Demo.a(M1QuadDec_Cnt16.o)
 .debug_abbrev  0x0000279e      0x12c .\CortexM3\ARM_GCC_493\Debug\FreeRTOS_Demo.a(M2QuadDec_Cnt16.o)
 .debug_abbrev  0x000028ca      0x11b .\CortexM3\ARM_GCC_493\Debug\FreeRTOS_Demo.a(Timer_1.o)
 .debug_abbrev  0x000029e5       0x90 .\CortexM3\ARM_GCC_493\Debug\FreeRTOS_Demo.a(LED.o)
 .debug_abbrev  0x00002a75       0x14 .\CortexM3\ARM_GCC_493\Debug\FreeRTOS_Demo.a(CyBootAsmGnu.o)
 .debug_abbrev  0x00002a89      0x13c .\CortexM3\ARM_GCC_493\Debug\FreeRTOS_Demo.a(CyFlash.o)
 .debug_abbrev  0x00002bc5      0x16c .\CortexM3\ARM_GCC_493\Debug\FreeRTOS_Demo.a(CySpc.o)

.debug_line     0x00000000     0x54a6
 *(.debug_line)
 .debug_line    0x00000000      0x13a .\CortexM3\ARM_GCC_493\Debug\croutine.o
 .debug_line    0x0000013a      0x240 .\CortexM3\ARM_GCC_493\Debug\list.o
 .debug_line    0x0000037a      0x758 .\CortexM3\ARM_GCC_493\Debug\queue.o
 .debug_line    0x00000ad2      0xa83 .\CortexM3\ARM_GCC_493\Debug\tasks.o
 .debug_line    0x00001555      0x2c8 .\CortexM3\ARM_GCC_493\Debug\port.o
 .debug_line    0x0000181d      0x2e4 .\CortexM3\ARM_GCC_493\Debug\heap_2.o
 .debug_line    0x00001b01      0x1db .\CortexM3\ARM_GCC_493\Debug\IntQueueTimer.o
 .debug_line    0x00001cdc      0x2e6 .\CortexM3\ARM_GCC_493\Debug\main.o
 .debug_line    0x00001fc2      0x2ba .\CortexM3\ARM_GCC_493\Debug\Serial.o
 .debug_line    0x0000227c      0x24c .\CortexM3\ARM_GCC_493\Debug\movement.o
 .debug_line    0x000024c8      0x237 .\CortexM3\ARM_GCC_493\Debug\comtest.o
 .debug_line    0x000026ff       0x51 .\CortexM3\ARM_GCC_493\Debug\cymetadata.o
 .debug_line    0x00002750      0x1dc .\CortexM3\ARM_GCC_493\Debug\Cm3Start.o
 .debug_line    0x0000292c      0x21e .\CortexM3\ARM_GCC_493\Debug\FreeRTOS_Demo.a(cyfitter_cfg.o)
 .debug_line    0x00002b4a      0x2e4 .\CortexM3\ARM_GCC_493\Debug\FreeRTOS_Demo.a(UART_1.o)
 .debug_line    0x00002e2e      0x165 .\CortexM3\ARM_GCC_493\Debug\FreeRTOS_Demo.a(isr_UART1_TX_BYTE_COMPLETE.o)
 .debug_line    0x00002f93      0x165 .\CortexM3\ARM_GCC_493\Debug\FreeRTOS_Demo.a(isr_UART1_RX_BYTE_RECEIVED.o)
 .debug_line    0x000030f8      0x1aa .\CortexM3\ARM_GCC_493\Debug\FreeRTOS_Demo.a(UART_1_IntClock.o)
 .debug_line    0x000032a2      0x882 .\CortexM3\ARM_GCC_493\Debug\FreeRTOS_Demo.a(CyLib.o)
 .debug_line    0x00003b24      0x37f .\CortexM3\ARM_GCC_493\Debug\FreeRTOS_Demo.a(cyPm.o)
 .debug_line    0x00003ea3      0x18a .\CortexM3\ARM_GCC_493\Debug\FreeRTOS_Demo.a(PWM_M1.o)
 .debug_line    0x0000402d      0x1a1 .\CortexM3\ARM_GCC_493\Debug\FreeRTOS_Demo.a(MClock.o)
 .debug_line    0x000041ce       0x95 .\CortexM3\ARM_GCC_493\Debug\FreeRTOS_Demo.a(M1_FWD.o)
 .debug_line    0x00004263       0x95 .\CortexM3\ARM_GCC_493\Debug\FreeRTOS_Demo.a(M1_BWD.o)
 .debug_line    0x000042f8      0x18a .\CortexM3\ARM_GCC_493\Debug\FreeRTOS_Demo.a(PWM_M2.o)
 .debug_line    0x00004482       0x95 .\CortexM3\ARM_GCC_493\Debug\FreeRTOS_Demo.a(M2_FWD.o)
 .debug_line    0x00004517       0x95 .\CortexM3\ARM_GCC_493\Debug\FreeRTOS_Demo.a(M2_BWD.o)
 .debug_line    0x000045ac       0x96 .\CortexM3\ARM_GCC_493\Debug\FreeRTOS_Demo.a(Standby.o)
 .debug_line    0x00004642      0x124 .\CortexM3\ARM_GCC_493\Debug\FreeRTOS_Demo.a(M1QuadDec.o)
 .debug_line    0x00004766       0x6f .\CortexM3\ARM_GCC_493\Debug\FreeRTOS_Demo.a(M1QuadDec_INT.o)
 .debug_line    0x000047d5      0x1a2 .\CortexM3\ARM_GCC_493\Debug\FreeRTOS_Demo.a(M1Clock.o)
 .debug_line    0x00004977      0x124 .\CortexM3\ARM_GCC_493\Debug\FreeRTOS_Demo.a(M2QuadDec.o)
 .debug_line    0x00004a9b       0x6f .\CortexM3\ARM_GCC_493\Debug\FreeRTOS_Demo.a(M2QuadDec_INT.o)
 .debug_line    0x00004b0a      0x18d .\CortexM3\ARM_GCC_493\Debug\FreeRTOS_Demo.a(M1QuadDec_Cnt16.o)
 .debug_line    0x00004c97      0x18d .\CortexM3\ARM_GCC_493\Debug\FreeRTOS_Demo.a(M2QuadDec_Cnt16.o)
 .debug_line    0x00004e24      0x170 .\CortexM3\ARM_GCC_493\Debug\FreeRTOS_Demo.a(Timer_1.o)
 .debug_line    0x00004f94       0x92 .\CortexM3\ARM_GCC_493\Debug\FreeRTOS_Demo.a(LED.o)
 .debug_line    0x00005026       0x66 .\CortexM3\ARM_GCC_493\Debug\FreeRTOS_Demo.a(CyBootAsmGnu.o)
 .debug_line    0x0000508c      0x205 .\CortexM3\ARM_GCC_493\Debug\FreeRTOS_Demo.a(CyFlash.o)
 .debug_line    0x00005291      0x215 .\CortexM3\ARM_GCC_493\Debug\FreeRTOS_Demo.a(CySpc.o)

.debug_frame    0x00000000     0x4c14
 *(.debug_frame)
 .debug_frame   0x00000000       0xd8 .\CortexM3\ARM_GCC_493\Debug\list.o
 .debug_frame   0x000000d8      0x4ec .\CortexM3\ARM_GCC_493\Debug\queue.o
 .debug_frame   0x000005c4      0x818 .\CortexM3\ARM_GCC_493\Debug\tasks.o
 .debug_frame   0x00000ddc      0x16c .\CortexM3\ARM_GCC_493\Debug\port.o
 .debug_frame   0x00000f48       0xd0 .\CortexM3\ARM_GCC_493\Debug\heap_2.o
 .debug_frame   0x00001018       0x64 .\CortexM3\ARM_GCC_493\Debug\IntQueueTimer.o
 .debug_frame   0x0000107c       0xd8 .\CortexM3\ARM_GCC_493\Debug\main.o
 .debug_frame   0x00001154      0x100 .\CortexM3\ARM_GCC_493\Debug\Serial.o
 .debug_frame   0x00001254      0x138 .\CortexM3\ARM_GCC_493\Debug\movement.o
 .debug_frame   0x0000138c       0xa0 .\CortexM3\ARM_GCC_493\Debug\comtest.o
 .debug_frame   0x0000142c       0xd8 .\CortexM3\ARM_GCC_493\Debug\Cm3Start.o
 .debug_frame   0x00001504      0x16c .\CortexM3\ARM_GCC_493\Debug\FreeRTOS_Demo.a(cyfitter_cfg.o)
 .debug_frame   0x00001670      0x42c .\CortexM3\ARM_GCC_493\Debug\FreeRTOS_Demo.a(UART_1.o)
 .debug_frame   0x00001a9c      0x1e8 .\CortexM3\ARM_GCC_493\Debug\FreeRTOS_Demo.a(isr_UART1_TX_BYTE_COMPLETE.o)
 .debug_frame   0x00001c84      0x1e8 .\CortexM3\ARM_GCC_493\Debug\FreeRTOS_Demo.a(isr_UART1_RX_BYTE_RECEIVED.o)
 .debug_frame   0x00001e6c      0x1b4 .\CortexM3\ARM_GCC_493\Debug\FreeRTOS_Demo.a(UART_1_IntClock.o)
 .debug_frame   0x00002020      0xc0c .\CortexM3\ARM_GCC_493\Debug\FreeRTOS_Demo.a(CyLib.o)
 .debug_frame   0x00002c2c      0x234 .\CortexM3\ARM_GCC_493\Debug\FreeRTOS_Demo.a(cyPm.o)
 .debug_frame   0x00002e60      0x25c .\CortexM3\ARM_GCC_493\Debug\FreeRTOS_Demo.a(PWM_M1.o)
 .debug_frame   0x000030bc      0x1b4 .\CortexM3\ARM_GCC_493\Debug\FreeRTOS_Demo.a(MClock.o)
 .debug_frame   0x00003270       0xa8 .\CortexM3\ARM_GCC_493\Debug\FreeRTOS_Demo.a(M1_FWD.o)
 .debug_frame   0x00003318       0xa8 .\CortexM3\ARM_GCC_493\Debug\FreeRTOS_Demo.a(M1_BWD.o)
 .debug_frame   0x000033c0      0x25c .\CortexM3\ARM_GCC_493\Debug\FreeRTOS_Demo.a(PWM_M2.o)
 .debug_frame   0x0000361c       0xa8 .\CortexM3\ARM_GCC_493\Debug\FreeRTOS_Demo.a(M2_FWD.o)
 .debug_frame   0x000036c4       0xa8 .\CortexM3\ARM_GCC_493\Debug\FreeRTOS_Demo.a(M2_BWD.o)
 .debug_frame   0x0000376c       0xa8 .\CortexM3\ARM_GCC_493\Debug\FreeRTOS_Demo.a(Standby.o)
 .debug_frame   0x00003814      0x158 .\CortexM3\ARM_GCC_493\Debug\FreeRTOS_Demo.a(M1QuadDec.o)
 .debug_frame   0x0000396c       0x38 .\CortexM3\ARM_GCC_493\Debug\FreeRTOS_Demo.a(M1QuadDec_INT.o)
 .debug_frame   0x000039a4      0x1b4 .\CortexM3\ARM_GCC_493\Debug\FreeRTOS_Demo.a(M1Clock.o)
 .debug_frame   0x00003b58      0x158 .\CortexM3\ARM_GCC_493\Debug\FreeRTOS_Demo.a(M2QuadDec.o)
 .debug_frame   0x00003cb0       0x38 .\CortexM3\ARM_GCC_493\Debug\FreeRTOS_Demo.a(M2QuadDec_INT.o)
 .debug_frame   0x00003ce8      0x258 .\CortexM3\ARM_GCC_493\Debug\FreeRTOS_Demo.a(M1QuadDec_Cnt16.o)
 .debug_frame   0x00003f40      0x258 .\CortexM3\ARM_GCC_493\Debug\FreeRTOS_Demo.a(M2QuadDec_Cnt16.o)
 .debug_frame   0x00004198      0x230 .\CortexM3\ARM_GCC_493\Debug\FreeRTOS_Demo.a(Timer_1.o)
 .debug_frame   0x000043c8       0xa8 .\CortexM3\ARM_GCC_493\Debug\FreeRTOS_Demo.a(LED.o)
 .debug_frame   0x00004470      0x210 .\CortexM3\ARM_GCC_493\Debug\FreeRTOS_Demo.a(CyFlash.o)
 .debug_frame   0x00004680      0x1f8 .\CortexM3\ARM_GCC_493\Debug\FreeRTOS_Demo.a(CySpc.o)
 .debug_frame   0x00004878       0x20 c:/program files (x86)/cypress/psoc creator/4.0/psoc creator/import/gnu/arm/4.9.3/bin/../lib/gcc/arm-none-eabi/4.9.3/../../../../arm-none-eabi/lib/armv7-m\libg_nano.a(lib_a-errno.o)
 .debug_frame   0x00004898       0x28 c:/program files (x86)/cypress/psoc creator/4.0/psoc creator/import/gnu/arm/4.9.3/bin/../lib/gcc/arm-none-eabi/4.9.3/../../../../arm-none-eabi/lib/armv7-m\libg_nano.a(lib_a-exit.o)
 .debug_frame   0x000048c0       0x2c c:/program files (x86)/cypress/psoc creator/4.0/psoc creator/import/gnu/arm/4.9.3/bin/../lib/gcc/arm-none-eabi/4.9.3/../../../../arm-none-eabi/lib/armv7-m\libg_nano.a(lib_a-init.o)
 .debug_frame   0x000048ec       0x28 c:/program files (x86)/cypress/psoc creator/4.0/psoc creator/import/gnu/arm/4.9.3/bin/../lib/gcc/arm-none-eabi/4.9.3/../../../../arm-none-eabi/lib/armv7-m\libg_nano.a(lib_a-memcpy.o)
 .debug_frame   0x00004914       0x20 c:/program files (x86)/cypress/psoc creator/4.0/psoc creator/import/gnu/arm/4.9.3/bin/../lib/gcc/arm-none-eabi/4.9.3/../../../../arm-none-eabi/lib/armv7-m\libg_nano.a(lib_a-memset.o)
 .debug_frame   0x00004934       0x70 c:/program files (x86)/cypress/psoc creator/4.0/psoc creator/import/gnu/arm/4.9.3/bin/../lib/gcc/arm-none-eabi/4.9.3/../../../../arm-none-eabi/lib/armv7-m\libg_nano.a(lib_a-sprintf.o)
 .debug_frame   0x000049a4       0x8c c:/program files (x86)/cypress/psoc creator/4.0/psoc creator/import/gnu/arm/4.9.3/bin/../lib/gcc/arm-none-eabi/4.9.3/../../../../arm-none-eabi/lib/armv7-m\libg_nano.a(lib_a-nano-svfprintf.o)
 .debug_frame   0x00004a30       0x58 c:/program files (x86)/cypress/psoc creator/4.0/psoc creator/import/gnu/arm/4.9.3/bin/../lib/gcc/arm-none-eabi/4.9.3/../../../../arm-none-eabi/lib/armv7-m\libg_nano.a(lib_a-nano-vfprintf_i.o)
 .debug_frame   0x00004a88       0x28 c:/program files (x86)/cypress/psoc creator/4.0/psoc creator/import/gnu/arm/4.9.3/bin/../lib/gcc/arm-none-eabi/4.9.3/../../../../arm-none-eabi/lib/armv7-m\libg_nano.a(lib_a-memchr.o)
 .debug_frame   0x00004ab0       0x28 c:/program files (x86)/cypress/psoc creator/4.0/psoc creator/import/gnu/arm/4.9.3/bin/../lib/gcc/arm-none-eabi/4.9.3/../../../../arm-none-eabi/lib/armv7-m\libg_nano.a(lib_a-memmove.o)
 .debug_frame   0x00004ad8       0x2c c:/program files (x86)/cypress/psoc creator/4.0/psoc creator/import/gnu/arm/4.9.3/bin/../lib/gcc/arm-none-eabi/4.9.3/../../../../arm-none-eabi/lib/armv7-m\libg_nano.a(lib_a-nano-freer.o)
 .debug_frame   0x00004b04       0x2c c:/program files (x86)/cypress/psoc creator/4.0/psoc creator/import/gnu/arm/4.9.3/bin/../lib/gcc/arm-none-eabi/4.9.3/../../../../arm-none-eabi/lib/armv7-m\libg_nano.a(lib_a-nano-mallocr.o)
 .debug_frame   0x00004b30       0x3c c:/program files (x86)/cypress/psoc creator/4.0/psoc creator/import/gnu/arm/4.9.3/bin/../lib/gcc/arm-none-eabi/4.9.3/../../../../arm-none-eabi/lib/armv7-m\libg_nano.a(lib_a-nano-reallocr.o)
 .debug_frame   0x00004b6c       0x2c c:/program files (x86)/cypress/psoc creator/4.0/psoc creator/import/gnu/arm/4.9.3/bin/../lib/gcc/arm-none-eabi/4.9.3/../../../../arm-none-eabi/lib/armv7-m\libg_nano.a(lib_a-sbrkr.o)
 .debug_frame   0x00004b98       0x20 c:/program files (x86)/cypress/psoc creator/4.0/psoc creator/import/gnu/arm/4.9.3/bin/../lib/gcc/arm-none-eabi/4.9.3/../../../../arm-none-eabi/lib/armv7-m\libg_nano.a(lib_a-nano-msizer.o)
 .debug_frame   0x00004bb8       0x5c c:/program files (x86)/cypress/psoc creator/4.0/psoc creator/import/gnu/arm/4.9.3/bin/../lib/gcc/arm-none-eabi/4.9.3/../../../../arm-none-eabi/lib/armv7-m\libg_nano.a(lib_a-reent.o)

.debug_str      0x00000000     0x44ea
 *(.debug_str)
 .debug_str     0x00000000      0x1a0 .\CortexM3\ARM_GCC_493\Debug\croutine.o
                                0x1e8 (size before relaxing)
 .debug_str     0x000001a0      0x15c .\CortexM3\ARM_GCC_493\Debug\list.o
                                0x337 (size before relaxing)
 .debug_str     0x000002fc      0x5f3 .\CortexM3\ARM_GCC_493\Debug\queue.o
                                0x8c9 (size before relaxing)
 .debug_str     0x000008ef      0xb4c .\CortexM3\ARM_GCC_493\Debug\tasks.o
                                0xf01 (size before relaxing)
 .debug_str     0x0000143b      0x12b .\CortexM3\ARM_GCC_493\Debug\port.o
                                0x39b (size before relaxing)
 .debug_str     0x00001566      0x181 .\CortexM3\ARM_GCC_493\Debug\heap_2.o
                                0x39f (size before relaxing)
 .debug_str     0x000016e7       0xfe .\CortexM3\ARM_GCC_493\Debug\IntQueueTimer.o
                                0x2e4 (size before relaxing)
 .debug_str     0x000017e5      0x130 .\CortexM3\ARM_GCC_493\Debug\main.o
                                0x402 (size before relaxing)
 .debug_str     0x00001915       0xed .\CortexM3\ARM_GCC_493\Debug\Serial.o
                                0x394 (size before relaxing)
 .debug_str     0x00001a02       0xbc .\CortexM3\ARM_GCC_493\Debug\movement.o
                                0x315 (size before relaxing)
 .debug_str     0x00001abe       0xc7 .\CortexM3\ARM_GCC_493\Debug\comtest.o
                                0x319 (size before relaxing)
 .debug_str     0x00001b85       0x75 .\CortexM3\ARM_GCC_493\Debug\cymetadata.o
                                0x223 (size before relaxing)
 .debug_str     0x00001bfa      0x11b .\CortexM3\ARM_GCC_493\Debug\Cm3Start.o
                                0x304 (size before relaxing)
 .debug_str     0x00001d15      0x18c .\CortexM3\ARM_GCC_493\Debug\FreeRTOS_Demo.a(cyfitter_cfg.o)
                                0x365 (size before relaxing)
 .debug_str     0x00001ea1      0x2ba .\CortexM3\ARM_GCC_493\Debug\FreeRTOS_Demo.a(UART_1.o)
                                0x488 (size before relaxing)
 .debug_str     0x0000215b      0x224 .\CortexM3\ARM_GCC_493\Debug\FreeRTOS_Demo.a(isr_UART1_TX_BYTE_COMPLETE.o)
                                0x3f9 (size before relaxing)
 .debug_str     0x0000237f      0x20c .\CortexM3\ARM_GCC_493\Debug\FreeRTOS_Demo.a(isr_UART1_RX_BYTE_RECEIVED.o)
                                0x3f9 (size before relaxing)
 .debug_str     0x0000258b      0x1c8 .\CortexM3\ARM_GCC_493\Debug\FreeRTOS_Demo.a(UART_1_IntClock.o)
                                0x387 (size before relaxing)
 .debug_str     0x00002753      0x7df .\CortexM3\ARM_GCC_493\Debug\FreeRTOS_Demo.a(CyLib.o)
                                0xa17 (size before relaxing)
 .debug_str     0x00002f32      0x365 .\CortexM3\ARM_GCC_493\Debug\FreeRTOS_Demo.a(cyPm.o)
                                0x564 (size before relaxing)
 .debug_str     0x00003297      0x1a9 .\CortexM3\ARM_GCC_493\Debug\FreeRTOS_Demo.a(PWM_M1.o)
                                0x371 (size before relaxing)
 .debug_str     0x00003440      0x10b .\CortexM3\ARM_GCC_493\Debug\FreeRTOS_Demo.a(MClock.o)
                                0x31b (size before relaxing)
 .debug_str     0x0000354b       0x6b .\CortexM3\ARM_GCC_493\Debug\FreeRTOS_Demo.a(M1_FWD.o)
                                0x220 (size before relaxing)
 .debug_str     0x000035b6       0x60 .\CortexM3\ARM_GCC_493\Debug\FreeRTOS_Demo.a(M1_BWD.o)
                                0x220 (size before relaxing)
 .debug_str     0x00003616      0x178 .\CortexM3\ARM_GCC_493\Debug\FreeRTOS_Demo.a(PWM_M2.o)
                                0x371 (size before relaxing)
 .debug_str     0x0000378e       0x60 .\CortexM3\ARM_GCC_493\Debug\FreeRTOS_Demo.a(M2_FWD.o)
                                0x220 (size before relaxing)
 .debug_str     0x000037ee       0x60 .\CortexM3\ARM_GCC_493\Debug\FreeRTOS_Demo.a(M2_BWD.o)
                                0x220 (size before relaxing)
 .debug_str     0x0000384e       0x65 .\CortexM3\ARM_GCC_493\Debug\FreeRTOS_Demo.a(Standby.o)
                                0x225 (size before relaxing)
 .debug_str     0x000038b3      0x111 .\CortexM3\ARM_GCC_493\Debug\FreeRTOS_Demo.a(M1QuadDec.o)
                                0x306 (size before relaxing)
 .debug_str     0x000039c4       0x48 .\CortexM3\ARM_GCC_493\Debug\FreeRTOS_Demo.a(M1QuadDec_INT.o)
                                0x21b (size before relaxing)
 .debug_str     0x00003a0c      0x117 .\CortexM3\ARM_GCC_493\Debug\FreeRTOS_Demo.a(M1Clock.o)
                                0x327 (size before relaxing)
 .debug_str     0x00003b23      0x102 .\CortexM3\ARM_GCC_493\Debug\FreeRTOS_Demo.a(M2QuadDec.o)
                                0x306 (size before relaxing)
 .debug_str     0x00003c25       0x48 .\CortexM3\ARM_GCC_493\Debug\FreeRTOS_Demo.a(M2QuadDec_INT.o)
                                0x21b (size before relaxing)
 .debug_str     0x00003c6d      0x232 .\CortexM3\ARM_GCC_493\Debug\FreeRTOS_Demo.a(M1QuadDec_Cnt16.o)
                                0x416 (size before relaxing)
 .debug_str     0x00003e9f      0x223 .\CortexM3\ARM_GCC_493\Debug\FreeRTOS_Demo.a(M2QuadDec_Cnt16.o)
                                0x416 (size before relaxing)
 .debug_str     0x000040c2      0x17a .\CortexM3\ARM_GCC_493\Debug\FreeRTOS_Demo.a(Timer_1.o)
                                0x35f (size before relaxing)
 .debug_str     0x0000423c       0x51 .\CortexM3\ARM_GCC_493\Debug\FreeRTOS_Demo.a(LED.o)
                                0x211 (size before relaxing)
 .debug_str     0x0000428d      0x13e .\CortexM3\ARM_GCC_493\Debug\FreeRTOS_Demo.a(CyFlash.o)
                                0x323 (size before relaxing)
 .debug_str     0x000043cb      0x11f .\CortexM3\ARM_GCC_493\Debug\FreeRTOS_Demo.a(CySpc.o)
                                0x320 (size before relaxing)

.debug_loc
 *(.debug_loc)

.debug_macinfo
 *(.debug_macinfo)

.debug_ranges   0x00000000     0x1008
 *(.debug_ranges)
 .debug_ranges  0x00000000       0x30 .\CortexM3\ARM_GCC_493\Debug\list.o
 .debug_ranges  0x00000030      0x100 .\CortexM3\ARM_GCC_493\Debug\queue.o
 .debug_ranges  0x00000130      0x1a8 .\CortexM3\ARM_GCC_493\Debug\tasks.o
 .debug_ranges  0x000002d8       0x60 .\CortexM3\ARM_GCC_493\Debug\port.o
 .debug_ranges  0x00000338       0x30 .\CortexM3\ARM_GCC_493\Debug\heap_2.o
 .debug_ranges  0x00000368       0x20 .\CortexM3\ARM_GCC_493\Debug\IntQueueTimer.o
 .debug_ranges  0x00000388       0x38 .\CortexM3\ARM_GCC_493\Debug\main.o
 .debug_ranges  0x000003c0       0x38 .\CortexM3\ARM_GCC_493\Debug\Serial.o
 .debug_ranges  0x000003f8       0x40 .\CortexM3\ARM_GCC_493\Debug\movement.o
 .debug_ranges  0x00000438       0x28 .\CortexM3\ARM_GCC_493\Debug\comtest.o
 .debug_ranges  0x00000460       0x38 .\CortexM3\ARM_GCC_493\Debug\Cm3Start.o
 .debug_ranges  0x00000498       0x50 .\CortexM3\ARM_GCC_493\Debug\FreeRTOS_Demo.a(cyfitter_cfg.o)
 .debug_ranges  0x000004e8       0xe0 .\CortexM3\ARM_GCC_493\Debug\FreeRTOS_Demo.a(UART_1.o)
 .debug_ranges  0x000005c8       0x70 .\CortexM3\ARM_GCC_493\Debug\FreeRTOS_Demo.a(isr_UART1_TX_BYTE_COMPLETE.o)
 .debug_ranges  0x00000638       0x70 .\CortexM3\ARM_GCC_493\Debug\FreeRTOS_Demo.a(isr_UART1_RX_BYTE_RECEIVED.o)
 .debug_ranges  0x000006a8       0x60 .\CortexM3\ARM_GCC_493\Debug\FreeRTOS_Demo.a(UART_1_IntClock.o)
 .debug_ranges  0x00000708      0x290 .\CortexM3\ARM_GCC_493\Debug\FreeRTOS_Demo.a(CyLib.o)
 .debug_ranges  0x00000998       0x88 .\CortexM3\ARM_GCC_493\Debug\FreeRTOS_Demo.a(cyPm.o)
 .debug_ranges  0x00000a20       0x88 .\CortexM3\ARM_GCC_493\Debug\FreeRTOS_Demo.a(PWM_M1.o)
 .debug_ranges  0x00000aa8       0x60 .\CortexM3\ARM_GCC_493\Debug\FreeRTOS_Demo.a(MClock.o)
 .debug_ranges  0x00000b08       0x28 .\CortexM3\ARM_GCC_493\Debug\FreeRTOS_Demo.a(M1_FWD.o)
 .debug_ranges  0x00000b30       0x28 .\CortexM3\ARM_GCC_493\Debug\FreeRTOS_Demo.a(M1_BWD.o)
 .debug_ranges  0x00000b58       0x88 .\CortexM3\ARM_GCC_493\Debug\FreeRTOS_Demo.a(PWM_M2.o)
 .debug_ranges  0x00000be0       0x28 .\CortexM3\ARM_GCC_493\Debug\FreeRTOS_Demo.a(M2_FWD.o)
 .debug_ranges  0x00000c08       0x28 .\CortexM3\ARM_GCC_493\Debug\FreeRTOS_Demo.a(M2_BWD.o)
 .debug_ranges  0x00000c30       0x28 .\CortexM3\ARM_GCC_493\Debug\FreeRTOS_Demo.a(Standby.o)
 .debug_ranges  0x00000c58       0x50 .\CortexM3\ARM_GCC_493\Debug\FreeRTOS_Demo.a(M1QuadDec.o)
 .debug_ranges  0x00000ca8       0x10 .\CortexM3\ARM_GCC_493\Debug\FreeRTOS_Demo.a(M1QuadDec_INT.o)
 .debug_ranges  0x00000cb8       0x60 .\CortexM3\ARM_GCC_493\Debug\FreeRTOS_Demo.a(M1Clock.o)
 .debug_ranges  0x00000d18       0x50 .\CortexM3\ARM_GCC_493\Debug\FreeRTOS_Demo.a(M2QuadDec.o)
 .debug_ranges  0x00000d68       0x10 .\CortexM3\ARM_GCC_493\Debug\FreeRTOS_Demo.a(M2QuadDec_INT.o)
 .debug_ranges  0x00000d78       0x88 .\CortexM3\ARM_GCC_493\Debug\FreeRTOS_Demo.a(M1QuadDec_Cnt16.o)
 .debug_ranges  0x00000e00       0x88 .\CortexM3\ARM_GCC_493\Debug\FreeRTOS_Demo.a(M2QuadDec_Cnt16.o)
 .debug_ranges  0x00000e88       0x80 .\CortexM3\ARM_GCC_493\Debug\FreeRTOS_Demo.a(Timer_1.o)
 .debug_ranges  0x00000f08       0x28 .\CortexM3\ARM_GCC_493\Debug\FreeRTOS_Demo.a(LED.o)
 .debug_ranges  0x00000f30       0x70 .\CortexM3\ARM_GCC_493\Debug\FreeRTOS_Demo.a(CyFlash.o)
 .debug_ranges  0x00000fa0       0x68 .\CortexM3\ARM_GCC_493\Debug\FreeRTOS_Demo.a(CySpc.o)

.comment        0x00000000       0x70
 .comment       0x00000000       0x70 .\CortexM3\ARM_GCC_493\Debug\croutine.o
                                 0x71 (size before relaxing)
 .comment       0x00000000       0x71 .\CortexM3\ARM_GCC_493\Debug\list.o
 .comment       0x00000000       0x71 .\CortexM3\ARM_GCC_493\Debug\queue.o
 .comment       0x00000000       0x71 .\CortexM3\ARM_GCC_493\Debug\tasks.o
 .comment       0x00000000       0x71 .\CortexM3\ARM_GCC_493\Debug\port.o
 .comment       0x00000000       0x71 .\CortexM3\ARM_GCC_493\Debug\heap_2.o
 .comment       0x00000000       0x71 .\CortexM3\ARM_GCC_493\Debug\IntQueueTimer.o
 .comment       0x00000000       0x71 .\CortexM3\ARM_GCC_493\Debug\main.o
 .comment       0x00000000       0x71 .\CortexM3\ARM_GCC_493\Debug\Serial.o
 .comment       0x00000000       0x71 .\CortexM3\ARM_GCC_493\Debug\movement.o
 .comment       0x00000000       0x71 .\CortexM3\ARM_GCC_493\Debug\comtest.o
 .comment       0x00000000       0x71 .\CortexM3\ARM_GCC_493\Debug\cymetadata.o
 .comment       0x00000000       0x71 .\CortexM3\ARM_GCC_493\Debug\Cm3Start.o
 .comment       0x00000000       0x71 .\CortexM3\ARM_GCC_493\Debug\FreeRTOS_Demo.a(cyfitter_cfg.o)
 .comment       0x00000000       0x71 .\CortexM3\ARM_GCC_493\Debug\FreeRTOS_Demo.a(UART_1.o)
 .comment       0x00000000       0x71 .\CortexM3\ARM_GCC_493\Debug\FreeRTOS_Demo.a(isr_UART1_TX_BYTE_COMPLETE.o)
 .comment       0x00000000       0x71 .\CortexM3\ARM_GCC_493\Debug\FreeRTOS_Demo.a(isr_UART1_RX_BYTE_RECEIVED.o)
 .comment       0x00000000       0x71 .\CortexM3\ARM_GCC_493\Debug\FreeRTOS_Demo.a(UART_1_IntClock.o)
 .comment       0x00000000       0x71 .\CortexM3\ARM_GCC_493\Debug\FreeRTOS_Demo.a(CyLib.o)
 .comment       0x00000000       0x71 .\CortexM3\ARM_GCC_493\Debug\FreeRTOS_Demo.a(cyPm.o)
 .comment       0x00000000       0x71 .\CortexM3\ARM_GCC_493\Debug\FreeRTOS_Demo.a(PWM_M1.o)
 .comment       0x00000000       0x71 .\CortexM3\ARM_GCC_493\Debug\FreeRTOS_Demo.a(MClock.o)
 .comment       0x00000000       0x71 .\CortexM3\ARM_GCC_493\Debug\FreeRTOS_Demo.a(M1_FWD.o)
 .comment       0x00000000       0x71 .\CortexM3\ARM_GCC_493\Debug\FreeRTOS_Demo.a(M1_BWD.o)
 .comment       0x00000000       0x71 .\CortexM3\ARM_GCC_493\Debug\FreeRTOS_Demo.a(PWM_M2.o)
 .comment       0x00000000       0x71 .\CortexM3\ARM_GCC_493\Debug\FreeRTOS_Demo.a(M2_FWD.o)
 .comment       0x00000000       0x71 .\CortexM3\ARM_GCC_493\Debug\FreeRTOS_Demo.a(M2_BWD.o)
 .comment       0x00000000       0x71 .\CortexM3\ARM_GCC_493\Debug\FreeRTOS_Demo.a(Standby.o)
 .comment       0x00000000       0x71 .\CortexM3\ARM_GCC_493\Debug\FreeRTOS_Demo.a(M1QuadDec.o)
 .comment       0x00000000       0x71 .\CortexM3\ARM_GCC_493\Debug\FreeRTOS_Demo.a(M1QuadDec_INT.o)
 .comment       0x00000000       0x71 .\CortexM3\ARM_GCC_493\Debug\FreeRTOS_Demo.a(M1Clock.o)
 .comment       0x00000000       0x71 .\CortexM3\ARM_GCC_493\Debug\FreeRTOS_Demo.a(M2QuadDec.o)
 .comment       0x00000000       0x71 .\CortexM3\ARM_GCC_493\Debug\FreeRTOS_Demo.a(M2QuadDec_INT.o)
 .comment       0x00000000       0x71 .\CortexM3\ARM_GCC_493\Debug\FreeRTOS_Demo.a(M1QuadDec_Cnt16.o)
 .comment       0x00000000       0x71 .\CortexM3\ARM_GCC_493\Debug\FreeRTOS_Demo.a(M2QuadDec_Cnt16.o)
 .comment       0x00000000       0x71 .\CortexM3\ARM_GCC_493\Debug\FreeRTOS_Demo.a(Timer_1.o)
 .comment       0x00000000       0x71 .\CortexM3\ARM_GCC_493\Debug\FreeRTOS_Demo.a(LED.o)
 .comment       0x00000000       0x71 .\CortexM3\ARM_GCC_493\Debug\FreeRTOS_Demo.a(CyFlash.o)
 .comment       0x00000000       0x71 .\CortexM3\ARM_GCC_493\Debug\FreeRTOS_Demo.a(CySpc.o)

.debug_weaknames
 *(.debug_weaknames)

.debug_funcnames
 *(.debug_funcnames)

.debug_typenames
 *(.debug_typenames)
